Archive member included to satisfy reference by file (symbol)

c:/ac6/systemworkbench/plugins/fr.ac6.mcu.externaltools.arm-none.win32_1.15.0.201708311556/tools/compiler/bin/../lib/gcc/arm-none-eabi/6.3.1/thumb/v7e-m/fpv4-sp/hard\libgcc.a(_arm_addsubdf3.o)
                              Src/main.o (__aeabi_f2d)
c:/ac6/systemworkbench/plugins/fr.ac6.mcu.externaltools.arm-none.win32_1.15.0.201708311556/tools/compiler/bin/../lib/gcc/arm-none-eabi/6.3.1/thumb/v7e-m/fpv4-sp/hard\libgcc.a(_aeabi_uldivmod.o)
                              Drivers/STM32F4xx_HAL_Driver/Src/stm32f4xx_hal_rcc.o (__aeabi_uldivmod)
c:/ac6/systemworkbench/plugins/fr.ac6.mcu.externaltools.arm-none.win32_1.15.0.201708311556/tools/compiler/bin/../lib/gcc/arm-none-eabi/6.3.1/thumb/v7e-m/fpv4-sp/hard\libgcc.a(_udivmoddi4.o)
                              c:/ac6/systemworkbench/plugins/fr.ac6.mcu.externaltools.arm-none.win32_1.15.0.201708311556/tools/compiler/bin/../lib/gcc/arm-none-eabi/6.3.1/thumb/v7e-m/fpv4-sp/hard\libgcc.a(_aeabi_uldivmod.o) (__udivmoddi4)
c:/ac6/systemworkbench/plugins/fr.ac6.mcu.externaltools.arm-none.win32_1.15.0.201708311556/tools/compiler/bin/../lib/gcc/arm-none-eabi/6.3.1/thumb/v7e-m/fpv4-sp/hard\libgcc.a(_dvmd_tls.o)
                              c:/ac6/systemworkbench/plugins/fr.ac6.mcu.externaltools.arm-none.win32_1.15.0.201708311556/tools/compiler/bin/../lib/gcc/arm-none-eabi/6.3.1/thumb/v7e-m/fpv4-sp/hard\libgcc.a(_aeabi_uldivmod.o) (__aeabi_ldiv0)
c:/ac6/systemworkbench/plugins/fr.ac6.mcu.externaltools.arm-none.win32_1.15.0.201708311556/tools/compiler/bin/../lib/gcc/arm-none-eabi/6.3.1/../../../../arm-none-eabi/lib/thumb/v7e-m/fpv4-sp/hard\libc_nano.a(lib_a-atoi.o)
                              Src/main.o (atoi)
c:/ac6/systemworkbench/plugins/fr.ac6.mcu.externaltools.arm-none.win32_1.15.0.201708311556/tools/compiler/bin/../lib/gcc/arm-none-eabi/6.3.1/../../../../arm-none-eabi/lib/thumb/v7e-m/fpv4-sp/hard\libc_nano.a(lib_a-exit.o)
                              c:/ac6/systemworkbench/plugins/fr.ac6.mcu.externaltools.arm-none.win32_1.15.0.201708311556/tools/compiler/bin/../lib/gcc/arm-none-eabi/6.3.1/../../../../arm-none-eabi/lib/thumb/v7e-m/fpv4-sp/hard/crt0.o (exit)
c:/ac6/systemworkbench/plugins/fr.ac6.mcu.externaltools.arm-none.win32_1.15.0.201708311556/tools/compiler/bin/../lib/gcc/arm-none-eabi/6.3.1/../../../../arm-none-eabi/lib/thumb/v7e-m/fpv4-sp/hard\libc_nano.a(lib_a-impure.o)
                              c:/ac6/systemworkbench/plugins/fr.ac6.mcu.externaltools.arm-none.win32_1.15.0.201708311556/tools/compiler/bin/../lib/gcc/arm-none-eabi/6.3.1/../../../../arm-none-eabi/lib/thumb/v7e-m/fpv4-sp/hard\libc_nano.a(lib_a-exit.o) (_global_impure_ptr)
c:/ac6/systemworkbench/plugins/fr.ac6.mcu.externaltools.arm-none.win32_1.15.0.201708311556/tools/compiler/bin/../lib/gcc/arm-none-eabi/6.3.1/../../../../arm-none-eabi/lib/thumb/v7e-m/fpv4-sp/hard\libc_nano.a(lib_a-init.o)
                              c:/ac6/systemworkbench/plugins/fr.ac6.mcu.externaltools.arm-none.win32_1.15.0.201708311556/tools/compiler/bin/../lib/gcc/arm-none-eabi/6.3.1/../../../../arm-none-eabi/lib/thumb/v7e-m/fpv4-sp/hard/crt0.o (__libc_init_array)
c:/ac6/systemworkbench/plugins/fr.ac6.mcu.externaltools.arm-none.win32_1.15.0.201708311556/tools/compiler/bin/../lib/gcc/arm-none-eabi/6.3.1/../../../../arm-none-eabi/lib/thumb/v7e-m/fpv4-sp/hard\libc_nano.a(lib_a-malloc.o)
                              Middlewares/ST/STM32_USB_Device_Library/Class/CDC/Src/usbd_cdc.o (malloc)
c:/ac6/systemworkbench/plugins/fr.ac6.mcu.externaltools.arm-none.win32_1.15.0.201708311556/tools/compiler/bin/../lib/gcc/arm-none-eabi/6.3.1/../../../../arm-none-eabi/lib/thumb/v7e-m/fpv4-sp/hard\libc_nano.a(lib_a-memset.o)
                              c:/ac6/systemworkbench/plugins/fr.ac6.mcu.externaltools.arm-none.win32_1.15.0.201708311556/tools/compiler/bin/../lib/gcc/arm-none-eabi/6.3.1/../../../../arm-none-eabi/lib/thumb/v7e-m/fpv4-sp/hard/crt0.o (memset)
c:/ac6/systemworkbench/plugins/fr.ac6.mcu.externaltools.arm-none.win32_1.15.0.201708311556/tools/compiler/bin/../lib/gcc/arm-none-eabi/6.3.1/../../../../arm-none-eabi/lib/thumb/v7e-m/fpv4-sp/hard\libc_nano.a(lib_a-nano-freer.o)
                              c:/ac6/systemworkbench/plugins/fr.ac6.mcu.externaltools.arm-none.win32_1.15.0.201708311556/tools/compiler/bin/../lib/gcc/arm-none-eabi/6.3.1/../../../../arm-none-eabi/lib/thumb/v7e-m/fpv4-sp/hard\libc_nano.a(lib_a-malloc.o) (_free_r)
c:/ac6/systemworkbench/plugins/fr.ac6.mcu.externaltools.arm-none.win32_1.15.0.201708311556/tools/compiler/bin/../lib/gcc/arm-none-eabi/6.3.1/../../../../arm-none-eabi/lib/thumb/v7e-m/fpv4-sp/hard\libc_nano.a(lib_a-nano-mallocr.o)
                              c:/ac6/systemworkbench/plugins/fr.ac6.mcu.externaltools.arm-none.win32_1.15.0.201708311556/tools/compiler/bin/../lib/gcc/arm-none-eabi/6.3.1/../../../../arm-none-eabi/lib/thumb/v7e-m/fpv4-sp/hard\libc_nano.a(lib_a-malloc.o) (_malloc_r)
[...]
Memory Configuration

Name             Origin             Length             Attributes
RAM              0x20000000         0x00020000         xrw
FLASH            0x08000000         0x00080000         xr
*default*        0x00000000         0xffffffff

Linker script and memory map

LOAD c:/ac6/systemworkbench/plugins/fr.ac6.mcu.externaltools.arm-none.win32_1.15.0.201708311556/tools/compiler/bin/../lib/gcc/arm-none-eabi/6.3.1/thumb/v7e-m/fpv4-sp/hard/crti.o
LOAD c:/ac6/systemworkbench/plugins/fr.ac6.mcu.externaltools.arm-none.win32_1.15.0.201708311556/tools/compiler/bin/../lib/gcc/arm-none-eabi/6.3.1/thumb/v7e-m/fpv4-sp/hard/crtbegin.o
LOAD c:/ac6/systemworkbench/plugins/fr.ac6.mcu.externaltools.arm-none.win32_1.15.0.201708311556/tools/compiler/bin/../lib/gcc/arm-none-eabi/6.3.1/../../../../arm-none-eabi/lib/thumb/v7e-m/fpv4-sp/hard/crt0.o
LOAD Drivers/STM32F4xx_HAL_Driver/Src/stm32f4xx_hal.o
LOAD Drivers/STM32F4xx_HAL_Driver/Src/stm32f4xx_hal_cortex.o
LOAD Drivers/STM32F4xx_HAL_Driver/Src/stm32f4xx_hal_dma.o
LOAD Drivers/STM32F4xx_HAL_Driver/Src/stm32f4xx_hal_dma_ex.o
LOAD Drivers/STM32F4xx_HAL_Driver/Src/stm32f4xx_hal_flash.o
LOAD Drivers/STM32F4xx_HAL_Driver/Src/stm32f4xx_hal_flash_ex.o
LOAD Drivers/STM32F4xx_HAL_Driver/Src/stm32f4xx_hal_flash_ramfunc.o
LOAD Drivers/STM32F4xx_HAL_Driver/Src/stm32f4xx_hal_gpio.o
LOAD Drivers/STM32F4xx_HAL_Driver/Src/stm32f4xx_hal_i2c.o
LOAD Drivers/STM32F4xx_HAL_Driver/Src/stm32f4xx_hal_i2c_ex.o
LOAD Drivers/STM32F4xx_HAL_Driver/Src/stm32f4xx_hal_pcd.o
LOAD Drivers/STM32F4xx_HAL_Driver/Src/stm32f4xx_hal_pcd_ex.o
LOAD Drivers/STM32F4xx_HAL_Driver/Src/stm32f4xx_hal_pwr.o
LOAD Drivers/STM32F4xx_HAL_Driver/Src/stm32f4xx_hal_pwr_ex.o
LOAD Drivers/STM32F4xx_HAL_Driver/Src/stm32f4xx_hal_rcc.o
LOAD Drivers/STM32F4xx_HAL_Driver/Src/stm32f4xx_hal_rcc_ex.o
LOAD Drivers/STM32F4xx_HAL_Driver/Src/stm32f4xx_hal_spi.o
LOAD Drivers/STM32F4xx_HAL_Driver/Src/stm32f4xx_hal_tim.o
LOAD Drivers/STM32F4xx_HAL_Driver/Src/stm32f4xx_hal_tim_ex.o
LOAD Drivers/STM32F4xx_HAL_Driver/Src/stm32f4xx_hal_uart.o
LOAD Drivers/STM32F4xx_HAL_Driver/Src/stm32f4xx_ll_usb.o
LOAD Middlewares/ST/STM32_USB_Device_Library/Class/CDC/Src/usbd_cdc.o
LOAD Middlewares/ST/STM32_USB_Device_Library/Core/Src/usbd_core.o
LOAD Middlewares/ST/STM32_USB_Device_Library/Core/Src/usbd_ctlreq.o
LOAD Middlewares/ST/STM32_USB_Device_Library/Core/Src/usbd_ioreq.o
LOAD Src/fsm.o
LOAD Src/l3gd20.o
LOAD Src/lsm303dlhc.o
LOAD Src/main.o
LOAD Src/ring_buf.o
LOAD Src/stm32f411e_discovery.o
LOAD Src/stm32f411e_discovery_accelerometer.o
LOAD Src/stm32f411e_discovery_gyroscope.o
LOAD Src/stm32f4xx_hal_msp.o
LOAD Src/stm32f4xx_it.o
LOAD Src/system_stm32f4xx.o
LOAD Src/usb_device.o
LOAD Src/usbd_cdc_if.o
LOAD Src/usbd_conf.o
LOAD Src/usbd_desc.o
LOAD startup/startup_stm32f411xe.o
LOAD c:/ac6/systemworkbench/plugins/fr.ac6.mcu.externaltools.arm-none.win32_1.15.0.201708311556/tools/compiler/bin/../lib/gcc/arm-none-eabi/6.3.1/../../../../arm-none-eabi/lib/thumb/v7e-m/fpv4-sp/hard\libm.a
START GROUP
LOAD c:/ac6/systemworkbench/plugins/fr.ac6.mcu.externaltools.arm-none.win32_1.15.0.201708311556/tools/compiler/bin/../lib/gcc/arm-none-eabi/6.3.1/thumb/v7e-m/fpv4-sp/hard\libgcc.a
LOAD c:/ac6/systemworkbench/plugins/fr.ac6.mcu.externaltools.arm-none.win32_1.15.0.201708311556/tools/compiler/bin/../lib/gcc/arm-none-eabi/6.3.1/../../../../arm-none-eabi/lib/thumb/v7e-m/fpv4-sp/hard\libc_nano.a
END GROUP
START GROUP
LOAD c:/ac6/systemworkbench/plugins/fr.ac6.mcu.externaltools.arm-none.win32_1.15.0.201708311556/tools/compiler/bin/../lib/gcc/arm-none-eabi/6.3.1/thumb/v7e-m/fpv4-sp/hard\libgcc.a
LOAD c:/ac6/systemworkbench/plugins/fr.ac6.mcu.externaltools.arm-none.win32_1.15.0.201708311556/tools/compiler/bin/../lib/gcc/arm-none-eabi/6.3.1/../../../../arm-none-eabi/lib/thumb/v7e-m/fpv4-sp/hard\libc_nano.a
LOAD c:/ac6/systemworkbench/plugins/fr.ac6.mcu.externaltools.arm-none.win32_1.15.0.201708311556/tools/compiler/bin/../lib/gcc/arm-none-eabi/6.3.1/../../../../arm-none-eabi/lib/thumb/v7e-m/fpv4-sp/hard\libnosys.a
END GROUP
START GROUP
LOAD c:/ac6/systemworkbench/plugins/fr.ac6.mcu.externaltools.arm-none.win32_1.15.0.201708311556/tools/compiler/bin/../lib/gcc/arm-none-eabi/6.3.1/thumb/v7e-m/fpv4-sp/hard\libgcc.a
LOAD c:/ac6/systemworkbench/plugins/fr.ac6.mcu.externaltools.arm-none.win32_1.15.0.201708311556/tools/compiler/bin/../lib/gcc/arm-none-eabi/6.3.1/../../../../arm-none-eabi/lib/thumb/v7e-m/fpv4-sp/hard\libc_nano.a
LOAD c:/ac6/systemworkbench/plugins/fr.ac6.mcu.externaltools.arm-none.win32_1.15.0.201708311556/tools/compiler/bin/../lib/gcc/arm-none-eabi/6.3.1/../../../../arm-none-eabi/lib/thumb/v7e-m/fpv4-sp/hard\libnosys.a
END GROUP
LOAD c:/ac6/systemworkbench/plugins/fr.ac6.mcu.externaltools.arm-none.win32_1.15.0.201708311556/tools/compiler/bin/../lib/gcc/arm-none-eabi/6.3.1/thumb/v7e-m/fpv4-sp/hard/crtend.o
LOAD c:/ac6/systemworkbench/plugins/fr.ac6.mcu.externaltools.arm-none.win32_1.15.0.201708311556/tools/compiler/bin/../lib/gcc/arm-none-eabi/6.3.1/thumb/v7e-m/fpv4-sp/hard/crtn.o
                0x20020000                _estack = 0x20020000
                0x00000200                _Min_Heap_Size = 0x200
                0x00000400                _Min_Stack_Size = 0x400

.isr_vector     0x08000000      0x198
                0x08000000                . = ALIGN (0x4)
 *(.isr_vector)
 .isr_vector    0x08000000      0x198 startup/startup_stm32f411xe.o
                0x08000000                g_pfnVectors
                0x08000198                . = ALIGN (0x4)

.text           0x080001a0     0x9104
                0x080001a0                . = ALIGN (0x4)
 *(.text)
 .text          0x080001a0       0x6c c:/ac6/systemworkbench/plugins/fr.ac6.mcu.externaltools.arm-none.win32_1.15.0.201708311556/tools/compiler/bin/../lib/gcc/arm-none-eabi/6.3.1/thumb/v7e-m/fpv4-sp/hard/crtbegin.o
 .text          0x0800020c      0x370 c:/ac6/systemworkbench/plugins/fr.ac6.mcu.externaltools.arm-none.win32_1.15.0.201708311556/tools/compiler/bin/../lib/gcc/arm-none-eabi/6.3.1/thumb/v7e-m/fpv4-sp/hard\libgcc.a(_arm_addsubdf3.o)
                0x0800020c                __aeabi_drsub
                0x08000214                __aeabi_dsub
                0x08000214                __subdf3
                0x08000218                __aeabi_dadd
                0x08000218                __adddf3
                0x08000490                __floatunsidf
                0x08000490                __aeabi_ui2d
                0x080004b0                __floatsidf
                0x080004b0                __aeabi_i2d
                0x080004d4                __aeabi_f2d
                0x080004d4                __extendsfdf2
                0x08000510                __floatundidf
                0x08000510                __aeabi_ul2d
                0x08000520                __floatdidf
                0x08000520                __aeabi_l2d
 .text          0x0800057c       0x30 c:/ac6/systemworkbench/plugins/fr.ac6.mcu.externaltools.arm-none.win32_1.15.0.201708311556/tools/compiler/bin/../lib/gcc/arm-none-eabi/6.3.1/thumb/v7e-m/fpv4-sp/hard\libgcc.a(_aeabi_uldivmod.o)
                0x0800057c                __aeabi_uldivmod
 .text          0x080005ac      0x2dc c:/ac6/systemworkbench/plugins/fr.ac6.mcu.externaltools.arm-none.win32_1.15.0.201708311556/tools/compiler/bin/../lib/gcc/arm-none-eabi/6.3.1/thumb/v7e-m/fpv4-sp/hard\libgcc.a(_udivmoddi4.o)
                0x080005ac                __udivmoddi4
 .text          0x08000888        0x4 c:/ac6/systemworkbench/plugins/fr.ac6.mcu.externaltools.arm-none.win32_1.15.0.201708311556/tools/compiler/bin/../lib/gcc/arm-none-eabi/6.3.1/thumb/v7e-m/fpv4-sp/hard\libgcc.a(_dvmd_tls.o)
                0x08000888                __aeabi_idiv0
                0x08000888                __aeabi_ldiv0
 .text          0x0800088c       0x10 c:/ac6/systemworkbench/plugins/fr.ac6.mcu.externaltools.arm-none.win32_1.15.0.201708311556/tools/compiler/bin/../lib/gcc/arm-none-eabi/6.3.1/../../../../arm-none-eabi/lib/thumb/v7e-m/fpv4-sp/hard\libc_nano.a(lib_a-strlen.o)
                0x0800088c                strlen
 *fill*         0x0800089c        0x4 
 .text          0x080008a0       0xa0 c:/ac6/systemworkbench/plugins/fr.ac6.mcu.externaltools.arm-none.win32_1.15.0.201708311556/tools/compiler/bin/../lib/gcc/arm-none-eabi/6.3.1/../../../../arm-none-eabi/lib/thumb/v7e-m/fpv4-sp/hard\libc_nano.a(lib_a-memchr.o)
                0x080008a0                memchr
 .text          0x08000940      0x424 c:/ac6/systemworkbench/plugins/fr.ac6.mcu.externaltools.arm-none.win32_1.15.0.201708311556/tools/compiler/bin/../lib/gcc/arm-none-eabi/6.3.1/thumb/v7e-m/fpv4-sp/hard\libgcc.a(_arm_muldivdf3.o)
                0x08000940                __aeabi_dmul
                0x08000940                __muldf3
                0x08000b94                __divdf3
                0x08000b94                __aeabi_ddiv
 .text          0x08000d64      0x110 c:/ac6/systemworkbench/plugins/fr.ac6.mcu.externaltools.arm-none.win32_1.15.0.201708311556/tools/compiler/bin/../lib/gcc/arm-none-eabi/6.3.1/thumb/v7e-m/fpv4-sp/hard\libgcc.a(_arm_cmpdf2.o)
                0x08000d64                __gtdf2
                0x08000d64                __gedf2
                0x08000d6c                __ltdf2
                0x08000d6c                __ledf2
                0x08000d74                __nedf2
                0x08000d74                __eqdf2
                0x08000d74                __cmpdf2
                0x08000df0                __aeabi_cdrcmple
                0x08000e00                __aeabi_cdcmpeq
                0x08000e00                __aeabi_cdcmple
                0x08000e10                __aeabi_dcmpeq
                0x08000e24                __aeabi_dcmplt
                0x08000e38                __aeabi_dcmple
                0x08000e4c                __aeabi_dcmpge
                0x08000e60                __aeabi_dcmpgt
 .text          0x08000e74       0x2c c:/ac6/systemworkbench/plugins/fr.ac6.mcu.externaltools.arm-none.win32_1.15.0.201708311556/tools/compiler/bin/../lib/gcc/arm-none-eabi/6.3.1/thumb/v7e-m/fpv4-sp/hard\libgcc.a(_arm_unorddf2.o)
                0x08000e74                __unorddf2
                0x08000e74                __aeabi_dcmpun
 .text          0x08000ea0       0x50 c:/ac6/systemworkbench/plugins/fr.ac6.mcu.externaltools.arm-none.win32_1.15.0.201708311556/tools/compiler/bin/../lib/gcc/arm-none-eabi/6.3.1/thumb/v7e-m/fpv4-sp/hard\libgcc.a(_arm_fixdfsi.o)
                0x08000ea0                __aeabi_d2iz
                0x08000ea0                __fixdfsi
 *(.text*)
 .text.HAL_InitTick
                0x08000ef0       0x48 Drivers/STM32F4xx_HAL_Driver/Src/stm32f4xx_hal.o
                0x08000ef0                HAL_InitTick
 .text.HAL_Init
                0x08000f38       0x34 Drivers/STM32F4xx_HAL_Driver/Src/stm32f4xx_hal.o
                0x08000f38                HAL_Init
 .text.HAL_IncTick
                0x08000f6c       0x18 Drivers/STM32F4xx_HAL_Driver/Src/stm32f4xx_hal.o
                0x08000f6c                HAL_IncTick
 .text.HAL_GetTick
                0x08000f84        0xc Drivers/STM32F4xx_HAL_Driver/Src/stm32f4xx_hal.o
                0x08000f84                HAL_GetTick
 .text.HAL_Delay
                0x08000f90       0x28 Drivers/STM32F4xx_HAL_Driver/Src/stm32f4xx_hal.o
                0x08000f90                HAL_Delay
 .text.HAL_NVIC_SetPriorityGrouping
                0x08000fb8       0x24 Drivers/STM32F4xx_HAL_Driver/Src/stm32f4xx_hal_cortex.o
                0x08000fb8                HAL_NVIC_SetPriorityGrouping
 .text.HAL_NVIC_SetPriority
                0x08000fdc       0x64 Drivers/STM32F4xx_HAL_Driver/Src/stm32f4xx_hal_cortex.o
                0x08000fdc                HAL_NVIC_SetPriority
 .text.HAL_NVIC_EnableIRQ
                0x08001040       0x18 Drivers/STM32F4xx_HAL_Driver/Src/stm32f4xx_hal_cortex.o
                0x08001040                HAL_NVIC_EnableIRQ
 .text.HAL_SYSTICK_Config
                0x08001058       0x2c Drivers/STM32F4xx_HAL_Driver/Src/stm32f4xx_hal_cortex.o
                0x08001058                HAL_SYSTICK_Config
 .text.HAL_SYSTICK_CLKSourceConfig
                0x08001084       0x20 Drivers/STM32F4xx_HAL_Driver/Src/stm32f4xx_hal_cortex.o
                0x08001084                HAL_SYSTICK_CLKSourceConfig
 .text.HAL_SYSTICK_IRQHandler
                0x080010a4        0x8 Drivers/STM32F4xx_HAL_Driver/Src/stm32f4xx_hal_cortex.o
                0x080010a4                HAL_SYSTICK_IRQHandler
 .text.HAL_DMA_Abort_IT
                0x080010ac       0x26 Drivers/STM32F4xx_HAL_Driver/Src/stm32f4xx_hal_dma.o
                0x080010ac                HAL_DMA_Abort_IT
 *fill*         0x080010d2        0x2 
 .text.HAL_GPIO_Init
                0x080010d4      0x1a8 Drivers/STM32F4xx_HAL_Driver/Src/stm32f4xx_hal_gpio.o
                0x080010d4                HAL_GPIO_Init
 .text.HAL_GPIO_DeInit
                0x0800127c       0xfc Drivers/STM32F4xx_HAL_Driver/Src/stm32f4xx_hal_gpio.o
                0x0800127c                HAL_GPIO_DeInit
 .text.HAL_GPIO_WritePin
                0x08001378        0xc Drivers/STM32F4xx_HAL_Driver/Src/stm32f4xx_hal_gpio.o
                0x08001378                HAL_GPIO_WritePin
 .text.I2C_IsAcknowledgeFailed
                0x08001384       0x2a Drivers/STM32F4xx_HAL_Driver/Src/stm32f4xx_hal_i2c.o
 .text.I2C_WaitOnFlagUntilTimeout
                0x080013ae       0x68 Drivers/STM32F4xx_HAL_Driver/Src/stm32f4xx_hal_i2c.o
 .text.I2C_WaitOnMasterAddressFlagUntilTimeout
                0x08001416       0x90 Drivers/STM32F4xx_HAL_Driver/Src/stm32f4xx_hal_i2c.o
 .text.I2C_WaitOnTXEFlagUntilTimeout
                0x080014a6       0x4e Drivers/STM32F4xx_HAL_Driver/Src/stm32f4xx_hal_i2c.o
 .text.I2C_RequestMemoryWrite
                0x080014f4       0xd4 Drivers/STM32F4xx_HAL_Driver/Src/stm32f4xx_hal_i2c.o
 .text.I2C_RequestMemoryRead
                0x080015c8      0x148 Drivers/STM32F4xx_HAL_Driver/Src/stm32f4xx_hal_i2c.o
 .text.I2C_WaitOnBTFFlagUntilTimeout
                0x08001710       0x4e Drivers/STM32F4xx_HAL_Driver/Src/stm32f4xx_hal_i2c.o
 .text.I2C_WaitOnRXNEFlagUntilTimeout
                0x0800175e       0x5c Drivers/STM32F4xx_HAL_Driver/Src/stm32f4xx_hal_i2c.o
 *fill*         0x080017ba        0x2 
 .text.HAL_I2C_Init
                0x080017bc      0x11c Drivers/STM32F4xx_HAL_Driver/Src/stm32f4xx_hal_i2c.o
                0x080017bc                HAL_I2C_Init
 .text.HAL_I2C_DeInit
                0x080018d8       0x32 Drivers/STM32F4xx_HAL_Driver/Src/stm32f4xx_hal_i2c.o
                0x080018d8                HAL_I2C_DeInit
 *fill*         0x0800190a        0x2 
 .text.HAL_I2C_Mem_Write
                0x0800190c      0x17c Drivers/STM32F4xx_HAL_Driver/Src/stm32f4xx_hal_i2c.o
                0x0800190c                HAL_I2C_Mem_Write
 .text.HAL_I2C_Mem_Read
                0x08001a88      0x2f4 Drivers/STM32F4xx_HAL_Driver/Src/stm32f4xx_hal_i2c.o
                0x08001a88                HAL_I2C_Mem_Read
 .text.HAL_I2C_GetState
                0x08001d7c        0x6 Drivers/STM32F4xx_HAL_Driver/Src/stm32f4xx_hal_i2c.o
                0x08001d7c                HAL_I2C_GetState
 .text.PCD_WriteEmptyTxFifo
                0x08001d82       0xac Drivers/STM32F4xx_HAL_Driver/Src/stm32f4xx_hal_pcd.o
 .text.HAL_PCD_Init
                0x08001e2e       0xe0 Drivers/STM32F4xx_HAL_Driver/Src/stm32f4xx_hal_pcd.o
                0x08001e2e                HAL_PCD_Init
 .text.HAL_PCD_Start
                0x08001f0e       0x2a Drivers/STM32F4xx_HAL_Driver/Src/stm32f4xx_hal_pcd.o
                0x08001f0e                HAL_PCD_Start
 .text.HAL_PCD_IRQHandler
                0x08001f38      0x5c4 Drivers/STM32F4xx_HAL_Driver/Src/stm32f4xx_hal_pcd.o
                0x08001f38                HAL_PCD_IRQHandler
 .text.HAL_PCD_SetAddress
                0x080024fc       0x24 Drivers/STM32F4xx_HAL_Driver/Src/stm32f4xx_hal_pcd.o
                0x080024fc                HAL_PCD_SetAddress
 .text.HAL_PCD_EP_Open
                0x08002520       0x68 Drivers/STM32F4xx_HAL_Driver/Src/stm32f4xx_hal_pcd.o
                0x08002520                HAL_PCD_EP_Open
 .text.HAL_PCD_EP_Close
                0x08002588       0x56 Drivers/STM32F4xx_HAL_Driver/Src/stm32f4xx_hal_pcd.o
                0x08002588                HAL_PCD_EP_Close
 .text.HAL_PCD_EP_Receive
                0x080025de       0x5a Drivers/STM32F4xx_HAL_Driver/Src/stm32f4xx_hal_pcd.o
                0x080025de                HAL_PCD_EP_Receive
 .text.HAL_PCD_EP_GetRxCount
                0x08002638       0x12 Drivers/STM32F4xx_HAL_Driver/Src/stm32f4xx_hal_pcd.o
                0x08002638                HAL_PCD_EP_GetRxCount
 .text.HAL_PCD_EP_Transmit
                0x0800264a       0x52 Drivers/STM32F4xx_HAL_Driver/Src/stm32f4xx_hal_pcd.o
                0x0800264a                HAL_PCD_EP_Transmit
 .text.HAL_PCD_EP_SetStall
                0x0800269c       0x66 Drivers/STM32F4xx_HAL_Driver/Src/stm32f4xx_hal_pcd.o
                0x0800269c                HAL_PCD_EP_SetStall
 .text.HAL_PCD_EP_ClrStall
                0x08002702       0x56 Drivers/STM32F4xx_HAL_Driver/Src/stm32f4xx_hal_pcd.o
                0x08002702                HAL_PCD_EP_ClrStall
 .text.HAL_PCDEx_SetTxFiFo
                0x08002758       0x48 Drivers/STM32F4xx_HAL_Driver/Src/stm32f4xx_hal_pcd_ex.o
                0x08002758                HAL_PCDEx_SetTxFiFo
 .text.HAL_PCDEx_SetRxFiFo
                0x080027a0        0x8 Drivers/STM32F4xx_HAL_Driver/Src/stm32f4xx_hal_pcd_ex.o
                0x080027a0                HAL_PCDEx_SetRxFiFo
 .text.HAL_RCC_OscConfig
                0x080027a8      0x398 Drivers/STM32F4xx_HAL_Driver/Src/stm32f4xx_hal_rcc.o
                0x080027a8                HAL_RCC_OscConfig
 .text.HAL_RCC_GetSysClockFreq
                0x08002b40       0xd4 Drivers/STM32F4xx_HAL_Driver/Src/stm32f4xx_hal_rcc.o
                0x08002b40                HAL_RCC_GetSysClockFreq
 .text.HAL_RCC_ClockConfig
                0x08002c14      0x158 Drivers/STM32F4xx_HAL_Driver/Src/stm32f4xx_hal_rcc.o
                0x08002c14                HAL_RCC_ClockConfig
 .text.HAL_RCC_GetHCLKFreq
                0x08002d6c        0xc Drivers/STM32F4xx_HAL_Driver/Src/stm32f4xx_hal_rcc.o
                0x08002d6c                HAL_RCC_GetHCLKFreq
 .text.HAL_RCC_GetPCLK1Freq
                0x08002d78       0x20 Drivers/STM32F4xx_HAL_Driver/Src/stm32f4xx_hal_rcc.o
                0x08002d78                HAL_RCC_GetPCLK1Freq
 .text.HAL_RCC_GetPCLK2Freq
                0x08002d98       0x20 Drivers/STM32F4xx_HAL_Driver/Src/stm32f4xx_hal_rcc.o
                0x08002d98                HAL_RCC_GetPCLK2Freq
 .text.SPI_WaitFlagStateUntilTimeout
                0x08002db8       0x96 Drivers/STM32F4xx_HAL_Driver/Src/stm32f4xx_hal_spi.o
 .text.SPI_CheckFlag_BSY
                0x08002e4e       0x26 Drivers/STM32F4xx_HAL_Driver/Src/stm32f4xx_hal_spi.o
 .text.HAL_SPI_Init
                0x08002e74       0x80 Drivers/STM32F4xx_HAL_Driver/Src/stm32f4xx_hal_spi.o
                0x08002e74                HAL_SPI_Init
 .text.HAL_SPI_DeInit
                0x08002ef4       0x2c Drivers/STM32F4xx_HAL_Driver/Src/stm32f4xx_hal_spi.o
                0x08002ef4                HAL_SPI_DeInit
 .text.HAL_SPI_TransmitReceive
                0x08002f20      0x242 Drivers/STM32F4xx_HAL_Driver/Src/stm32f4xx_hal_spi.o
                0x08002f20                HAL_SPI_TransmitReceive
 .text.HAL_SPI_GetState
                0x08003162        0x6 Drivers/STM32F4xx_HAL_Driver/Src/stm32f4xx_hal_spi.o
                0x08003162                HAL_SPI_GetState
 .text.TIM_OC1_SetConfig
                0x08003168       0x54 Drivers/STM32F4xx_HAL_Driver/Src/stm32f4xx_hal_tim.o
 .text.TIM_OC3_SetConfig
                0x080031bc       0x5c Drivers/STM32F4xx_HAL_Driver/Src/stm32f4xx_hal_tim.o
 .text.TIM_OC4_SetConfig
                0x08003218       0x48 Drivers/STM32F4xx_HAL_Driver/Src/stm32f4xx_hal_tim.o
 .text.TIM_Base_SetConfig
                0x08003260       0xd0 Drivers/STM32F4xx_HAL_Driver/Src/stm32f4xx_hal_tim.o
                0x08003260                TIM_Base_SetConfig
 .text.HAL_TIM_PWM_Init
                0x08003330       0x32 Drivers/STM32F4xx_HAL_Driver/Src/stm32f4xx_hal_tim.o
                0x08003330                HAL_TIM_PWM_Init
 *fill*         0x08003362        0x2 
 .text.TIM_OC2_SetConfig
                0x08003364       0x5c Drivers/STM32F4xx_HAL_Driver/Src/stm32f4xx_hal_tim.o
                0x08003364                TIM_OC2_SetConfig
 .text.HAL_TIM_PWM_ConfigChannel
                0x080033c0       0xdc Drivers/STM32F4xx_HAL_Driver/Src/stm32f4xx_hal_tim.o
                0x080033c0                HAL_TIM_PWM_ConfigChannel
 .text.TIM_CCxChannelCmd
                0x0800349c       0x1e Drivers/STM32F4xx_HAL_Driver/Src/stm32f4xx_hal_tim.o
                0x0800349c                TIM_CCxChannelCmd
 *fill*         0x080034ba        0x2 
 .text.HAL_TIM_PWM_Start
                0x080034bc       0x30 Drivers/STM32F4xx_HAL_Driver/Src/stm32f4xx_hal_tim.o
                0x080034bc                HAL_TIM_PWM_Start
 .text.HAL_TIMEx_MasterConfigSynchronization
                0x080034ec       0x52 Drivers/STM32F4xx_HAL_Driver/Src/stm32f4xx_hal_tim_ex.o
                0x080034ec                HAL_TIMEx_MasterConfigSynchronization
 .text.UART_EndRxTransfer
                0x0800353e       0x1c Drivers/STM32F4xx_HAL_Driver/Src/stm32f4xx_hal_uart.o
 .text.UART_Transmit_IT
                0x0800355a       0x6a Drivers/STM32F4xx_HAL_Driver/Src/stm32f4xx_hal_uart.o
 .text.UART_SetConfig
                0x080035c4      0x344 Drivers/STM32F4xx_HAL_Driver/Src/stm32f4xx_hal_uart.o
 .text.UART_WaitOnFlagUntilTimeout
                0x08003908       0x64 Drivers/STM32F4xx_HAL_Driver/Src/stm32f4xx_hal_uart.o
 .text.HAL_UART_Init
                0x0800396c       0x5e Drivers/STM32F4xx_HAL_Driver/Src/stm32f4xx_hal_uart.o
                0x0800396c                HAL_UART_Init
 .text.HAL_UART_Transmit
                0x080039ca       0xe2 Drivers/STM32F4xx_HAL_Driver/Src/stm32f4xx_hal_uart.o
                0x080039ca                HAL_UART_Transmit
 .text.HAL_UART_Receive_IT
                0x08003aac       0x52 Drivers/STM32F4xx_HAL_Driver/Src/stm32f4xx_hal_uart.o
                0x08003aac                HAL_UART_Receive_IT
 .text.UART_EndTransmit_IT
                0x08003afe       0x1a Drivers/STM32F4xx_HAL_Driver/Src/stm32f4xx_hal_uart.o
 .text.UART_Receive_IT
                0x08003b18       0x94 Drivers/STM32F4xx_HAL_Driver/Src/stm32f4xx_hal_uart.o
 .text.HAL_UART_ErrorCallback
                0x08003bac        0x2 Drivers/STM32F4xx_HAL_Driver/Src/stm32f4xx_hal_uart.o
                0x08003bac                HAL_UART_ErrorCallback
 *fill*         0x08003bae        0x2 
 .text.HAL_UART_IRQHandler
                0x08003bb0      0x120 Drivers/STM32F4xx_HAL_Driver/Src/stm32f4xx_hal_uart.o
                0x08003bb0                HAL_UART_IRQHandler
 .text.UART_DMAAbortOnError
                0x08003cd0       0x10 Drivers/STM32F4xx_HAL_Driver/Src/stm32f4xx_hal_uart.o
 .text.USB_CoreInit
                0x08003ce0       0x7c Drivers/STM32F4xx_HAL_Driver/Src/stm32f4xx_ll_usb.o
                0x08003ce0                USB_CoreInit
 .text.USB_EnableGlobalInt
                0x08003d5c        0xc Drivers/STM32F4xx_HAL_Driver/Src/stm32f4xx_ll_usb.o
                0x08003d5c                USB_EnableGlobalInt
 .text.USB_DisableGlobalInt
                0x08003d68        0xc Drivers/STM32F4xx_HAL_Driver/Src/stm32f4xx_ll_usb.o
                0x08003d68                USB_DisableGlobalInt
 .text.USB_SetCurrentMode
                0x08003d74       0x2c Drivers/STM32F4xx_HAL_Driver/Src/stm32f4xx_ll_usb.o
                0x08003d74                USB_SetCurrentMode
 .text.USB_DevInit
                0x08003da0      0x150 Drivers/STM32F4xx_HAL_Driver/Src/stm32f4xx_ll_usb.o
                0x08003da0                USB_DevInit
 .text.USB_FlushTxFifo
                0x08003ef0       0x28 Drivers/STM32F4xx_HAL_Driver/Src/stm32f4xx_ll_usb.o
                0x08003ef0                USB_FlushTxFifo
 .text.USB_FlushRxFifo
                0x08003f18       0x24 Drivers/STM32F4xx_HAL_Driver/Src/stm32f4xx_ll_usb.o
                0x08003f18                USB_FlushRxFifo
 .text.USB_SetDevSpeed
                0x08003f3c        0xe Drivers/STM32F4xx_HAL_Driver/Src/stm32f4xx_ll_usb.o
                0x08003f3c                USB_SetDevSpeed
 .text.USB_GetDevSpeed
                0x08003f4a       0x40 Drivers/STM32F4xx_HAL_Driver/Src/stm32f4xx_ll_usb.o
                0x08003f4a                USB_GetDevSpeed
 .text.USB_ActivateEndpoint
                0x08003f8a       0x92 Drivers/STM32F4xx_HAL_Driver/Src/stm32f4xx_ll_usb.o
                0x08003f8a                USB_ActivateEndpoint
 .text.USB_DeactivateEndpoint
                0x0800401c       0xf0 Drivers/STM32F4xx_HAL_Driver/Src/stm32f4xx_ll_usb.o
                0x0800401c                USB_DeactivateEndpoint
 .text.USB_EPStartXfer
                0x0800410c      0x264 Drivers/STM32F4xx_HAL_Driver/Src/stm32f4xx_ll_usb.o
                0x0800410c                USB_EPStartXfer
 .text.USB_EP0StartXfer
                0x08004370      0x160 Drivers/STM32F4xx_HAL_Driver/Src/stm32f4xx_ll_usb.o
                0x08004370                USB_EP0StartXfer
 .text.USB_WritePacket
                0x080044d0       0x28 Drivers/STM32F4xx_HAL_Driver/Src/stm32f4xx_ll_usb.o
                0x080044d0                USB_WritePacket
 .text.USB_ReadPacket
                0x080044f8       0x28 Drivers/STM32F4xx_HAL_Driver/Src/stm32f4xx_ll_usb.o
                0x080044f8                USB_ReadPacket
 .text.USB_EPSetStall
                0x08004520       0x64 Drivers/STM32F4xx_HAL_Driver/Src/stm32f4xx_ll_usb.o
                0x08004520                USB_EPSetStall
 .text.USB_EPClearStall
                0x08004584       0x6a Drivers/STM32F4xx_HAL_Driver/Src/stm32f4xx_ll_usb.o
                0x08004584                USB_EPClearStall
 .text.USB_SetDevAddress
                0x080045ee       0x20 Drivers/STM32F4xx_HAL_Driver/Src/stm32f4xx_ll_usb.o
                0x080045ee                USB_SetDevAddress
 .text.USB_DevConnect
                0x0800460e       0x18 Drivers/STM32F4xx_HAL_Driver/Src/stm32f4xx_ll_usb.o
                0x0800460e                USB_DevConnect
 .text.USB_DevDisconnect
                0x08004626       0x18 Drivers/STM32F4xx_HAL_Driver/Src/stm32f4xx_ll_usb.o
                0x08004626                USB_DevDisconnect
 .text.USB_ReadInterrupts
                0x0800463e        0x8 Drivers/STM32F4xx_HAL_Driver/Src/stm32f4xx_ll_usb.o
                0x0800463e                USB_ReadInterrupts
 .text.USB_ReadDevAllOutEpInterrupt
                0x08004646       0x10 Drivers/STM32F4xx_HAL_Driver/Src/stm32f4xx_ll_usb.o
                0x08004646                USB_ReadDevAllOutEpInterrupt
 .text.USB_ReadDevAllInEpInterrupt
                0x08004656       0x10 Drivers/STM32F4xx_HAL_Driver/Src/stm32f4xx_ll_usb.o
                0x08004656                USB_ReadDevAllInEpInterrupt
 .text.USB_ReadDevOutEPInterrupt
                0x08004666       0x12 Drivers/STM32F4xx_HAL_Driver/Src/stm32f4xx_ll_usb.o
                0x08004666                USB_ReadDevOutEPInterrupt
 .text.USB_ReadDevInEPInterrupt
                0x08004678       0x1c Drivers/STM32F4xx_HAL_Driver/Src/stm32f4xx_ll_usb.o
                0x08004678                USB_ReadDevInEPInterrupt
 .text.USB_GetMode
                0x08004694        0x8 Drivers/STM32F4xx_HAL_Driver/Src/stm32f4xx_ll_usb.o
                0x08004694                USB_GetMode
 .text.USB_ActivateSetup
                0x0800469c       0x38 Drivers/STM32F4xx_HAL_Driver/Src/stm32f4xx_ll_usb.o
                0x0800469c                USB_ActivateSetup
 .text.USB_EP0_OutStart
                0x080046d4       0x46 Drivers/STM32F4xx_HAL_Driver/Src/stm32f4xx_ll_usb.o
                0x080046d4                USB_EP0_OutStart
 *fill*         0x0800471a        0x2 
 .text.USB_CoreReset
                0x0800471c       0x3c Drivers/STM32F4xx_HAL_Driver/Src/stm32f4xx_ll_usb.o
 .text.USBD_CDC_DataIn
                0x08004758       0x12 Middlewares/ST/STM32_USB_Device_Library/Class/CDC/Src/usbd_cdc.o
 .text.USBD_CDC_EP0_RxReady
                0x0800476a       0x28 Middlewares/ST/STM32_USB_Device_Library/Class/CDC/Src/usbd_cdc.o
 *fill*         0x08004792        0x2 
 .text.USBD_CDC_GetFSCfgDesc
                0x08004794        0xc Middlewares/ST/STM32_USB_Device_Library/Class/CDC/Src/usbd_cdc.o
 .text.USBD_CDC_GetHSCfgDesc
                0x080047a0        0xc Middlewares/ST/STM32_USB_Device_Library/Class/CDC/Src/usbd_cdc.o
 .text.USBD_CDC_GetOtherSpeedCfgDesc
                0x080047ac        0xc Middlewares/ST/STM32_USB_Device_Library/Class/CDC/Src/usbd_cdc.o
 .text.USBD_CDC_GetDeviceQualifierDescriptor
                0x080047b8        0xc Middlewares/ST/STM32_USB_Device_Library/Class/CDC/Src/usbd_cdc.o
                0x080047b8                USBD_CDC_GetDeviceQualifierDescriptor
 .text.USBD_CDC_DataOut
                0x080047c4       0x2e Middlewares/ST/STM32_USB_Device_Library/Class/CDC/Src/usbd_cdc.o
 *fill*         0x080047f2        0x2 
 .text.USBD_CDC_Setup
                0x080047f4       0x74 Middlewares/ST/STM32_USB_Device_Library/Class/CDC/Src/usbd_cdc.o
 .text.USBD_CDC_DeInit
                0x08004868       0x3a Middlewares/ST/STM32_USB_Device_Library/Class/CDC/Src/usbd_cdc.o
 .text.USBD_CDC_Init
                0x080048a2       0x96 Middlewares/ST/STM32_USB_Device_Library/Class/CDC/Src/usbd_cdc.o
 .text.USBD_CDC_RegisterInterface
                0x08004938        0xe Middlewares/ST/STM32_USB_Device_Library/Class/CDC/Src/usbd_cdc.o
                0x08004938                USBD_CDC_RegisterInterface
 .text.USBD_CDC_SetTxBuffer
                0x08004946       0x10 Middlewares/ST/STM32_USB_Device_Library/Class/CDC/Src/usbd_cdc.o
                0x08004946                USBD_CDC_SetTxBuffer
 .text.USBD_CDC_SetRxBuffer
                0x08004956        0xc Middlewares/ST/STM32_USB_Device_Library/Class/CDC/Src/usbd_cdc.o
                0x08004956                USBD_CDC_SetRxBuffer
 .text.USBD_CDC_TransmitPacket
                0x08004962       0x2e Middlewares/ST/STM32_USB_Device_Library/Class/CDC/Src/usbd_cdc.o
                0x08004962                USBD_CDC_TransmitPacket
 .text.USBD_CDC_ReceivePacket
                0x08004990       0x32 Middlewares/ST/STM32_USB_Device_Library/Class/CDC/Src/usbd_cdc.o
                0x08004990                USBD_CDC_ReceivePacket
 .text.USBD_Init
                0x080049c2       0x2e Middlewares/ST/STM32_USB_Device_Library/Core/Src/usbd_core.o
                0x080049c2                USBD_Init
 .text.USBD_RegisterClass
                0x080049f0        0xe Middlewares/ST/STM32_USB_Device_Library/Core/Src/usbd_core.o
                0x080049f0                USBD_RegisterClass
 .text.USBD_Start
                0x080049fe        0xa Middlewares/ST/STM32_USB_Device_Library/Core/Src/usbd_core.o
                0x080049fe                USBD_Start
 .text.USBD_SetClassConfig
                0x08004a08       0x1a Middlewares/ST/STM32_USB_Device_Library/Core/Src/usbd_core.o
                0x08004a08                USBD_SetClassConfig
 .text.USBD_ClrClassConfig
                0x08004a22        0xe Middlewares/ST/STM32_USB_Device_Library/Core/Src/usbd_core.o
                0x08004a22                USBD_ClrClassConfig
 .text.USBD_LL_SetupStage
                0x08004a30       0x5a Middlewares/ST/STM32_USB_Device_Library/Core/Src/usbd_core.o
                0x08004a30                USBD_LL_SetupStage
 .text.USBD_LL_DataOutStage
                0x08004a8a       0x6a Middlewares/ST/STM32_USB_Device_Library/Core/Src/usbd_core.o
                0x08004a8a                USBD_LL_DataOutStage
 .text.USBD_LL_DataInStage
                0x08004af4       0xb2 Middlewares/ST/STM32_USB_Device_Library/Core/Src/usbd_core.o
                0x08004af4                USBD_LL_DataInStage
 .text.USBD_LL_Reset
                0x08004ba6       0x3e Middlewares/ST/STM32_USB_Device_Library/Core/Src/usbd_core.o
                0x08004ba6                USBD_LL_Reset
 .text.USBD_LL_SetSpeed
                0x08004be4        0x6 Middlewares/ST/STM32_USB_Device_Library/Core/Src/usbd_core.o
                0x08004be4                USBD_LL_SetSpeed
 .text.USBD_LL_Suspend
                0x08004bea       0x12 Middlewares/ST/STM32_USB_Device_Library/Core/Src/usbd_core.o
                0x08004bea                USBD_LL_Suspend
 .text.USBD_LL_Resume
                0x08004bfc        0xc Middlewares/ST/STM32_USB_Device_Library/Core/Src/usbd_core.o
                0x08004bfc                USBD_LL_Resume
 .text.USBD_LL_SOF
                0x08004c08       0x1c Middlewares/ST/STM32_USB_Device_Library/Core/Src/usbd_core.o
                0x08004c08                USBD_LL_SOF
 .text.USBD_LL_IsoINIncomplete
                0x08004c24        0x4 Middlewares/ST/STM32_USB_Device_Library/Core/Src/usbd_core.o
                0x08004c24                USBD_LL_IsoINIncomplete
 .text.USBD_LL_IsoOUTIncomplete
                0x08004c28        0x4 Middlewares/ST/STM32_USB_Device_Library/Core/Src/usbd_core.o
                0x08004c28                USBD_LL_IsoOUTIncomplete
 .text.USBD_LL_DevConnected
                0x08004c2c        0x4 Middlewares/ST/STM32_USB_Device_Library/Core/Src/usbd_core.o
                0x08004c2c                USBD_LL_DevConnected
 .text.USBD_LL_DevDisconnected
                0x08004c30       0x16 Middlewares/ST/STM32_USB_Device_Library/Core/Src/usbd_core.o
                0x08004c30                USBD_LL_DevDisconnected
 .text.USBD_GetLen
                0x08004c46       0x14 Middlewares/ST/STM32_USB_Device_Library/Core/Src/usbd_ctlreq.o
 .text.USBD_SetFeature
                0x08004c5a       0x20 Middlewares/ST/STM32_USB_Device_Library/Core/Src/usbd_ctlreq.o
 .text.USBD_ParseSetupRequest
                0x08004c7a       0x28 Middlewares/ST/STM32_USB_Device_Library/Core/Src/usbd_ctlreq.o
                0x08004c7a                USBD_ParseSetupRequest
 .text.USBD_CtlError
                0x08004ca2       0x14 Middlewares/ST/STM32_USB_Device_Library/Core/Src/usbd_ctlreq.o
                0x08004ca2                USBD_CtlError
 .text.USBD_GetDescriptor
                0x08004cb6      0x132 Middlewares/ST/STM32_USB_Device_Library/Core/Src/usbd_ctlreq.o
 .text.USBD_SetAddress
                0x08004de8       0x4a Middlewares/ST/STM32_USB_Device_Library/Core/Src/usbd_ctlreq.o
 *fill*         0x08004e32        0x2 
 .text.USBD_SetConfig
                0x08004e34       0xa4 Middlewares/ST/STM32_USB_Device_Library/Core/Src/usbd_ctlreq.o
 .text.USBD_GetConfig
                0x08004ed8       0x3a Middlewares/ST/STM32_USB_Device_Library/Core/Src/usbd_ctlreq.o
 .text.USBD_GetStatus
                0x08004f12       0x2c Middlewares/ST/STM32_USB_Device_Library/Core/Src/usbd_ctlreq.o
 .text.USBD_ClrFeature
                0x08004f3e       0x32 Middlewares/ST/STM32_USB_Device_Library/Core/Src/usbd_ctlreq.o
 .text.USBD_StdDevReq
                0x08004f70       0x48 Middlewares/ST/STM32_USB_Device_Library/Core/Src/usbd_ctlreq.o
                0x08004f70                USBD_StdDevReq
 .text.USBD_StdItfReq
                0x08004fb8       0x38 Middlewares/ST/STM32_USB_Device_Library/Core/Src/usbd_ctlreq.o
                0x08004fb8                USBD_StdItfReq
 .text.USBD_StdEPReq
                0x08004ff0      0x118 Middlewares/ST/STM32_USB_Device_Library/Core/Src/usbd_ctlreq.o
                0x08004ff0                USBD_StdEPReq
 .text.USBD_GetString
                0x08005108       0x3a Middlewares/ST/STM32_USB_Device_Library/Core/Src/usbd_ctlreq.o
                0x08005108                USBD_GetString
 .text.USBD_CtlSendData
                0x08005142       0x1a Middlewares/ST/STM32_USB_Device_Library/Core/Src/usbd_ioreq.o
                0x08005142                USBD_CtlSendData
 .text.USBD_CtlContinueSendData
                0x0800515c       0x10 Middlewares/ST/STM32_USB_Device_Library/Core/Src/usbd_ioreq.o
                0x0800515c                USBD_CtlContinueSendData
 .text.USBD_CtlPrepareRx
                0x0800516c       0x1e Middlewares/ST/STM32_USB_Device_Library/Core/Src/usbd_ioreq.o
                0x0800516c                USBD_CtlPrepareRx
 .text.USBD_CtlContinueRx
                0x0800518a       0x10 Middlewares/ST/STM32_USB_Device_Library/Core/Src/usbd_ioreq.o
                0x0800518a                USBD_CtlContinueRx
 .text.USBD_CtlSendStatus
                0x0800519a       0x16 Middlewares/ST/STM32_USB_Device_Library/Core/Src/usbd_ioreq.o
                0x0800519a                USBD_CtlSendStatus
 .text.USBD_CtlReceiveStatus
                0x080051b0       0x16 Middlewares/ST/STM32_USB_Device_Library/Core/Src/usbd_ioreq.o
                0x080051b0                USBD_CtlReceiveStatus
 .text.fsm_init
                0x080051c6        0x8 Src/fsm.o
                0x080051c6                fsm_init
 .text.fsm_new  0x080051ce       0x16 Src/fsm.o
                0x080051ce                fsm_new
 .text.fsm_fire
                0x080051e4       0x30 Src/fsm.o
                0x080051e4                fsm_fire
 .text.L3GD20_DeInit
                0x08005214        0x2 Src/l3gd20.o
                0x08005214                L3GD20_DeInit
 .text.L3GD20_Init
                0x08005216       0x34 Src/l3gd20.o
                0x08005216                L3GD20_Init
 .text.L3GD20_LowPower
                0x0800524a       0x1a Src/l3gd20.o
                0x0800524a                L3GD20_LowPower
 .text.L3GD20_ReadID
                0x08005264       0x1e Src/l3gd20.o
                0x08005264                L3GD20_ReadID
 .text.L3GD20_RebootCmd
                0x08005282       0x2e Src/l3gd20.o
                0x08005282                L3GD20_RebootCmd
 .text.L3GD20_INT1InterruptConfig
                0x080052b0       0x60 Src/l3gd20.o
                0x080052b0                L3GD20_INT1InterruptConfig
 .text.L3GD20_EnableIT
                0x08005310       0x46 Src/l3gd20.o
                0x08005310                L3GD20_EnableIT
 .text.L3GD20_DisableIT
                0x08005356       0x42 Src/l3gd20.o
                0x08005356                L3GD20_DisableIT
 .text.L3GD20_FilterConfig
                0x08005398       0x30 Src/l3gd20.o
                0x08005398                L3GD20_FilterConfig
 .text.L3GD20_FilterCmd
                0x080053c8       0x30 Src/l3gd20.o
                0x080053c8                L3GD20_FilterCmd
 .text.L3GD20_ReadXYZAngRate
                0x080053f8       0xec Src/l3gd20.o
                0x080053f8                L3GD20_ReadXYZAngRate
 .text.LSM303DLHC_AccDeInit
                0x080054e4        0x2 Src/lsm303dlhc.o
                0x080054e4                LSM303DLHC_AccDeInit
 .text.LSM303DLHC_AccInit
                0x080054e6       0x1e Src/lsm303dlhc.o
                0x080054e6                LSM303DLHC_AccInit
 .text.LSM303DLHC_AccReadID
                0x08005504       0x10 Src/lsm303dlhc.o
                0x08005504                LSM303DLHC_AccReadID
 .text.LSM303DLHC_AccRebootCmd
                0x08005514       0x1a Src/lsm303dlhc.o
                0x08005514                LSM303DLHC_AccRebootCmd
 .text.LSM303DLHC_AccFilterConfig
                0x0800552e       0x1c Src/lsm303dlhc.o
                0x0800552e                LSM303DLHC_AccFilterConfig
 .text.LSM303DLHC_AccFilterCmd
                0x0800554a       0x1c Src/lsm303dlhc.o
                0x0800554a                LSM303DLHC_AccFilterCmd
 .text.LSM303DLHC_AccReadXYZ
                0x08005566      0x10a Src/lsm303dlhc.o
                0x08005566                LSM303DLHC_AccReadXYZ
 .text.LSM303DLHC_AccFilterClickCmd
                0x08005670       0x1c Src/lsm303dlhc.o
                0x08005670                LSM303DLHC_AccFilterClickCmd
 .text.LSM303DLHC_AccIT1Enable
                0x0800568c       0x1c Src/lsm303dlhc.o
                0x0800568c                LSM303DLHC_AccIT1Enable
 .text.LSM303DLHC_AccClickITEnable
                0x080056a8       0x44 Src/lsm303dlhc.o
                0x080056a8                LSM303DLHC_AccClickITEnable
 .text.LSM303DLHC_AccZClickITConfig
                0x080056ec       0x1a Src/lsm303dlhc.o
                0x080056ec                LSM303DLHC_AccZClickITConfig
 .text.return_true
                0x08005706        0x4 Src/main.o
 *fill*         0x0800570a        0x2 
 .text.usb_timer
                0x0800570c        0xc Src/main.o
 .text.uart_timer
                0x08005718        0xc Src/main.o
 .text.usb_parse_finished
                0x08005724       0x10 Src/main.o
 .text.uart_parse_finished
                0x08005734       0x10 Src/main.o
 .text.check_command_count
                0x08005744       0x14 Src/main.o
 .text.cmd_A    0x08005758        0xc Src/main.o
 .text.cmd_C    0x08005764        0xc Src/main.o
 .text.cmd_G    0x08005770        0xc Src/main.o
 .text.cmd_T    0x0800577c        0xc Src/main.o
 .text.cmd_M    0x08005788        0xc Src/main.o
 .text.cmd_L    0x08005794        0xc Src/main.o
 .text.cmd_S    0x080057a0        0xc Src/main.o
 .text.do_C     0x080057ac        0xc Src/main.o
 .text.do_T     0x080057b8        0xc Src/main.o
 .text.do_S     0x080057c4       0x88 Src/main.o
 .text.select_device
                0x0800584c       0x88 Src/main.o
 .text.timer_A  0x080058d4        0xc Src/main.o
 .text.timer_G  0x080058e0        0xc Src/main.o
 .text.timer_finished_A
                0x080058ec       0x10 Src/main.o
 .text.timer_finished_G
                0x080058fc       0x10 Src/main.o
 .text.send_G   0x0800590c       0x98 Src/main.o
 .text.send_A   0x080059a4       0x80 Src/main.o
 .text.do_L     0x08005a24       0x70 Src/main.o
 .text.MX_GPIO_Init
                0x08005a94      0x1b4 Src/main.o
 .text.map      0x08005c48       0x1e Src/main.o
                0x08005c48                map
 *fill*         0x08005c66        0x2 
 .text.do_M     0x08005c68       0x50 Src/main.o
 .text.do_G     0x08005cb8       0x4c Src/main.o
 .text.do_A     0x08005d04       0x4c Src/main.o
 .text.HAL_SYSTICK_Callback
                0x08005d50       0x78 Src/main.o
                0x08005d50                HAL_SYSTICK_Callback
 .text.parseMsg
                0x08005dc8      0x150 Src/main.o
                0x08005dc8                parseMsg
 .text.uart_parse
                0x08005f18       0x18 Src/main.o
 .text.usb_parse
                0x08005f30       0x18 Src/main.o
 .text.HAL_UART_TxCpltCallback
                0x08005f48        0x2 Src/main.o
                0x08005f48                HAL_UART_TxCpltCallback
 *fill*         0x08005f4a        0x2 
 .text.HAL_UART_RxCpltCallback
                0x08005f4c       0x44 Src/main.o
                0x08005f4c                HAL_UART_RxCpltCallback
 .text.LSE_Receive_callback
                0x08005f90       0x20 Src/main.o
                0x08005f90                LSE_Receive_callback
 .text._Error_Handler
                0x08005fb0        0x2 Src/main.o
                0x08005fb0                _Error_Handler
 *fill*         0x08005fb2        0x2 
 .text.MX_USART2_UART_Init
                0x08005fb4       0x3c Src/main.o
 .text.MX_TIM3_Init
                0x08005ff0       0x80 Src/main.o
 .text.MX_TIM4_Init
                0x08006070       0xc0 Src/main.o
 .text.SystemClock_Config
                0x08006130       0xc8 Src/main.o
                0x08006130                SystemClock_Config
 .text.main     0x080061f8       0xe4 Src/main.o
                0x080061f8                main
 .text.rb_write
                0x080062dc       0x1c Src/ring_buf.o
                0x080062dc                rb_write
 .text.rb_len   0x080062f8       0x18 Src/ring_buf.o
                0x080062f8                rb_len
 .text.rb_read  0x08006310        0xc Src/ring_buf.o
                0x08006310                rb_read
 .text.rb_pop   0x0800631c       0x1e Src/ring_buf.o
                0x0800631c                rb_pop
 *fill*         0x0800633a        0x2 
 .text.SPIx_MspInit
                0x0800633c       0x58 Src/stm32f411e_discovery.o
 .text.I2Cx_MspInit
                0x08006394       0x88 Src/stm32f411e_discovery.o
 .text.SPIx_Init
                0x0800641c       0x4c Src/stm32f411e_discovery.o
 .text.SPIx_Error
                0x08006468       0x14 Src/stm32f411e_discovery.o
 .text.SPIx_WriteRead
                0x0800647c       0x3c Src/stm32f411e_discovery.o
 .text.I2Cx_Init
                0x080064b8       0x4c Src/stm32f411e_discovery.o
 .text.I2Cx_Error
                0x08006504       0x14 Src/stm32f411e_discovery.o
 .text.I2Cx_WriteData
                0x08006518       0x34 Src/stm32f411e_discovery.o
 .text.I2Cx_ReadData
                0x0800654c       0x3c Src/stm32f411e_discovery.o
 .text.GYRO_IO_Init
                0x08006588       0x7c Src/stm32f411e_discovery.o
                0x08006588                GYRO_IO_Init
 .text.GYRO_IO_Write
                0x08006604       0x44 Src/stm32f411e_discovery.o
                0x08006604                GYRO_IO_Write
 .text.GYRO_IO_Read
                0x08006648       0x48 Src/stm32f411e_discovery.o
                0x08006648                GYRO_IO_Read
 .text.COMPASSACCELERO_IO_Init
                0x08006690       0x44 Src/stm32f411e_discovery.o
                0x08006690                COMPASSACCELERO_IO_Init
 .text.COMPASSACCELERO_IO_ITConfig
                0x080066d4       0x54 Src/stm32f411e_discovery.o
                0x080066d4                COMPASSACCELERO_IO_ITConfig
 .text.COMPASSACCELERO_IO_Write
                0x08006728        0x8 Src/stm32f411e_discovery.o
                0x08006728                COMPASSACCELERO_IO_Write
 .text.COMPASSACCELERO_IO_Read
                0x08006730        0x8 Src/stm32f411e_discovery.o
                0x08006730                COMPASSACCELERO_IO_Read
 .text.BSP_ACCELERO_Init
                0x08006738       0x34 Src/stm32f411e_discovery_accelerometer.o
                0x08006738                BSP_ACCELERO_Init
 .text.BSP_ACCELERO_GetXYZ
                0x0800676c       0x34 Src/stm32f411e_discovery_accelerometer.o
                0x0800676c                BSP_ACCELERO_GetXYZ
 .text.BSP_GYRO_Init
                0x080067a0       0x44 Src/stm32f411e_discovery_gyroscope.o
                0x080067a0                BSP_GYRO_Init
 .text.BSP_GYRO_GetXYZ
                0x080067e4       0x14 Src/stm32f411e_discovery_gyroscope.o
                0x080067e4                BSP_GYRO_GetXYZ
 .text.HAL_MspInit
                0x080067f8       0x6e Src/stm32f4xx_hal_msp.o
                0x080067f8                HAL_MspInit
 *fill*         0x08006866        0x2 
 .text.HAL_I2C_MspInit
                0x08006868       0x54 Src/stm32f4xx_hal_msp.o
                0x08006868                HAL_I2C_MspInit
 .text.HAL_I2C_MspDeInit
                0x080068bc       0x30 Src/stm32f4xx_hal_msp.o
                0x080068bc                HAL_I2C_MspDeInit
 .text.HAL_SPI_MspInit
                0x080068ec       0x50 Src/stm32f4xx_hal_msp.o
                0x080068ec                HAL_SPI_MspInit
 .text.HAL_SPI_MspDeInit
                0x0800693c       0x2c Src/stm32f4xx_hal_msp.o
                0x0800693c                HAL_SPI_MspDeInit
 .text.HAL_TIM_PWM_MspInit
                0x08006968       0x54 Src/stm32f4xx_hal_msp.o
                0x08006968                HAL_TIM_PWM_MspInit
 .text.HAL_TIM_MspPostInit
                0x080069bc       0x60 Src/stm32f4xx_hal_msp.o
                0x080069bc                HAL_TIM_MspPostInit
 .text.HAL_UART_MspInit
                0x08006a1c       0x60 Src/stm32f4xx_hal_msp.o
                0x08006a1c                HAL_UART_MspInit
 .text.SVC_Handler
                0x08006a7c        0x2 Src/stm32f4xx_it.o
                0x08006a7c                SVC_Handler
 .text.PendSV_Handler
                0x08006a7e        0x2 Src/stm32f4xx_it.o
                0x08006a7e                PendSV_Handler
 .text.SysTick_Handler
                0x08006a80        0xc Src/stm32f4xx_it.o
                0x08006a80                SysTick_Handler
 .text.RCC_IRQHandler
                0x08006a8c        0x2 Src/stm32f4xx_it.o
                0x08006a8c                RCC_IRQHandler
 *fill*         0x08006a8e        0x2 
 .text.USART2_IRQHandler
                0x08006a90       0x10 Src/stm32f4xx_it.o
                0x08006a90                USART2_IRQHandler
 .text.OTG_FS_IRQHandler
                0x08006aa0       0x10 Src/stm32f4xx_it.o
                0x08006aa0                OTG_FS_IRQHandler
 .text.SystemInit
                0x08006ab0       0x4c Src/system_stm32f4xx.o
                0x08006ab0                SystemInit
 .text.MX_USB_DEVICE_Init
                0x08006afc       0x3c Src/usb_device.o
                0x08006afc                MX_USB_DEVICE_Init
 .text.CDC_DeInit_FS
                0x08006b38        0x4 Src/usbd_cdc_if.o
 .text.CDC_Control_FS
                0x08006b3c       0x58 Src/usbd_cdc_if.o
 .text.CDC_Init_FS
                0x08006b94       0x28 Src/usbd_cdc_if.o
 .text.CDC_Receive_FS
                0x08006bbc       0x24 Src/usbd_cdc_if.o
 .text.HAL_PCD_MspInit
                0x08006be0       0x7c Src/usbd_conf.o
                0x08006be0                HAL_PCD_MspInit
 .text.HAL_PCD_SetupStageCallback
                0x08006c5c       0x10 Src/usbd_conf.o
                0x08006c5c                HAL_PCD_SetupStageCallback
 .text.HAL_PCD_DataOutStageCallback
                0x08006c6c       0x18 Src/usbd_conf.o
                0x08006c6c                HAL_PCD_DataOutStageCallback
 .text.HAL_PCD_DataInStageCallback
                0x08006c84       0x16 Src/usbd_conf.o
                0x08006c84                HAL_PCD_DataInStageCallback
 .text.HAL_PCD_SOFCallback
                0x08006c9a        0xc Src/usbd_conf.o
                0x08006c9a                HAL_PCD_SOFCallback
 .text.HAL_PCD_ResetCallback
                0x08006ca6       0x20 Src/usbd_conf.o
                0x08006ca6                HAL_PCD_ResetCallback
 *fill*         0x08006cc6        0x2 
 .text.HAL_PCD_SuspendCallback
                0x08006cc8       0x30 Src/usbd_conf.o
                0x08006cc8                HAL_PCD_SuspendCallback
 .text.HAL_PCD_ResumeCallback
                0x08006cf8        0xc Src/usbd_conf.o
                0x08006cf8                HAL_PCD_ResumeCallback
 .text.HAL_PCD_ISOOUTIncompleteCallback
                0x08006d04        0xc Src/usbd_conf.o
                0x08006d04                HAL_PCD_ISOOUTIncompleteCallback
 .text.HAL_PCD_ISOINIncompleteCallback
                0x08006d10        0xc Src/usbd_conf.o
                0x08006d10                HAL_PCD_ISOINIncompleteCallback
 .text.HAL_PCD_ConnectCallback
                0x08006d1c        0xc Src/usbd_conf.o
                0x08006d1c                HAL_PCD_ConnectCallback
 .text.HAL_PCD_DisconnectCallback
                0x08006d28        0xc Src/usbd_conf.o
                0x08006d28                HAL_PCD_DisconnectCallback
 .text.USBD_LL_Init
                0x08006d34       0x74 Src/usbd_conf.o
                0x08006d34                USBD_LL_Init
 .text.USBD_LL_Start
                0x08006da8       0x1c Src/usbd_conf.o
                0x08006da8                USBD_LL_Start
 .text.USBD_LL_OpenEP
                0x08006dc4       0x22 Src/usbd_conf.o
                0x08006dc4                USBD_LL_OpenEP
 .text.USBD_LL_CloseEP
                0x08006de6       0x1c Src/usbd_conf.o
                0x08006de6                USBD_LL_CloseEP
 .text.USBD_LL_StallEP
                0x08006e02       0x1c Src/usbd_conf.o
                0x08006e02                USBD_LL_StallEP
 .text.USBD_LL_ClearStallEP
                0x08006e1e       0x1c Src/usbd_conf.o
                0x08006e1e                USBD_LL_ClearStallEP
 .text.USBD_LL_IsStallEP
                0x08006e3a       0x2e Src/usbd_conf.o
                0x08006e3a                USBD_LL_IsStallEP
 .text.USBD_LL_SetUSBAddress
                0x08006e68       0x1c Src/usbd_conf.o
                0x08006e68                USBD_LL_SetUSBAddress
 .text.USBD_LL_Transmit
                0x08006e84       0x1c Src/usbd_conf.o
                0x08006e84                USBD_LL_Transmit
 .text.USBD_LL_PrepareReceive
                0x08006ea0       0x1c Src/usbd_conf.o
                0x08006ea0                USBD_LL_PrepareReceive
 .text.USBD_LL_GetRxDataSize
                0x08006ebc        0xc Src/usbd_conf.o
                0x08006ebc                USBD_LL_GetRxDataSize
 .text.USBD_FS_DeviceDescriptor
                0x08006ec8        0xc Src/usbd_desc.o
                0x08006ec8                USBD_FS_DeviceDescriptor
 .text.USBD_FS_LangIDStrDescriptor
                0x08006ed4        0xc Src/usbd_desc.o
                0x08006ed4                USBD_FS_LangIDStrDescriptor
 .text.USBD_FS_ProductStrDescriptor
                0x08006ee0       0x24 Src/usbd_desc.o
                0x08006ee0                USBD_FS_ProductStrDescriptor
 .text.USBD_FS_ManufacturerStrDescriptor
                0x08006f04       0x1c Src/usbd_desc.o
                0x08006f04                USBD_FS_ManufacturerStrDescriptor
 .text.USBD_FS_SerialStrDescriptor
                0x08006f20       0x24 Src/usbd_desc.o
                0x08006f20                USBD_FS_SerialStrDescriptor
 .text.USBD_FS_ConfigStrDescriptor
                0x08006f44       0x24 Src/usbd_desc.o
                0x08006f44                USBD_FS_ConfigStrDescriptor
 .text.USBD_FS_InterfaceStrDescriptor
                0x08006f68       0x24 Src/usbd_desc.o
                0x08006f68                USBD_FS_InterfaceStrDescriptor
 .text.Reset_Handler
                0x08006f8c       0x50 startup/startup_stm32f411xe.o
                0x08006f8c                Reset_Handler
 .text.Default_Handler
                0x08006fdc        0x2 startup/startup_stm32f411xe.o
                0x08006fdc                RTC_Alarm_IRQHandler
                0x08006fdc                EXTI2_IRQHandler
                0x08006fdc                DebugMon_Handler
                0x08006fdc                SPI4_IRQHandler
                0x08006fdc                TIM1_CC_IRQHandler
                0x08006fdc                DMA2_Stream5_IRQHandler
                0x08006fdc                HardFault_Handler
                0x08006fdc                DMA1_Stream5_IRQHandler
                0x08006fdc                PVD_IRQHandler
                0x08006fdc                SDIO_IRQHandler
                0x08006fdc                TAMP_STAMP_IRQHandler
                0x08006fdc                NMI_Handler
                0x08006fdc                EXTI3_IRQHandler
                0x08006fdc                TIM1_UP_TIM10_IRQHandler
                0x08006fdc                I2C3_ER_IRQHandler
                0x08006fdc                EXTI0_IRQHandler
                0x08006fdc                I2C2_EV_IRQHandler
                0x08006fdc                DMA1_Stream2_IRQHandler
                0x08006fdc                FPU_IRQHandler
                0x08006fdc                UsageFault_Handler
                0x08006fdc                DMA2_Stream2_IRQHandler
                0x08006fdc                SPI1_IRQHandler
                0x08006fdc                TIM1_BRK_TIM9_IRQHandler
                0x08006fdc                DMA2_Stream3_IRQHandler
                0x08006fdc                USART6_IRQHandler
                0x08006fdc                DMA2_Stream0_IRQHandler
                0x08006fdc                TIM4_IRQHandler
                0x08006fdc                I2C1_EV_IRQHandler
                0x08006fdc                DMA1_Stream6_IRQHandler
                0x08006fdc                DMA1_Stream1_IRQHandler
                0x08006fdc                TIM3_IRQHandler
                0x08006fdc                Default_Handler
                0x08006fdc                EXTI15_10_IRQHandler
                0x08006fdc                ADC_IRQHandler
                0x08006fdc                DMA1_Stream7_IRQHandler
                0x08006fdc                SPI5_IRQHandler
                0x08006fdc                TIM5_IRQHandler
                0x08006fdc                DMA2_Stream7_IRQHandler
                0x08006fdc                I2C3_EV_IRQHandler
                0x08006fdc                EXTI9_5_IRQHandler
                0x08006fdc                RTC_WKUP_IRQHandler
                0x08006fdc                SPI2_IRQHandler
                0x08006fdc                MemManage_Handler
                0x08006fdc                DMA1_Stream0_IRQHandler
                0x08006fdc                EXTI4_IRQHandler
                0x08006fdc                WWDG_IRQHandler
                0x08006fdc                TIM2_IRQHandler
                0x08006fdc                OTG_FS_WKUP_IRQHandler
                0x08006fdc                TIM1_TRG_COM_TIM11_IRQHandler
                0x08006fdc                EXTI1_IRQHandler
                0x08006fdc                I2C2_ER_IRQHandler
                0x08006fdc                DMA2_Stream1_IRQHandler
                0x08006fdc                FLASH_IRQHandler
                0x08006fdc                DMA2_Stream4_IRQHandler
                0x08006fdc                BusFault_Handler
                0x08006fdc                USART1_IRQHandler
                0x08006fdc                SPI3_IRQHandler
                0x08006fdc                DMA1_Stream4_IRQHandler
                0x08006fdc                I2C1_ER_IRQHandler
                0x08006fdc                DMA2_Stream6_IRQHandler
                0x08006fdc                DMA1_Stream3_IRQHandler
 .text.atoi     0x08006fde        0x8 c:/ac6/systemworkbench/plugins/fr.ac6.mcu.externaltools.arm-none.win32_1.15.0.201708311556/tools/compiler/bin/../lib/gcc/arm-none-eabi/6.3.1/../../../../arm-none-eabi/lib/thumb/v7e-m/fpv4-sp/hard\libc_nano.a(lib_a-atoi.o)
                0x08006fde                atoi
 *fill*         0x08006fe6        0x2 
 .text.__libc_init_array
                0x08006fe8       0x48 c:/ac6/systemworkbench/plugins/fr.ac6.mcu.externaltools.arm-none.win32_1.15.0.201708311556/tools/compiler/bin/../lib/gcc/arm-none-eabi/6.3.1/../../../../arm-none-eabi/lib/thumb/v7e-m/fpv4-sp/hard\libc_nano.a(lib_a-init.o)
                0x08006fe8                __libc_init_array
 .text.malloc   0x08007030       0x10 c:/ac6/systemworkbench/plugins/fr.ac6.mcu.externaltools.arm-none.win32_1.15.0.201708311556/tools/compiler/bin/../lib/gcc/arm-none-eabi/6.3.1/../../../../arm-none-eabi/lib/thumb/v7e-m/fpv4-sp/hard\libc_nano.a(lib_a-malloc.o)
                0x08007030                malloc
 .text.free     0x08007040       0x10 c:/ac6/systemworkbench/plugins/fr.ac6.mcu.externaltools.arm-none.win32_1.15.0.201708311556/tools/compiler/bin/../lib/gcc/arm-none-eabi/6.3.1/../../../../arm-none-eabi/lib/thumb/v7e-m/fpv4-sp/hard\libc_nano.a(lib_a-malloc.o)
                0x08007040                free
 .text.memset   0x08007050       0x10 c:/ac6/systemworkbench/plugins/fr.ac6.mcu.externaltools.arm-none.win32_1.15.0.201708311556/tools/compiler/bin/../lib/gcc/arm-none-eabi/6.3.1/../../../../arm-none-eabi/lib/thumb/v7e-m/fpv4-sp/hard\libc_nano.a(lib_a-memset.o)
                0x08007050                memset
 .text._free_r  0x08007060       0x9c c:/ac6/systemworkbench/plugins/fr.ac6.mcu.externaltools.arm-none.win32_1.15.0.201708311556/tools/compiler/bin/../lib/gcc/arm-none-eabi/6.3.1/../../../../arm-none-eabi/lib/thumb/v7e-m/fpv4-sp/hard\libc_nano.a(lib_a-nano-freer.o)
                0x08007060                _free_r
 .text._malloc_r
                0x080070fc       0xbc c:/ac6/systemworkbench/plugins/fr.ac6.mcu.externaltools.arm-none.win32_1.15.0.201708311556/tools/compiler/bin/../lib/gcc/arm-none-eabi/6.3.1/../../../../arm-none-eabi/lib/thumb/v7e-m/fpv4-sp/hard\libc_nano.a(lib_a-nano-mallocr.o)
                0x080070fc                _malloc_r
 .text.__cvt    0x080071b8       0xc2 c:/ac6/systemworkbench/plugins/fr.ac6.mcu.externaltools.arm-none.win32_1.15.0.201708311556/tools/compiler/bin/../lib/gcc/arm-none-eabi/6.3.1/../../../../arm-none-eabi/lib/thumb/v7e-m/fpv4-sp/hard\libc_nano.a(lib_a-nano-vfprintf_float.o)
                0x080071b8                __cvt
 .text.__exponent
                0x0800727a       0x6a c:/ac6/systemworkbench/plugins/fr.ac6.mcu.externaltools.arm-none.win32_1.15.0.201708311556/tools/compiler/bin/../lib/gcc/arm-none-eabi/6.3.1/../../../../arm-none-eabi/lib/thumb/v7e-m/fpv4-sp/hard\libc_nano.a(lib_a-nano-vfprintf_float.o)
                0x0800727a                __exponent
 .text._printf_float
                0x080072e4      0x480 c:/ac6/systemworkbench/plugins/fr.ac6.mcu.externaltools.arm-none.win32_1.15.0.201708311556/tools/compiler/bin/../lib/gcc/arm-none-eabi/6.3.1/../../../../arm-none-eabi/lib/thumb/v7e-m/fpv4-sp/hard\libc_nano.a(lib_a-nano-vfprintf_float.o)
                0x080072e4                _printf_float
 .text._printf_common
                0x08007764       0xec c:/ac6/systemworkbench/plugins/fr.ac6.mcu.externaltools.arm-none.win32_1.15.0.201708311556/tools/compiler/bin/../lib/gcc/arm-none-eabi/6.3.1/../../../../arm-none-eabi/lib/thumb/v7e-m/fpv4-sp/hard\libc_nano.a(lib_a-nano-vfprintf_i.o)
                0x08007764                _printf_common
 .text._printf_i
                0x08007850      0x240 c:/ac6/systemworkbench/plugins/fr.ac6.mcu.externaltools.arm-none.win32_1.15.0.201708311556/tools/compiler/bin/../lib/gcc/arm-none-eabi/6.3.1/../../../../arm-none-eabi/lib/thumb/v7e-m/fpv4-sp/hard\libc_nano.a(lib_a-nano-vfprintf_i.o)
                0x08007850                _printf_i
 .text._sbrk_r  0x08007a90       0x20 c:/ac6/systemworkbench/plugins/fr.ac6.mcu.externaltools.arm-none.win32_1.15.0.201708311556/tools/compiler/bin/../lib/gcc/arm-none-eabi/6.3.1/../../../../arm-none-eabi/lib/thumb/v7e-m/fpv4-sp/hard\libc_nano.a(lib_a-sbrkr.o)
                0x08007a90                _sbrk_r
 .text.sprintf  0x08007ab0       0x48 c:/ac6/systemworkbench/plugins/fr.ac6.mcu.externaltools.arm-none.win32_1.15.0.201708311556/tools/compiler/bin/../lib/gcc/arm-none-eabi/6.3.1/../../../../arm-none-eabi/lib/thumb/v7e-m/fpv4-sp/hard\libc_nano.a(lib_a-sprintf.o)
                0x08007ab0                siprintf
                0x08007ab0                sprintf
 .text.strncpy  0x08007af8       0x2a c:/ac6/systemworkbench/plugins/fr.ac6.mcu.externaltools.arm-none.win32_1.15.0.201708311556/tools/compiler/bin/../lib/gcc/arm-none-eabi/6.3.1/../../../../arm-none-eabi/lib/thumb/v7e-m/fpv4-sp/hard\libc_nano.a(lib_a-strncpy.o)
                0x08007af8                strncpy
 .text._strtol_l.isra.0
                0x08007b22      0x100 c:/ac6/systemworkbench/plugins/fr.ac6.mcu.externaltools.arm-none.win32_1.15.0.201708311556/tools/compiler/bin/../lib/gcc/arm-none-eabi/6.3.1/../../../../arm-none-eabi/lib/thumb/v7e-m/fpv4-sp/hard\libc_nano.a(lib_a-strtol.o)
 *fill*         0x08007c22        0x2 
 .text.strtol   0x08007c24       0x2c c:/ac6/systemworkbench/plugins/fr.ac6.mcu.externaltools.arm-none.win32_1.15.0.201708311556/tools/compiler/bin/../lib/gcc/arm-none-eabi/6.3.1/../../../../arm-none-eabi/lib/thumb/v7e-m/fpv4-sp/hard\libc_nano.a(lib_a-strtol.o)
                0x08007c24                strtol
 .text.quorem   0x08007c50      0x118 c:/ac6/systemworkbench/plugins/fr.ac6.mcu.externaltools.arm-none.win32_1.15.0.201708311556/tools/compiler/bin/../lib/gcc/arm-none-eabi/6.3.1/../../../../arm-none-eabi/lib/thumb/v7e-m/fpv4-sp/hard\libc_nano.a(lib_a-dtoa.o)
 .text._dtoa_r  0x08007d68      0xb9c c:/ac6/systemworkbench/plugins/fr.ac6.mcu.externaltools.arm-none.win32_1.15.0.201708311556/tools/compiler/bin/../lib/gcc/arm-none-eabi/6.3.1/../../../../arm-none-eabi/lib/thumb/v7e-m/fpv4-sp/hard\libc_nano.a(lib_a-dtoa.o)
                0x08007d68                _dtoa_r
 .text.__locale_ctype_ptr_l
                0x08008904        0x6 c:/ac6/systemworkbench/plugins/fr.ac6.mcu.externaltools.arm-none.win32_1.15.0.201708311556/tools/compiler/bin/../lib/gcc/arm-none-eabi/6.3.1/../../../../arm-none-eabi/lib/thumb/v7e-m/fpv4-sp/hard\libc_nano.a(lib_a-locale.o)
                0x08008904                __locale_ctype_ptr_l
 *fill*         0x0800890a        0x2 
 .text._localeconv_r
                0x0800890c       0x1c c:/ac6/systemworkbench/plugins/fr.ac6.mcu.externaltools.arm-none.win32_1.15.0.201708311556/tools/compiler/bin/../lib/gcc/arm-none-eabi/6.3.1/../../../../arm-none-eabi/lib/thumb/v7e-m/fpv4-sp/hard\libc_nano.a(lib_a-localeconv.o)
                0x0800890c                _localeconv_r
 .text.__ascii_mbtowc
                0x08008928       0x24 c:/ac6/systemworkbench/plugins/fr.ac6.mcu.externaltools.arm-none.win32_1.15.0.201708311556/tools/compiler/bin/../lib/gcc/arm-none-eabi/6.3.1/../../../../arm-none-eabi/lib/thumb/v7e-m/fpv4-sp/hard\libc_nano.a(lib_a-mbtowc_r.o)
                0x08008928                __ascii_mbtowc
 .text.memcpy   0x0800894c       0x16 c:/ac6/systemworkbench/plugins/fr.ac6.mcu.externaltools.arm-none.win32_1.15.0.201708311556/tools/compiler/bin/../lib/gcc/arm-none-eabi/6.3.1/../../../../arm-none-eabi/lib/thumb/v7e-m/fpv4-sp/hard\libc_nano.a(lib_a-memcpy-stub.o)
                0x0800894c                memcpy
 .text.__malloc_lock
                0x08008962        0x2 c:/ac6/systemworkbench/plugins/fr.ac6.mcu.externaltools.arm-none.win32_1.15.0.201708311556/tools/compiler/bin/../lib/gcc/arm-none-eabi/6.3.1/../../../../arm-none-eabi/lib/thumb/v7e-m/fpv4-sp/hard\libc_nano.a(lib_a-mlock.o)
                0x08008962                __malloc_lock
 .text.__malloc_unlock
                0x08008964        0x2 c:/ac6/systemworkbench/plugins/fr.ac6.mcu.externaltools.arm-none.win32_1.15.0.201708311556/tools/compiler/bin/../lib/gcc/arm-none-eabi/6.3.1/../../../../arm-none-eabi/lib/thumb/v7e-m/fpv4-sp/hard\libc_nano.a(lib_a-mlock.o)
                0x08008964                __malloc_unlock
 .text._Balloc  0x08008966       0x68 c:/ac6/systemworkbench/plugins/fr.ac6.mcu.externaltools.arm-none.win32_1.15.0.201708311556/tools/compiler/bin/../lib/gcc/arm-none-eabi/6.3.1/../../../../arm-none-eabi/lib/thumb/v7e-m/fpv4-sp/hard\libc_nano.a(lib_a-mprec.o)
                0x08008966                _Balloc
 .text._Bfree   0x080089ce       0x2e c:/ac6/systemworkbench/plugins/fr.ac6.mcu.externaltools.arm-none.win32_1.15.0.201708311556/tools/compiler/bin/../lib/gcc/arm-none-eabi/6.3.1/../../../../arm-none-eabi/lib/thumb/v7e-m/fpv4-sp/hard\libc_nano.a(lib_a-mprec.o)
                0x080089ce                _Bfree
 .text.__multadd
                0x080089fc       0x76 c:/ac6/systemworkbench/plugins/fr.ac6.mcu.externaltools.arm-none.win32_1.15.0.201708311556/tools/compiler/bin/../lib/gcc/arm-none-eabi/6.3.1/../../../../arm-none-eabi/lib/thumb/v7e-m/fpv4-sp/hard\libc_nano.a(lib_a-mprec.o)
                0x080089fc                __multadd
 .text.__hi0bits
                0x08008a72       0x3e c:/ac6/systemworkbench/plugins/fr.ac6.mcu.externaltools.arm-none.win32_1.15.0.201708311556/tools/compiler/bin/../lib/gcc/arm-none-eabi/6.3.1/../../../../arm-none-eabi/lib/thumb/v7e-m/fpv4-sp/hard\libc_nano.a(lib_a-mprec.o)
                0x08008a72                __hi0bits
 .text.__lo0bits
                0x08008ab0       0x5e c:/ac6/systemworkbench/plugins/fr.ac6.mcu.externaltools.arm-none.win32_1.15.0.201708311556/tools/compiler/bin/../lib/gcc/arm-none-eabi/6.3.1/../../../../arm-none-eabi/lib/thumb/v7e-m/fpv4-sp/hard\libc_nano.a(lib_a-mprec.o)
                0x08008ab0                __lo0bits
 .text.__i2b    0x08008b0e       0x12 c:/ac6/systemworkbench/plugins/fr.ac6.mcu.externaltools.arm-none.win32_1.15.0.201708311556/tools/compiler/bin/../lib/gcc/arm-none-eabi/6.3.1/../../../../arm-none-eabi/lib/thumb/v7e-m/fpv4-sp/hard\libc_nano.a(lib_a-mprec.o)
                0x08008b0e                __i2b
 .text.__multiply
                0x08008b20      0x11a c:/ac6/systemworkbench/plugins/fr.ac6.mcu.externaltools.arm-none.win32_1.15.0.201708311556/tools/compiler/bin/../lib/gcc/arm-none-eabi/6.3.1/../../../../arm-none-eabi/lib/thumb/v7e-m/fpv4-sp/hard\libc_nano.a(lib_a-mprec.o)
                0x08008b20                __multiply
 *fill*         0x08008c3a        0x2 
 .text.__pow5mult
                0x08008c3c       0x9c c:/ac6/systemworkbench/plugins/fr.ac6.mcu.externaltools.arm-none.win32_1.15.0.201708311556/tools/compiler/bin/../lib/gcc/arm-none-eabi/6.3.1/../../../../arm-none-eabi/lib/thumb/v7e-m/fpv4-sp/hard\libc_nano.a(lib_a-mprec.o)
                0x08008c3c                __pow5mult
 .text.__lshift
                0x08008cd8       0xa2 c:/ac6/systemworkbench/plugins/fr.ac6.mcu.externaltools.arm-none.win32_1.15.0.201708311556/tools/compiler/bin/../lib/gcc/arm-none-eabi/6.3.1/../../../../arm-none-eabi/lib/thumb/v7e-m/fpv4-sp/hard\libc_nano.a(lib_a-mprec.o)
                0x08008cd8                __lshift
 .text.__mcmp   0x08008d7a       0x34 c:/ac6/systemworkbench/plugins/fr.ac6.mcu.externaltools.arm-none.win32_1.15.0.201708311556/tools/compiler/bin/../lib/gcc/arm-none-eabi/6.3.1/../../../../arm-none-eabi/lib/thumb/v7e-m/fpv4-sp/hard\libc_nano.a(lib_a-mprec.o)
                0x08008d7a                __mcmp
 .text.__mdiff  0x08008dae       0xbc c:/ac6/systemworkbench/plugins/fr.ac6.mcu.externaltools.arm-none.win32_1.15.0.201708311556/tools/compiler/bin/../lib/gcc/arm-none-eabi/6.3.1/../../../../arm-none-eabi/lib/thumb/v7e-m/fpv4-sp/hard\libc_nano.a(lib_a-mprec.o)
                0x08008dae                __mdiff
 .text.__d2b    0x08008e6a       0x9e c:/ac6/systemworkbench/plugins/fr.ac6.mcu.externaltools.arm-none.win32_1.15.0.201708311556/tools/compiler/bin/../lib/gcc/arm-none-eabi/6.3.1/../../../../arm-none-eabi/lib/thumb/v7e-m/fpv4-sp/hard\libc_nano.a(lib_a-mprec.o)
                0x08008e6a                __d2b
 .text._calloc_r
                0x08008f08       0x1c c:/ac6/systemworkbench/plugins/fr.ac6.mcu.externaltools.arm-none.win32_1.15.0.201708311556/tools/compiler/bin/../lib/gcc/arm-none-eabi/6.3.1/../../../../arm-none-eabi/lib/thumb/v7e-m/fpv4-sp/hard\libc_nano.a(lib_a-nano-callocr.o)
                0x08008f08                _calloc_r
 .text.__ssputs_r
                0x08008f24       0xb6 c:/ac6/systemworkbench/plugins/fr.ac6.mcu.externaltools.arm-none.win32_1.15.0.201708311556/tools/compiler/bin/../lib/gcc/arm-none-eabi/6.3.1/../../../../arm-none-eabi/lib/thumb/v7e-m/fpv4-sp/hard\libc_nano.a(lib_a-nano-svfprintf.o)
                0x08008f24                __ssputs_r
 *fill*         0x08008fda        0x2 
 .text._svfprintf_r
                0x08008fdc      0x1e8 c:/ac6/systemworkbench/plugins/fr.ac6.mcu.externaltools.arm-none.win32_1.15.0.201708311556/tools/compiler/bin/../lib/gcc/arm-none-eabi/6.3.1/../../../../arm-none-eabi/lib/thumb/v7e-m/fpv4-sp/hard\libc_nano.a(lib_a-nano-svfprintf.o)
                0x08008fdc                _svfiprintf_r
                0x08008fdc                _svfprintf_r
 .text.__ascii_wctomb
                0x080091c4       0x1a c:/ac6/systemworkbench/plugins/fr.ac6.mcu.externaltools.arm-none.win32_1.15.0.201708311556/tools/compiler/bin/../lib/gcc/arm-none-eabi/6.3.1/../../../../arm-none-eabi/lib/thumb/v7e-m/fpv4-sp/hard\libc_nano.a(lib_a-wctomb_r.o)
                0x080091c4                __ascii_wctomb
 .text.memmove  0x080091de       0x34 c:/ac6/systemworkbench/plugins/fr.ac6.mcu.externaltools.arm-none.win32_1.15.0.201708311556/tools/compiler/bin/../lib/gcc/arm-none-eabi/6.3.1/../../../../arm-none-eabi/lib/thumb/v7e-m/fpv4-sp/hard\libc_nano.a(lib_a-memmove.o)
                0x080091de                memmove
 .text._realloc_r
                0x08009212       0x4c c:/ac6/systemworkbench/plugins/fr.ac6.mcu.externaltools.arm-none.win32_1.15.0.201708311556/tools/compiler/bin/../lib/gcc/arm-none-eabi/6.3.1/../../../../arm-none-eabi/lib/thumb/v7e-m/fpv4-sp/hard\libc_nano.a(lib_a-nano-reallocr.o)
                0x08009212                _realloc_r
 .text._malloc_usable_size_r
                0x0800925e       0x12 c:/ac6/systemworkbench/plugins/fr.ac6.mcu.externaltools.arm-none.win32_1.15.0.201708311556/tools/compiler/bin/../lib/gcc/arm-none-eabi/6.3.1/../../../../arm-none-eabi/lib/thumb/v7e-m/fpv4-sp/hard\libc_nano.a(lib_a-nano-msizer.o)
                0x0800925e                _malloc_usable_size_r
 .text._sbrk    0x08009270       0x1c c:/ac6/systemworkbench/plugins/fr.ac6.mcu.externaltools.arm-none.win32_1.15.0.201708311556/tools/compiler/bin/../lib/gcc/arm-none-eabi/6.3.1/../../../../arm-none-eabi/lib/thumb/v7e-m/fpv4-sp/hard\libnosys.a(sbrk.o)
                0x08009270                _sbrk
 *(.glue_7)
 .glue_7        0x0800928c        0x0 linker stubs
 *(.glue_7t)
 .glue_7t       0x0800928c        0x0 linker stubs
 *(.eh_frame)
 .eh_frame      0x0800928c        0x0 c:/ac6/systemworkbench/plugins/fr.ac6.mcu.externaltools.arm-none.win32_1.15.0.201708311556/tools/compiler/bin/../lib/gcc/arm-none-eabi/6.3.1/thumb/v7e-m/fpv4-sp/hard/crtbegin.o
 *(.init)
 .init          0x0800928c        0x4 c:/ac6/systemworkbench/plugins/fr.ac6.mcu.externaltools.arm-none.win32_1.15.0.201708311556/tools/compiler/bin/../lib/gcc/arm-none-eabi/6.3.1/thumb/v7e-m/fpv4-sp/hard/crti.o
                0x0800928c                _init
 .init          0x08009290        0x8 c:/ac6/systemworkbench/plugins/fr.ac6.mcu.externaltools.arm-none.win32_1.15.0.201708311556/tools/compiler/bin/../lib/gcc/arm-none-eabi/6.3.1/thumb/v7e-m/fpv4-sp/hard/crtn.o
 *(.fini)
 .fini          0x08009298        0x4 c:/ac6/systemworkbench/plugins/fr.ac6.mcu.externaltools.arm-none.win32_1.15.0.201708311556/tools/compiler/bin/../lib/gcc/arm-none-eabi/6.3.1/thumb/v7e-m/fpv4-sp/hard/crti.o
                0x08009298                _fini
 .fini          0x0800929c        0x8 c:/ac6/systemworkbench/plugins/fr.ac6.mcu.externaltools.arm-none.win32_1.15.0.201708311556/tools/compiler/bin/../lib/gcc/arm-none-eabi/6.3.1/thumb/v7e-m/fpv4-sp/hard/crtn.o
                0x080092a4                . = ALIGN (0x4)
                0x080092a4                _etext = .

.vfp11_veneer   0x080092a4        0x0
 .vfp11_veneer  0x080092a4        0x0 linker stubs

.v4_bx          0x080092a4        0x0
 .v4_bx         0x080092a4        0x0 linker stubs

.iplt           0x080092a4        0x0
 .iplt          0x080092a4        0x0 c:/ac6/systemworkbench/plugins/fr.ac6.mcu.externaltools.arm-none.win32_1.15.0.201708311556/tools/compiler/bin/../lib/gcc/arm-none-eabi/6.3.1/thumb/v7e-m/fpv4-sp/hard/crtbegin.o

.rodata         0x080092a8      0x320
                0x080092a8                . = ALIGN (0x4)
 *(.rodata)
 .rodata        0x080092a8       0x18 Src/system_stm32f4xx.o
                0x080092a8                AHBPrescTable
                0x080092b8                APBPrescTable
 *(.rodata*)
 .rodata.str1.4
                0x080092c0       0x3e Src/main.o
 *fill*         0x080092fe        0x2 
 .rodata.str1.4
                0x08009300       0x13 Src/usbd_conf.o
 *fill*         0x08009313        0x1 
 .rodata.str1.4
                0x08009314       0x58 Src/usbd_desc.o
                                 0x56 (size before relaxing)
 .rodata._printf_float.str1.1
                0x0800936c       0x12 c:/ac6/systemworkbench/plugins/fr.ac6.mcu.externaltools.arm-none.win32_1.15.0.201708311556/tools/compiler/bin/../lib/gcc/arm-none-eabi/6.3.1/../../../../arm-none-eabi/lib/thumb/v7e-m/fpv4-sp/hard\libc_nano.a(lib_a-nano-vfprintf_float.o)
 .rodata._printf_i.str1.1
                0x0800937e       0x22 c:/ac6/systemworkbench/plugins/fr.ac6.mcu.externaltools.arm-none.win32_1.15.0.201708311556/tools/compiler/bin/../lib/gcc/arm-none-eabi/6.3.1/../../../../arm-none-eabi/lib/thumb/v7e-m/fpv4-sp/hard\libc_nano.a(lib_a-nano-vfprintf_i.o)
 .rodata._dtoa_r.str1.1
                0x080093a0        0xd c:/ac6/systemworkbench/plugins/fr.ac6.mcu.externaltools.arm-none.win32_1.15.0.201708311556/tools/compiler/bin/../lib/gcc/arm-none-eabi/6.3.1/../../../../arm-none-eabi/lib/thumb/v7e-m/fpv4-sp/hard\libc_nano.a(lib_a-dtoa.o)
                                  0xf (size before relaxing)
 .rodata._setlocale_r.str1.1
                0x080093ad        0x8 c:/ac6/systemworkbench/plugins/fr.ac6.mcu.externaltools.arm-none.win32_1.15.0.201708311556/tools/compiler/bin/../lib/gcc/arm-none-eabi/6.3.1/../../../../arm-none-eabi/lib/thumb/v7e-m/fpv4-sp/hard\libc_nano.a(lib_a-locale.o)
                                  0x9 (size before relaxing)
 .rodata.str1.1
                0x080093b5        0x2 c:/ac6/systemworkbench/plugins/fr.ac6.mcu.externaltools.arm-none.win32_1.15.0.201708311556/tools/compiler/bin/../lib/gcc/arm-none-eabi/6.3.1/../../../../arm-none-eabi/lib/thumb/v7e-m/fpv4-sp/hard\libc_nano.a(lib_a-locale.o)
 *fill*         0x080093b7        0x1 
 .rodata.__mprec_bigtens
                0x080093b8       0x28 c:/ac6/systemworkbench/plugins/fr.ac6.mcu.externaltools.arm-none.win32_1.15.0.201708311556/tools/compiler/bin/../lib/gcc/arm-none-eabi/6.3.1/../../../../arm-none-eabi/lib/thumb/v7e-m/fpv4-sp/hard\libc_nano.a(lib_a-mprec.o)
                0x080093b8                __mprec_bigtens
 .rodata.__mprec_tens
                0x080093e0       0xc8 c:/ac6/systemworkbench/plugins/fr.ac6.mcu.externaltools.arm-none.win32_1.15.0.201708311556/tools/compiler/bin/../lib/gcc/arm-none-eabi/6.3.1/../../../../arm-none-eabi/lib/thumb/v7e-m/fpv4-sp/hard\libc_nano.a(lib_a-mprec.o)
                0x080093e0                __mprec_tens
 .rodata.p05.7170
                0x080094a8        0xc c:/ac6/systemworkbench/plugins/fr.ac6.mcu.externaltools.arm-none.win32_1.15.0.201708311556/tools/compiler/bin/../lib/gcc/arm-none-eabi/6.3.1/../../../../arm-none-eabi/lib/thumb/v7e-m/fpv4-sp/hard\libc_nano.a(lib_a-mprec.o)
 .rodata._svfprintf_r.str1.1
                0x080094b4       0x11 c:/ac6/systemworkbench/plugins/fr.ac6.mcu.externaltools.arm-none.win32_1.15.0.201708311556/tools/compiler/bin/../lib/gcc/arm-none-eabi/6.3.1/../../../../arm-none-eabi/lib/thumb/v7e-m/fpv4-sp/hard\libc_nano.a(lib_a-nano-svfprintf.o)
 .rodata._ctype_
                0x080094c5      0x101 c:/ac6/systemworkbench/plugins/fr.ac6.mcu.externaltools.arm-none.win32_1.15.0.201708311556/tools/compiler/bin/../lib/gcc/arm-none-eabi/6.3.1/../../../../arm-none-eabi/lib/thumb/v7e-m/fpv4-sp/hard\libc_nano.a(lib_a-ctype_.o)
                0x080094c5                _ctype_
                0x080095c8                . = ALIGN (0x4)
 *fill*         0x080095c6        0x2 

.ARM.extab
 *(.ARM.extab* .gnu.linkonce.armextab.*)

.ARM            0x080095c8        0x8
                0x080095c8                __exidx_start = .
 *(.ARM.exidx*)
 .ARM.exidx     0x080095c8        0x8 c:/ac6/systemworkbench/plugins/fr.ac6.mcu.externaltools.arm-none.win32_1.15.0.201708311556/tools/compiler/bin/../lib/gcc/arm-none-eabi/6.3.1/thumb/v7e-m/fpv4-sp/hard\libgcc.a(_udivmoddi4.o)
                0x080095d0                __exidx_end = .

.rel.dyn        0x080095d0        0x0
 .rel.iplt      0x080095d0        0x0 c:/ac6/systemworkbench/plugins/fr.ac6.mcu.externaltools.arm-none.win32_1.15.0.201708311556/tools/compiler/bin/../lib/gcc/arm-none-eabi/6.3.1/thumb/v7e-m/fpv4-sp/hard/crtbegin.o

.preinit_array  0x080095d0        0x0
                0x080095d0                PROVIDE (__preinit_array_start, .)
 *(.preinit_array*)
                0x080095d0                PROVIDE (__preinit_array_end, .)

.init_array     0x080095d0        0x4
                0x080095d0                PROVIDE (__init_array_start, .)
 *(SORT(.init_array.*))
 *(.init_array*)
 .init_array    0x080095d0        0x4 c:/ac6/systemworkbench/plugins/fr.ac6.mcu.externaltools.arm-none.win32_1.15.0.201708311556/tools/compiler/bin/../lib/gcc/arm-none-eabi/6.3.1/thumb/v7e-m/fpv4-sp/hard/crtbegin.o
                0x080095d4                PROVIDE (__init_array_end, .)

.fini_array     0x080095d4        0x4
                [!provide]                PROVIDE (__fini_array_start, .)
 *(SORT(.fini_array.*))
 *(.fini_array*)
 .fini_array    0x080095d4        0x4 c:/ac6/systemworkbench/plugins/fr.ac6.mcu.externaltools.arm-none.win32_1.15.0.201708311556/tools/compiler/bin/../lib/gcc/arm-none-eabi/6.3.1/thumb/v7e-m/fpv4-sp/hard/crtbegin.o
                [!provide]                PROVIDE (__fini_array_end, .)
                0x080095d8                _sidata = LOADADDR (.data)

.data           0x20000000      0x5e0 load address 0x080095d8
                0x20000000                . = ALIGN (0x4)
                0x20000000                _sdata = .
 *(.data)
 .data          0x20000000        0x8 Drivers/STM32F4xx_HAL_Driver/Src/stm32f4xx_hal.o
                0x20000000                uwTickFreq
                0x20000004                uwTickPrio
 .data          0x20000008      0x110 Middlewares/ST/STM32_USB_Device_Library/Class/CDC/Src/usbd_cdc.o
                0x20000008                USBD_CDC_CfgFSDesc
                0x2000004c                USBD_CDC_CfgHSDesc
                0x20000090                USBD_CDC_OtherSpeedCfgDesc
                0x200000e0                USBD_CDC
 .data          0x20000118       0x34 Src/l3gd20.o
                0x20000118                L3gd20Drv
 .data          0x2000014c       0x34 Src/lsm303dlhc.o
                0x2000014c                Lsm303dlhcDrv
 .data          0x20000180      0x223 Src/main.o
                0x2000039c                test
 *fill*         0x200003a3        0x1 
 .data          0x200003a4       0x1c Src/stm32f411e_discovery.o
                0x200003a4                SpixTimeout
                0x200003a8                I2cxTimeout
                0x200003ac                GPIO_PORT
                0x200003bc                BUTTON_PORT
 .data          0x200003c0        0x4 Src/system_stm32f4xx.o
                0x200003c0                SystemCoreClock
 .data          0x200003c4       0x18 Src/usbd_cdc_if.o
                0x200003c4                linecoding
                0x200003cc                USBD_Interface_fops_FS
 .data          0x200003dc       0x34 Src/usbd_desc.o
                0x200003dc                USBD_FS_DeviceDesc
                0x200003f0                USBD_LangIDDesc
                0x200003f4                FS_Desc
 *(.data*)
 .data._impure_ptr
                0x20000410        0x4 c:/ac6/systemworkbench/plugins/fr.ac6.mcu.externaltools.arm-none.win32_1.15.0.201708311556/tools/compiler/bin/../lib/gcc/arm-none-eabi/6.3.1/../../../../arm-none-eabi/lib/thumb/v7e-m/fpv4-sp/hard\libc_nano.a(lib_a-impure.o)
                0x20000410                _impure_ptr
 .data.impure_data
                0x20000414       0x60 c:/ac6/systemworkbench/plugins/fr.ac6.mcu.externaltools.arm-none.win32_1.15.0.201708311556/tools/compiler/bin/../lib/gcc/arm-none-eabi/6.3.1/../../../../arm-none-eabi/lib/thumb/v7e-m/fpv4-sp/hard\libc_nano.a(lib_a-impure.o)
 .data.__global_locale
                0x20000474      0x16c c:/ac6/systemworkbench/plugins/fr.ac6.mcu.externaltools.arm-none.win32_1.15.0.201708311556/tools/compiler/bin/../lib/gcc/arm-none-eabi/6.3.1/../../../../arm-none-eabi/lib/thumb/v7e-m/fpv4-sp/hard\libc_nano.a(lib_a-locale.o)
                0x20000474                __global_locale
                0x200005e0                . = ALIGN (0x4)
                0x200005e0                _edata = .

.jcr            0x200005e0        0x0 load address 0x08009bb8
 .jcr           0x200005e0        0x0 c:/ac6/systemworkbench/plugins/fr.ac6.mcu.externaltools.arm-none.win32_1.15.0.201708311556/tools/compiler/bin/../lib/gcc/arm-none-eabi/6.3.1/thumb/v7e-m/fpv4-sp/hard/crtbegin.o

.igot.plt       0x200005e0        0x0 load address 0x08009bb8
 .igot.plt      0x200005e0        0x0 c:/ac6/systemworkbench/plugins/fr.ac6.mcu.externaltools.arm-none.win32_1.15.0.201708311556/tools/compiler/bin/../lib/gcc/arm-none-eabi/6.3.1/thumb/v7e-m/fpv4-sp/hard/crtbegin.o
                0x200005e0                . = ALIGN (0x4)

.bss            0x200005e0     0x1ce4 load address 0x08009bb8
                0x200005e0                _sbss = .
                0x200005e0                __bss_start__ = _sbss
 *(.bss)
 .bss           0x200005e0       0x1c c:/ac6/systemworkbench/plugins/fr.ac6.mcu.externaltools.arm-none.win32_1.15.0.201708311556/tools/compiler/bin/../lib/gcc/arm-none-eabi/6.3.1/thumb/v7e-m/fpv4-sp/hard/crtbegin.o
 .bss           0x200005fc        0x1 Middlewares/ST/STM32_USB_Device_Library/Class/CDC/Src/usbd_cdc.o
 .bss           0x200005fd        0x1 Middlewares/ST/STM32_USB_Device_Library/Core/Src/usbd_ctlreq.o
 *fill*         0x200005fe        0x2 
 .bss           0x20000600      0x224 Src/main.o
                0x20000600                usb_flag
                0x20000601                uart_flag
                0x20000604                sensor_timer
                0x2000060c                usb_count
                0x20000610                uart_count
                0x2000081c                G_count
                0x20000820                A_count
 .bss           0x20000824       0xac Src/stm32f411e_discovery.o
 .bss           0x200008d0        0x4 Src/stm32f411e_discovery_accelerometer.o
 .bss           0x200008d4        0x4 Src/stm32f411e_discovery_gyroscope.o
 *(.bss*)
 .bss.__malloc_free_list
                0x200008d8        0x4 c:/ac6/systemworkbench/plugins/fr.ac6.mcu.externaltools.arm-none.win32_1.15.0.201708311556/tools/compiler/bin/../lib/gcc/arm-none-eabi/6.3.1/../../../../arm-none-eabi/lib/thumb/v7e-m/fpv4-sp/hard\libc_nano.a(lib_a-nano-mallocr.o)
                0x200008d8                __malloc_free_list
 .bss.__malloc_sbrk_start
                0x200008dc        0x4 c:/ac6/systemworkbench/plugins/fr.ac6.mcu.externaltools.arm-none.win32_1.15.0.201708311556/tools/compiler/bin/../lib/gcc/arm-none-eabi/6.3.1/../../../../arm-none-eabi/lib/thumb/v7e-m/fpv4-sp/hard\libc_nano.a(lib_a-nano-mallocr.o)
                0x200008dc                __malloc_sbrk_start
 .bss.heap_end.5239
                0x200008e0        0x4 c:/ac6/systemworkbench/plugins/fr.ac6.mcu.externaltools.arm-none.win32_1.15.0.201708311556/tools/compiler/bin/../lib/gcc/arm-none-eabi/6.3.1/../../../../arm-none-eabi/lib/thumb/v7e-m/fpv4-sp/hard\libnosys.a(sbrk.o)
 *(COMMON)
 COMMON         0x200008e4        0x4 Drivers/STM32F4xx_HAL_Driver/Src/stm32f4xx_hal.o
                0x200008e4                uwTick
 COMMON         0x200008e8      0x1c3 Src/main.o
                0x200008e8                htim4
                0x20000924                hi2c1
                0x20000978                sensorA
                0x20000984                htim3
                0x200009c0                uart_rx
                0x200009d4                sensorG
                0x200009e0                sensorT
                0x200009ec                hspi1
                0x20000a44                huart2
                0x20000a84                msgs
                0x20000a98                sensorC
                0x20000aa4                cmd
 *fill*         0x20000aab        0x1 
 COMMON         0x20000aac      0x224 Src/usb_device.o
                0x20000aac                hUsbDeviceFS
 COMMON         0x20000cd0     0x1000 Src/usbd_cdc_if.o
                0x20000cd0                UserRxBufferFS
                0x200014d0                UserTxBufferFS
 COMMON         0x20001cd0      0x3f0 Src/usbd_conf.o
                0x20001cd0                hpcd_USB_OTG_FS
 COMMON         0x200020c0      0x200 Src/usbd_desc.o
                0x200020c0                USBD_StrDesc
 COMMON         0x200022c0        0x4 c:/ac6/systemworkbench/plugins/fr.ac6.mcu.externaltools.arm-none.win32_1.15.0.201708311556/tools/compiler/bin/../lib/gcc/arm-none-eabi/6.3.1/../../../../arm-none-eabi/lib/thumb/v7e-m/fpv4-sp/hard\libc_nano.a(lib_a-reent.o)
                0x200022c0                errno
                0x200022c4                . = ALIGN (0x4)
                0x200022c4                _ebss = .
                0x200022c4                __bss_end__ = _ebss

._user_heap_stack
                0x200022c4      0x604 load address 0x08009bb8
                0x200022c8                . = ALIGN (0x8)
 *fill*         0x200022c4        0x4 
                0x200022c8                PROVIDE (end, .)
                [!provide]                PROVIDE (_end, .)
                0x200024c8                . = (. + _Min_Heap_Size)
 *fill*         0x200022c8      0x200 
                0x200028c8                . = (. + _Min_Stack_Size)
 *fill*         0x200024c8      0x400 
                0x200028c8                . = ALIGN (0x8)

/DISCARD/
 libc.a(*)
 libm.a(*)
 libgcc.a(*)

.ARM.attributes
                0x00000000       0x30
 *(.ARM.attributes)
 .ARM.attributes
                0x00000000       0x22 c:/ac6/systemworkbench/plugins/fr.ac6.mcu.externaltools.arm-none.win32_1.15.0.201708311556/tools/compiler/bin/../lib/gcc/arm-none-eabi/6.3.1/thumb/v7e-m/fpv4-sp/hard/crti.o
 .ARM.attributes
                0x00000022       0x34 c:/ac6/systemworkbench/plugins/fr.ac6.mcu.externaltools.arm-none.win32_1.15.0.201708311556/tools/compiler/bin/../lib/gcc/arm-none-eabi/6.3.1/thumb/v7e-m/fpv4-sp/hard/crtbegin.o
 .ARM.attributes
                0x00000056       0x39 Drivers/STM32F4xx_HAL_Driver/Src/stm32f4xx_hal.o
 .ARM.attributes
                0x0000008f       0x39 Drivers/STM32F4xx_HAL_Driver/Src/stm32f4xx_hal_cortex.o
 .ARM.attributes
                0x000000c8       0x39 Drivers/STM32F4xx_HAL_Driver/Src/stm32f4xx_hal_dma.o
 .ARM.attributes
                0x00000101       0x39 Drivers/STM32F4xx_HAL_Driver/Src/stm32f4xx_hal_gpio.o
 .ARM.attributes
                0x0000013a       0x39 Drivers/STM32F4xx_HAL_Driver/Src/stm32f4xx_hal_i2c.o
 .ARM.attributes
                0x00000173       0x39 Drivers/STM32F4xx_HAL_Driver/Src/stm32f4xx_hal_pcd.o
 .ARM.attributes
                0x000001ac       0x39 Drivers/STM32F4xx_HAL_Driver/Src/stm32f4xx_hal_pcd_ex.o
 .ARM.attributes
                0x000001e5       0x39 Drivers/STM32F4xx_HAL_Driver/Src/stm32f4xx_hal_rcc.o
 .ARM.attributes
                0x0000021e       0x39 Drivers/STM32F4xx_HAL_Driver/Src/stm32f4xx_hal_spi.o
 .ARM.attributes
                0x00000257       0x39 Drivers/STM32F4xx_HAL_Driver/Src/stm32f4xx_hal_tim.o
 .ARM.attributes
                0x00000290       0x39 Drivers/STM32F4xx_HAL_Driver/Src/stm32f4xx_hal_tim_ex.o
 .ARM.attributes
                0x000002c9       0x39 Drivers/STM32F4xx_HAL_Driver/Src/stm32f4xx_hal_uart.o
 .ARM.attributes
                0x00000302       0x39 Drivers/STM32F4xx_HAL_Driver/Src/stm32f4xx_ll_usb.o
 .ARM.attributes
                0x0000033b       0x39 Middlewares/ST/STM32_USB_Device_Library/Class/CDC/Src/usbd_cdc.o
 .ARM.attributes
                0x00000374       0x39 Middlewares/ST/STM32_USB_Device_Library/Core/Src/usbd_core.o
 .ARM.attributes
                0x000003ad       0x39 Middlewares/ST/STM32_USB_Device_Library/Core/Src/usbd_ctlreq.o
 .ARM.attributes
                0x000003e6       0x39 Middlewares/ST/STM32_USB_Device_Library/Core/Src/usbd_ioreq.o
 .ARM.attributes
                0x0000041f       0x39 Src/fsm.o
 .ARM.attributes
                0x00000458       0x39 Src/l3gd20.o
 .ARM.attributes
                0x00000491       0x39 Src/lsm303dlhc.o
 .ARM.attributes
                0x000004ca       0x39 Src/main.o
 .ARM.attributes
                0x00000503       0x39 Src/ring_buf.o
 .ARM.attributes
                0x0000053c       0x39 Src/stm32f411e_discovery.o
 .ARM.attributes
                0x00000575       0x39 Src/stm32f411e_discovery_accelerometer.o
 .ARM.attributes
                0x000005ae       0x39 Src/stm32f411e_discovery_gyroscope.o
 .ARM.attributes
                0x000005e7       0x39 Src/stm32f4xx_hal_msp.o
 .ARM.attributes
                0x00000620       0x39 Src/stm32f4xx_it.o
 .ARM.attributes
                0x00000659       0x39 Src/system_stm32f4xx.o
 .ARM.attributes
                0x00000692       0x39 Src/usb_device.o
 .ARM.attributes
                0x000006cb       0x39 Src/usbd_cdc_if.o
 .ARM.attributes
                0x00000704       0x39 Src/usbd_conf.o
 .ARM.attributes
                0x0000073d       0x39 Src/usbd_desc.o
 .ARM.attributes
                0x00000776       0x21 startup/startup_stm32f411xe.o
 .ARM.attributes
                0x00000797       0x22 c:/ac6/systemworkbench/plugins/fr.ac6.mcu.externaltools.arm-none.win32_1.15.0.201708311556/tools/compiler/bin/../lib/gcc/arm-none-eabi/6.3.1/thumb/v7e-m/fpv4-sp/hard\libgcc.a(_arm_addsubdf3.o)
 .ARM.attributes
                0x000007b9       0x22 c:/ac6/systemworkbench/plugins/fr.ac6.mcu.externaltools.arm-none.win32_1.15.0.201708311556/tools/compiler/bin/../lib/gcc/arm-none-eabi/6.3.1/thumb/v7e-m/fpv4-sp/hard\libgcc.a(_aeabi_uldivmod.o)
 .ARM.attributes
                0x000007db       0x34 c:/ac6/systemworkbench/plugins/fr.ac6.mcu.externaltools.arm-none.win32_1.15.0.201708311556/tools/compiler/bin/../lib/gcc/arm-none-eabi/6.3.1/thumb/v7e-m/fpv4-sp/hard\libgcc.a(_udivmoddi4.o)
 .ARM.attributes
                0x0000080f       0x22 c:/ac6/systemworkbench/plugins/fr.ac6.mcu.externaltools.arm-none.win32_1.15.0.201708311556/tools/compiler/bin/../lib/gcc/arm-none-eabi/6.3.1/thumb/v7e-m/fpv4-sp/hard\libgcc.a(_dvmd_tls.o)
 .ARM.attributes
                0x00000831       0x34 c:/ac6/systemworkbench/plugins/fr.ac6.mcu.externaltools.arm-none.win32_1.15.0.201708311556/tools/compiler/bin/../lib/gcc/arm-none-eabi/6.3.1/../../../../arm-none-eabi/lib/thumb/v7e-m/fpv4-sp/hard\libc_nano.a(lib_a-atoi.o)
 .ARM.attributes
                0x00000865       0x34 c:/ac6/systemworkbench/plugins/fr.ac6.mcu.externaltools.arm-none.win32_1.15.0.201708311556/tools/compiler/bin/../lib/gcc/arm-none-eabi/6.3.1/../../../../arm-none-eabi/lib/thumb/v7e-m/fpv4-sp/hard\libc_nano.a(lib_a-impure.o)
 .ARM.attributes
                0x00000899       0x34 c:/ac6/systemworkbench/plugins/fr.ac6.mcu.externaltools.arm-none.win32_1.15.0.201708311556/tools/compiler/bin/../lib/gcc/arm-none-eabi/6.3.1/../../../../arm-none-eabi/lib/thumb/v7e-m/fpv4-sp/hard\libc_nano.a(lib_a-init.o)
 .ARM.attributes
                0x000008cd       0x34 c:/ac6/systemworkbench/plugins/fr.ac6.mcu.externaltools.arm-none.win32_1.15.0.201708311556/tools/compiler/bin/../lib/gcc/arm-none-eabi/6.3.1/../../../../arm-none-eabi/lib/thumb/v7e-m/fpv4-sp/hard\libc_nano.a(lib_a-malloc.o)
 .ARM.attributes
                0x00000901       0x34 c:/ac6/systemworkbench/plugins/fr.ac6.mcu.externaltools.arm-none.win32_1.15.0.201708311556/tools/compiler/bin/../lib/gcc/arm-none-eabi/6.3.1/../../../../arm-none-eabi/lib/thumb/v7e-m/fpv4-sp/hard\libc_nano.a(lib_a-memset.o)
 .ARM.attributes