Archive member included to satisfy reference by file (symbol)

/home/pablo/Ac6/SystemWorkbench/plugins/fr.ac6.mcu.externaltools.arm-none.linux64_1.15.0.201708311556/tools/compiler/bin/../lib/gcc/arm-none-eabi/6.3.1/thumb/v7e-m/fpv4-sp/hard/libgcc.a(_arm_addsubdf3.o)
                              Src/sensor.o (__aeabi_f2d)
/home/pablo/Ac6/SystemWorkbench/plugins/fr.ac6.mcu.externaltools.arm-none.linux64_1.15.0.201708311556/tools/compiler/bin/../lib/gcc/arm-none-eabi/6.3.1/thumb/v7e-m/fpv4-sp/hard/libgcc.a(_aeabi_uldivmod.o)
                              Drivers/STM32F4xx_HAL_Driver/Src/stm32f4xx_hal_rcc.o (__aeabi_uldivmod)
/home/pablo/Ac6/SystemWorkbench/plugins/fr.ac6.mcu.externaltools.arm-none.linux64_1.15.0.201708311556/tools/compiler/bin/../lib/gcc/arm-none-eabi/6.3.1/thumb/v7e-m/fpv4-sp/hard/libgcc.a(_udivmoddi4.o)
                              /home/pablo/Ac6/SystemWorkbench/plugins/fr.ac6.mcu.externaltools.arm-none.linux64_1.15.0.201708311556/tools/compiler/bin/../lib/gcc/arm-none-eabi/6.3.1/thumb/v7e-m/fpv4-sp/hard/libgcc.a(_aeabi_uldivmod.o) (__udivmoddi4)
/home/pablo/Ac6/SystemWorkbench/plugins/fr.ac6.mcu.externaltools.arm-none.linux64_1.15.0.201708311556/tools/compiler/bin/../lib/gcc/arm-none-eabi/6.3.1/thumb/v7e-m/fpv4-sp/hard/libgcc.a(_dvmd_tls.o)
                              /home/pablo/Ac6/SystemWorkbench/plugins/fr.ac6.mcu.externaltools.arm-none.linux64_1.15.0.201708311556/tools/compiler/bin/../lib/gcc/arm-none-eabi/6.3.1/thumb/v7e-m/fpv4-sp/hard/libgcc.a(_aeabi_uldivmod.o) (__aeabi_ldiv0)
/home/pablo/Ac6/SystemWorkbench/plugins/fr.ac6.mcu.externaltools.arm-none.linux64_1.15.0.201708311556/tools/compiler/bin/../lib/gcc/arm-none-eabi/6.3.1/../../../../arm-none-eabi/lib/thumb/v7e-m/fpv4-sp/hard/libc_nano.a(lib_a-atoi.o)
                              Src/parser.o (atoi)
/home/pablo/Ac6/SystemWorkbench/plugins/fr.ac6.mcu.externaltools.arm-none.linux64_1.15.0.201708311556/tools/compiler/bin/../lib/gcc/arm-none-eabi/6.3.1/../../../../arm-none-eabi/lib/thumb/v7e-m/fpv4-sp/hard/libc_nano.a(lib_a-exit.o)
                              /home/pablo/Ac6/SystemWorkbench/plugins/fr.ac6.mcu.externaltools.arm-none.linux64_1.15.0.201708311556/tools/compiler/bin/../lib/gcc/arm-none-eabi/6.3.1/../../../../arm-none-eabi/lib/thumb/v7e-m/fpv4-sp/hard/crt0.o (exit)
/home/pablo/Ac6/SystemWorkbench/plugins/fr.ac6.mcu.externaltools.arm-none.linux64_1.15.0.201708311556/tools/compiler/bin/../lib/gcc/arm-none-eabi/6.3.1/../../../../arm-none-eabi/lib/thumb/v7e-m/fpv4-sp/hard/libc_nano.a(lib_a-impure.o)
                              /home/pablo/Ac6/SystemWorkbench/plugins/fr.ac6.mcu.externaltools.arm-none.linux64_1.15.0.201708311556/tools/compiler/bin/../lib/gcc/arm-none-eabi/6.3.1/../../../../arm-none-eabi/lib/thumb/v7e-m/fpv4-sp/hard/libc_nano.a(lib_a-exit.o) (_global_impure_ptr)
/home/pablo/Ac6/SystemWorkbench/plugins/fr.ac6.mcu.externaltools.arm-none.linux64_1.15.0.201708311556/tools/compiler/bin/../lib/gcc/arm-none-eabi/6.3.1/../../../../arm-none-eabi/lib/thumb/v7e-m/fpv4-sp/hard/libc_nano.a(lib_a-init.o)
                              /home/pablo/Ac6/SystemWorkbench/plugins/fr.ac6.mcu.externaltools.arm-none.linux64_1.15.0.201708311556/tools/compiler/bin/../lib/gcc/arm-none-eabi/6.3.1/../../../../arm-none-eabi/lib/thumb/v7e-m/fpv4-sp/hard/crt0.o (__libc_init_array)
/home/pablo/Ac6/SystemWorkbench/plugins/fr.ac6.mcu.externaltools.arm-none.linux64_1.15.0.201708311556/tools/compiler/bin/../lib/gcc/arm-none-eabi/6.3.1/../../../../arm-none-eabi/lib/thumb/v7e-m/fpv4-sp/hard/libc_nano.a(lib_a-malloc.o)
                              Middlewares/ST/STM32_USB_Device_Library/Class/CDC/Src/usbd_cdc.o (malloc)
/home/pablo/Ac6/SystemWorkbench/plugins/fr.ac6.mcu.externaltools.arm-none.linux64_1.15.0.201708311556/tools/compiler/bin/../lib/gcc/arm-none-eabi/6.3.1/../../../../arm-none-eabi/lib/thumb/v7e-m/fpv4-sp/hard/libc_nano.a(lib_a-memset.o)
                              /home/pablo/Ac6/SystemWorkbench/plugins/fr.ac6.mcu.externaltools.arm-none.linux64_1.15.0.201708311556/tools/compiler/bin/../lib/gcc/arm-none-eabi/6.3.1/../../../../arm-none-eabi/lib/thumb/v7e-m/fpv4-sp/hard/crt0.o (memset)
/home/pablo/Ac6/SystemWorkbench/plugins/fr.ac6.mcu.externaltools.arm-none.linux64_1.15.0.201708311556/tools/compiler/bin/../lib/gcc/arm-none-eabi/6.3.1/../../../../arm-none-eabi/lib/thumb/v7e-m/fpv4-sp/hard/libc_nano.a(lib_a-nano-freer.o)
                              /home/pablo/Ac6/SystemWorkbench/plugins/fr.ac6.mcu.externaltools.arm-none.linux64_1.15.0.201708311556/tools/compiler/bin/../lib/gcc/arm-none-eabi/6.3.1/../../../../arm-none-eabi/lib/thumb/v7e-m/fpv4-sp/hard/libc_nano.a(lib_a-malloc.o) (_free_r)
/home/pablo/Ac6/SystemWorkbench/plugins/fr.ac6.mcu.externaltools.arm-none.linux64_1.15.0.201708311556/tools/compiler/bin/../lib/gcc/arm-none-eabi/6.3.1/../../../../arm-none-eabi/lib/thumb/v7e-m/fpv4-sp/hard/libc_nano.a(lib_a-nano-mallocr.o)
[...]
Memory Configuration

Name             Origin             Length             Attributes
RAM              0x0000000020000000 0x0000000000020000 xrw
FLASH            0x0000000008000000 0x0000000000080000 xr
*default*        0x0000000000000000 0xffffffffffffffff

Linker script and memory map

LOAD /home/pablo/Ac6/SystemWorkbench/plugins/fr.ac6.mcu.externaltools.arm-none.linux64_1.15.0.201708311556/tools/compiler/bin/../lib/gcc/arm-none-eabi/6.3.1/thumb/v7e-m/fpv4-sp/hard/crti.o
LOAD /home/pablo/Ac6/SystemWorkbench/plugins/fr.ac6.mcu.externaltools.arm-none.linux64_1.15.0.201708311556/tools/compiler/bin/../lib/gcc/arm-none-eabi/6.3.1/thumb/v7e-m/fpv4-sp/hard/crtbegin.o
LOAD /home/pablo/Ac6/SystemWorkbench/plugins/fr.ac6.mcu.externaltools.arm-none.linux64_1.15.0.201708311556/tools/compiler/bin/../lib/gcc/arm-none-eabi/6.3.1/../../../../arm-none-eabi/lib/thumb/v7e-m/fpv4-sp/hard/crt0.o
LOAD Drivers/STM32F4xx_HAL_Driver/Src/stm32f4xx_hal.o
LOAD Drivers/STM32F4xx_HAL_Driver/Src/stm32f4xx_hal_cortex.o
LOAD Drivers/STM32F4xx_HAL_Driver/Src/stm32f4xx_hal_dma.o
LOAD Drivers/STM32F4xx_HAL_Driver/Src/stm32f4xx_hal_dma_ex.o
LOAD Drivers/STM32F4xx_HAL_Driver/Src/stm32f4xx_hal_flash.o
LOAD Drivers/STM32F4xx_HAL_Driver/Src/stm32f4xx_hal_flash_ex.o
LOAD Drivers/STM32F4xx_HAL_Driver/Src/stm32f4xx_hal_flash_ramfunc.o
LOAD Drivers/STM32F4xx_HAL_Driver/Src/stm32f4xx_hal_gpio.o
LOAD Drivers/STM32F4xx_HAL_Driver/Src/stm32f4xx_hal_i2c.o
LOAD Drivers/STM32F4xx_HAL_Driver/Src/stm32f4xx_hal_i2c_ex.o
LOAD Drivers/STM32F4xx_HAL_Driver/Src/stm32f4xx_hal_pcd.o
LOAD Drivers/STM32F4xx_HAL_Driver/Src/stm32f4xx_hal_pcd_ex.o
LOAD Drivers/STM32F4xx_HAL_Driver/Src/stm32f4xx_hal_pwr.o
LOAD Drivers/STM32F4xx_HAL_Driver/Src/stm32f4xx_hal_pwr_ex.o
LOAD Drivers/STM32F4xx_HAL_Driver/Src/stm32f4xx_hal_rcc.o
LOAD Drivers/STM32F4xx_HAL_Driver/Src/stm32f4xx_hal_rcc_ex.o
LOAD Drivers/STM32F4xx_HAL_Driver/Src/stm32f4xx_hal_spi.o
LOAD Drivers/STM32F4xx_HAL_Driver/Src/stm32f4xx_hal_tim.o
LOAD Drivers/STM32F4xx_HAL_Driver/Src/stm32f4xx_hal_tim_ex.o
LOAD Drivers/STM32F4xx_HAL_Driver/Src/stm32f4xx_hal_uart.o
LOAD Drivers/STM32F4xx_HAL_Driver/Src/stm32f4xx_ll_usb.o
LOAD Middlewares/ST/STM32_USB_Device_Library/Class/CDC/Src/usbd_cdc.o
LOAD Middlewares/ST/STM32_USB_Device_Library/Core/Src/usbd_core.o
LOAD Middlewares/ST/STM32_USB_Device_Library/Core/Src/usbd_ctlreq.o
LOAD Middlewares/ST/STM32_USB_Device_Library/Core/Src/usbd_ioreq.o
LOAD Src/fsm.o
LOAD Src/l3gd20.o
LOAD Src/lsm303dlhc.o
LOAD Src/main.o
LOAD Src/parser.o
LOAD Src/ring_buf.o
LOAD Src/sensor.o
LOAD Src/stm32f411e_discovery.o
LOAD Src/stm32f411e_discovery_accelerometer.o
LOAD Src/stm32f411e_discovery_gyroscope.o
LOAD Src/stm32f4xx_hal_msp.o
LOAD Src/stm32f4xx_it.o
LOAD Src/system_stm32f4xx.o
LOAD Src/uart.o
LOAD Src/usb.o
LOAD Src/usb_device.o
LOAD Src/usbd_cdc_if.o
LOAD Src/usbd_conf.o
LOAD Src/usbd_desc.o
LOAD startup/startup_stm32f411xe.o
LOAD /home/pablo/Ac6/SystemWorkbench/plugins/fr.ac6.mcu.externaltools.arm-none.linux64_1.15.0.201708311556/tools/compiler/bin/../lib/gcc/arm-none-eabi/6.3.1/../../../../arm-none-eabi/lib/thumb/v7e-m/fpv4-sp/hard/libm.a
START GROUP
LOAD /home/pablo/Ac6/SystemWorkbench/plugins/fr.ac6.mcu.externaltools.arm-none.linux64_1.15.0.201708311556/tools/compiler/bin/../lib/gcc/arm-none-eabi/6.3.1/thumb/v7e-m/fpv4-sp/hard/libgcc.a
LOAD /home/pablo/Ac6/SystemWorkbench/plugins/fr.ac6.mcu.externaltools.arm-none.linux64_1.15.0.201708311556/tools/compiler/bin/../lib/gcc/arm-none-eabi/6.3.1/../../../../arm-none-eabi/lib/thumb/v7e-m/fpv4-sp/hard/libc_nano.a
END GROUP
START GROUP
LOAD /home/pablo/Ac6/SystemWorkbench/plugins/fr.ac6.mcu.externaltools.arm-none.linux64_1.15.0.201708311556/tools/compiler/bin/../lib/gcc/arm-none-eabi/6.3.1/thumb/v7e-m/fpv4-sp/hard/libgcc.a
LOAD /home/pablo/Ac6/SystemWorkbench/plugins/fr.ac6.mcu.externaltools.arm-none.linux64_1.15.0.201708311556/tools/compiler/bin/../lib/gcc/arm-none-eabi/6.3.1/../../../../arm-none-eabi/lib/thumb/v7e-m/fpv4-sp/hard/libc_nano.a
LOAD /home/pablo/Ac6/SystemWorkbench/plugins/fr.ac6.mcu.externaltools.arm-none.linux64_1.15.0.201708311556/tools/compiler/bin/../lib/gcc/arm-none-eabi/6.3.1/../../../../arm-none-eabi/lib/thumb/v7e-m/fpv4-sp/hard/libnosys.a
END GROUP
START GROUP
LOAD /home/pablo/Ac6/SystemWorkbench/plugins/fr.ac6.mcu.externaltools.arm-none.linux64_1.15.0.201708311556/tools/compiler/bin/../lib/gcc/arm-none-eabi/6.3.1/thumb/v7e-m/fpv4-sp/hard/libgcc.a
LOAD /home/pablo/Ac6/SystemWorkbench/plugins/fr.ac6.mcu.externaltools.arm-none.linux64_1.15.0.201708311556/tools/compiler/bin/../lib/gcc/arm-none-eabi/6.3.1/../../../../arm-none-eabi/lib/thumb/v7e-m/fpv4-sp/hard/libc_nano.a
LOAD /home/pablo/Ac6/SystemWorkbench/plugins/fr.ac6.mcu.externaltools.arm-none.linux64_1.15.0.201708311556/tools/compiler/bin/../lib/gcc/arm-none-eabi/6.3.1/../../../../arm-none-eabi/lib/thumb/v7e-m/fpv4-sp/hard/libnosys.a
END GROUP
LOAD /home/pablo/Ac6/SystemWorkbench/plugins/fr.ac6.mcu.externaltools.arm-none.linux64_1.15.0.201708311556/tools/compiler/bin/../lib/gcc/arm-none-eabi/6.3.1/thumb/v7e-m/fpv4-sp/hard/crtend.o
LOAD /home/pablo/Ac6/SystemWorkbench/plugins/fr.ac6.mcu.externaltools.arm-none.linux64_1.15.0.201708311556/tools/compiler/bin/../lib/gcc/arm-none-eabi/6.3.1/thumb/v7e-m/fpv4-sp/hard/crtn.o
                0x0000000020020000                _estack = 0x20020000
                0x0000000000000200                _Min_Heap_Size = 0x200
                0x0000000000000400                _Min_Stack_Size = 0x400

.isr_vector     0x0000000008000000      0x198
                0x0000000008000000                . = ALIGN (0x4)
 *(.isr_vector)
 .isr_vector    0x0000000008000000      0x198 startup/startup_stm32f411xe.o
                0x0000000008000000                g_pfnVectors
                0x0000000008000198                . = ALIGN (0x4)

.text           0x00000000080001a0     0x95a4
                0x00000000080001a0                . = ALIGN (0x4)
 *(.text)
 .text          0x00000000080001a0       0x6c /home/pablo/Ac6/SystemWorkbench/plugins/fr.ac6.mcu.externaltools.arm-none.linux64_1.15.0.201708311556/tools/compiler/bin/../lib/gcc/arm-none-eabi/6.3.1/thumb/v7e-m/fpv4-sp/hard/crtbegin.o
 .text          0x000000000800020c      0x370 /home/pablo/Ac6/SystemWorkbench/plugins/fr.ac6.mcu.externaltools.arm-none.linux64_1.15.0.201708311556/tools/compiler/bin/../lib/gcc/arm-none-eabi/6.3.1/thumb/v7e-m/fpv4-sp/hard/libgcc.a(_arm_addsubdf3.o)
                0x000000000800020c                __aeabi_drsub
                0x0000000008000214                __aeabi_dsub
                0x0000000008000214                __subdf3
                0x0000000008000218                __adddf3
                0x0000000008000218                __aeabi_dadd
                0x0000000008000490                __aeabi_ui2d
                0x0000000008000490                __floatunsidf
                0x00000000080004b0                __floatsidf
                0x00000000080004b0                __aeabi_i2d
                0x00000000080004d4                __extendsfdf2
                0x00000000080004d4                __aeabi_f2d
                0x0000000008000510                __aeabi_ul2d
                0x0000000008000510                __floatundidf
                0x0000000008000520                __floatdidf
                0x0000000008000520                __aeabi_l2d
 .text          0x000000000800057c       0x30 /home/pablo/Ac6/SystemWorkbench/plugins/fr.ac6.mcu.externaltools.arm-none.linux64_1.15.0.201708311556/tools/compiler/bin/../lib/gcc/arm-none-eabi/6.3.1/thumb/v7e-m/fpv4-sp/hard/libgcc.a(_aeabi_uldivmod.o)
                0x000000000800057c                __aeabi_uldivmod
 .text          0x00000000080005ac      0x2dc /home/pablo/Ac6/SystemWorkbench/plugins/fr.ac6.mcu.externaltools.arm-none.linux64_1.15.0.201708311556/tools/compiler/bin/../lib/gcc/arm-none-eabi/6.3.1/thumb/v7e-m/fpv4-sp/hard/libgcc.a(_udivmoddi4.o)
                0x00000000080005ac                __udivmoddi4
 .text          0x0000000008000888        0x4 /home/pablo/Ac6/SystemWorkbench/plugins/fr.ac6.mcu.externaltools.arm-none.linux64_1.15.0.201708311556/tools/compiler/bin/../lib/gcc/arm-none-eabi/6.3.1/thumb/v7e-m/fpv4-sp/hard/libgcc.a(_dvmd_tls.o)
                0x0000000008000888                __aeabi_ldiv0
                0x0000000008000888                __aeabi_idiv0
 .text          0x000000000800088c       0x10 /home/pablo/Ac6/SystemWorkbench/plugins/fr.ac6.mcu.externaltools.arm-none.linux64_1.15.0.201708311556/tools/compiler/bin/../lib/gcc/arm-none-eabi/6.3.1/../../../../arm-none-eabi/lib/thumb/v7e-m/fpv4-sp/hard/libc_nano.a(lib_a-strlen.o)
                0x000000000800088c                strlen
 *fill*         0x000000000800089c        0x4 
 .text          0x00000000080008a0       0xa0 /home/pablo/Ac6/SystemWorkbench/plugins/fr.ac6.mcu.externaltools.arm-none.linux64_1.15.0.201708311556/tools/compiler/bin/../lib/gcc/arm-none-eabi/6.3.1/../../../../arm-none-eabi/lib/thumb/v7e-m/fpv4-sp/hard/libc_nano.a(lib_a-memchr.o)
                0x00000000080008a0                memchr
 .text          0x0000000008000940      0x424 /home/pablo/Ac6/SystemWorkbench/plugins/fr.ac6.mcu.externaltools.arm-none.linux64_1.15.0.201708311556/tools/compiler/bin/../lib/gcc/arm-none-eabi/6.3.1/thumb/v7e-m/fpv4-sp/hard/libgcc.a(_arm_muldivdf3.o)
                0x0000000008000940                __aeabi_dmul
                0x0000000008000940                __muldf3
                0x0000000008000b94                __aeabi_ddiv
                0x0000000008000b94                __divdf3
 .text          0x0000000008000d64      0x110 /home/pablo/Ac6/SystemWorkbench/plugins/fr.ac6.mcu.externaltools.arm-none.linux64_1.15.0.201708311556/tools/compiler/bin/../lib/gcc/arm-none-eabi/6.3.1/thumb/v7e-m/fpv4-sp/hard/libgcc.a(_arm_cmpdf2.o)
                0x0000000008000d64                __gtdf2
                0x0000000008000d64                __gedf2
                0x0000000008000d6c                __ltdf2
                0x0000000008000d6c                __ledf2
                0x0000000008000d74                __cmpdf2
                0x0000000008000d74                __eqdf2
                0x0000000008000d74                __nedf2
                0x0000000008000df0                __aeabi_cdrcmple
                0x0000000008000e00                __aeabi_cdcmple
                0x0000000008000e00                __aeabi_cdcmpeq
                0x0000000008000e10                __aeabi_dcmpeq
                0x0000000008000e24                __aeabi_dcmplt
                0x0000000008000e38                __aeabi_dcmple
                0x0000000008000e4c                __aeabi_dcmpge
                0x0000000008000e60                __aeabi_dcmpgt
 .text          0x0000000008000e74       0x2c /home/pablo/Ac6/SystemWorkbench/plugins/fr.ac6.mcu.externaltools.arm-none.linux64_1.15.0.201708311556/tools/compiler/bin/../lib/gcc/arm-none-eabi/6.3.1/thumb/v7e-m/fpv4-sp/hard/libgcc.a(_arm_unorddf2.o)
                0x0000000008000e74                __aeabi_dcmpun
                0x0000000008000e74                __unorddf2
 .text          0x0000000008000ea0       0x50 /home/pablo/Ac6/SystemWorkbench/plugins/fr.ac6.mcu.externaltools.arm-none.linux64_1.15.0.201708311556/tools/compiler/bin/../lib/gcc/arm-none-eabi/6.3.1/thumb/v7e-m/fpv4-sp/hard/libgcc.a(_arm_fixdfsi.o)
                0x0000000008000ea0                __fixdfsi
                0x0000000008000ea0                __aeabi_d2iz
 *(.text*)
 .text.HAL_InitTick
                0x0000000008000ef0       0x48 Drivers/STM32F4xx_HAL_Driver/Src/stm32f4xx_hal.o
                0x0000000008000ef0                HAL_InitTick
 .text.HAL_Init
                0x0000000008000f38       0x34 Drivers/STM32F4xx_HAL_Driver/Src/stm32f4xx_hal.o
                0x0000000008000f38                HAL_Init
 .text.HAL_IncTick
                0x0000000008000f6c       0x18 Drivers/STM32F4xx_HAL_Driver/Src/stm32f4xx_hal.o
                0x0000000008000f6c                HAL_IncTick
 .text.HAL_GetTick
                0x0000000008000f84        0xc Drivers/STM32F4xx_HAL_Driver/Src/stm32f4xx_hal.o
                0x0000000008000f84                HAL_GetTick
 .text.HAL_Delay
                0x0000000008000f90       0x28 Drivers/STM32F4xx_HAL_Driver/Src/stm32f4xx_hal.o
                0x0000000008000f90                HAL_Delay
 .text.HAL_NVIC_SetPriorityGrouping
                0x0000000008000fb8       0x24 Drivers/STM32F4xx_HAL_Driver/Src/stm32f4xx_hal_cortex.o
                0x0000000008000fb8                HAL_NVIC_SetPriorityGrouping
 .text.HAL_NVIC_SetPriority
                0x0000000008000fdc       0x64 Drivers/STM32F4xx_HAL_Driver/Src/stm32f4xx_hal_cortex.o
                0x0000000008000fdc                HAL_NVIC_SetPriority
 .text.HAL_NVIC_EnableIRQ
                0x0000000008001040       0x18 Drivers/STM32F4xx_HAL_Driver/Src/stm32f4xx_hal_cortex.o
                0x0000000008001040                HAL_NVIC_EnableIRQ
 .text.HAL_SYSTICK_Config
                0x0000000008001058       0x2c Drivers/STM32F4xx_HAL_Driver/Src/stm32f4xx_hal_cortex.o
                0x0000000008001058                HAL_SYSTICK_Config
 .text.HAL_SYSTICK_CLKSourceConfig
                0x0000000008001084       0x20 Drivers/STM32F4xx_HAL_Driver/Src/stm32f4xx_hal_cortex.o
                0x0000000008001084                HAL_SYSTICK_CLKSourceConfig
 .text.HAL_SYSTICK_IRQHandler
                0x00000000080010a4        0x8 Drivers/STM32F4xx_HAL_Driver/Src/stm32f4xx_hal_cortex.o
                0x00000000080010a4                HAL_SYSTICK_IRQHandler
 .text.HAL_DMA_Abort_IT
                0x00000000080010ac       0x26 Drivers/STM32F4xx_HAL_Driver/Src/stm32f4xx_hal_dma.o
                0x00000000080010ac                HAL_DMA_Abort_IT
 *fill*         0x00000000080010d2        0x2 
 .text.HAL_GPIO_Init
                0x00000000080010d4      0x1a8 Drivers/STM32F4xx_HAL_Driver/Src/stm32f4xx_hal_gpio.o
                0x00000000080010d4                HAL_GPIO_Init
 .text.HAL_GPIO_DeInit
                0x000000000800127c       0xfc Drivers/STM32F4xx_HAL_Driver/Src/stm32f4xx_hal_gpio.o
                0x000000000800127c                HAL_GPIO_DeInit
 .text.HAL_GPIO_WritePin
                0x0000000008001378        0xc Drivers/STM32F4xx_HAL_Driver/Src/stm32f4xx_hal_gpio.o
                0x0000000008001378                HAL_GPIO_WritePin
 .text.I2C_IsAcknowledgeFailed
                0x0000000008001384       0x2a Drivers/STM32F4xx_HAL_Driver/Src/stm32f4xx_hal_i2c.o
 .text.I2C_WaitOnFlagUntilTimeout
                0x00000000080013ae       0x68 Drivers/STM32F4xx_HAL_Driver/Src/stm32f4xx_hal_i2c.o
 .text.I2C_WaitOnMasterAddressFlagUntilTimeout
                0x0000000008001416       0x90 Drivers/STM32F4xx_HAL_Driver/Src/stm32f4xx_hal_i2c.o
 .text.I2C_WaitOnTXEFlagUntilTimeout
                0x00000000080014a6       0x4e Drivers/STM32F4xx_HAL_Driver/Src/stm32f4xx_hal_i2c.o
 .text.I2C_RequestMemoryWrite
                0x00000000080014f4       0xd4 Drivers/STM32F4xx_HAL_Driver/Src/stm32f4xx_hal_i2c.o
 .text.I2C_RequestMemoryRead
                0x00000000080015c8      0x148 Drivers/STM32F4xx_HAL_Driver/Src/stm32f4xx_hal_i2c.o
 .text.I2C_WaitOnBTFFlagUntilTimeout
                0x0000000008001710       0x4e Drivers/STM32F4xx_HAL_Driver/Src/stm32f4xx_hal_i2c.o
 .text.I2C_WaitOnRXNEFlagUntilTimeout
                0x000000000800175e       0x5c Drivers/STM32F4xx_HAL_Driver/Src/stm32f4xx_hal_i2c.o
 *fill*         0x00000000080017ba        0x2 
 .text.HAL_I2C_Init
                0x00000000080017bc      0x11c Drivers/STM32F4xx_HAL_Driver/Src/stm32f4xx_hal_i2c.o
                0x00000000080017bc                HAL_I2C_Init
 .text.HAL_I2C_DeInit
                0x00000000080018d8       0x32 Drivers/STM32F4xx_HAL_Driver/Src/stm32f4xx_hal_i2c.o
                0x00000000080018d8                HAL_I2C_DeInit
 *fill*         0x000000000800190a        0x2 
 .text.HAL_I2C_Mem_Write
                0x000000000800190c      0x17c Drivers/STM32F4xx_HAL_Driver/Src/stm32f4xx_hal_i2c.o
                0x000000000800190c                HAL_I2C_Mem_Write
 .text.HAL_I2C_Mem_Read
                0x0000000008001a88      0x2f4 Drivers/STM32F4xx_HAL_Driver/Src/stm32f4xx_hal_i2c.o
                0x0000000008001a88                HAL_I2C_Mem_Read
 .text.HAL_I2C_GetState
                0x0000000008001d7c        0x6 Drivers/STM32F4xx_HAL_Driver/Src/stm32f4xx_hal_i2c.o
                0x0000000008001d7c                HAL_I2C_GetState
 .text.PCD_WriteEmptyTxFifo
                0x0000000008001d82       0xac Drivers/STM32F4xx_HAL_Driver/Src/stm32f4xx_hal_pcd.o
 .text.HAL_PCD_Init
                0x0000000008001e2e       0xe0 Drivers/STM32F4xx_HAL_Driver/Src/stm32f4xx_hal_pcd.o
                0x0000000008001e2e                HAL_PCD_Init
 .text.HAL_PCD_Start
                0x0000000008001f0e       0x2a Drivers/STM32F4xx_HAL_Driver/Src/stm32f4xx_hal_pcd.o
                0x0000000008001f0e                HAL_PCD_Start
 .text.HAL_PCD_IRQHandler
                0x0000000008001f38      0x5c4 Drivers/STM32F4xx_HAL_Driver/Src/stm32f4xx_hal_pcd.o
                0x0000000008001f38                HAL_PCD_IRQHandler
 .text.HAL_PCD_SetAddress
                0x00000000080024fc       0x24 Drivers/STM32F4xx_HAL_Driver/Src/stm32f4xx_hal_pcd.o
                0x00000000080024fc                HAL_PCD_SetAddress
 .text.HAL_PCD_EP_Open
                0x0000000008002520       0x68 Drivers/STM32F4xx_HAL_Driver/Src/stm32f4xx_hal_pcd.o
                0x0000000008002520                HAL_PCD_EP_Open
 .text.HAL_PCD_EP_Close
                0x0000000008002588       0x56 Drivers/STM32F4xx_HAL_Driver/Src/stm32f4xx_hal_pcd.o
                0x0000000008002588                HAL_PCD_EP_Close
 .text.HAL_PCD_EP_Receive
                0x00000000080025de       0x5a Drivers/STM32F4xx_HAL_Driver/Src/stm32f4xx_hal_pcd.o
                0x00000000080025de                HAL_PCD_EP_Receive
 .text.HAL_PCD_EP_GetRxCount
                0x0000000008002638       0x12 Drivers/STM32F4xx_HAL_Driver/Src/stm32f4xx_hal_pcd.o
                0x0000000008002638                HAL_PCD_EP_GetRxCount
 .text.HAL_PCD_EP_Transmit
                0x000000000800264a       0x52 Drivers/STM32F4xx_HAL_Driver/Src/stm32f4xx_hal_pcd.o
                0x000000000800264a                HAL_PCD_EP_Transmit
 .text.HAL_PCD_EP_SetStall
                0x000000000800269c       0x66 Drivers/STM32F4xx_HAL_Driver/Src/stm32f4xx_hal_pcd.o
                0x000000000800269c                HAL_PCD_EP_SetStall
 .text.HAL_PCD_EP_ClrStall
                0x0000000008002702       0x56 Drivers/STM32F4xx_HAL_Driver/Src/stm32f4xx_hal_pcd.o
                0x0000000008002702                HAL_PCD_EP_ClrStall
 .text.HAL_PCDEx_SetTxFiFo
                0x0000000008002758       0x48 Drivers/STM32F4xx_HAL_Driver/Src/stm32f4xx_hal_pcd_ex.o
                0x0000000008002758                HAL_PCDEx_SetTxFiFo
 .text.HAL_PCDEx_SetRxFiFo
                0x00000000080027a0        0x8 Drivers/STM32F4xx_HAL_Driver/Src/stm32f4xx_hal_pcd_ex.o
                0x00000000080027a0                HAL_PCDEx_SetRxFiFo
 .text.HAL_RCC_OscConfig
                0x00000000080027a8      0x398 Drivers/STM32F4xx_HAL_Driver/Src/stm32f4xx_hal_rcc.o
                0x00000000080027a8                HAL_RCC_OscConfig
 .text.HAL_RCC_GetSysClockFreq
                0x0000000008002b40       0xd4 Drivers/STM32F4xx_HAL_Driver/Src/stm32f4xx_hal_rcc.o
                0x0000000008002b40                HAL_RCC_GetSysClockFreq
 .text.HAL_RCC_ClockConfig
                0x0000000008002c14      0x158 Drivers/STM32F4xx_HAL_Driver/Src/stm32f4xx_hal_rcc.o
                0x0000000008002c14                HAL_RCC_ClockConfig
 .text.HAL_RCC_GetHCLKFreq
                0x0000000008002d6c        0xc Drivers/STM32F4xx_HAL_Driver/Src/stm32f4xx_hal_rcc.o
                0x0000000008002d6c                HAL_RCC_GetHCLKFreq
 .text.HAL_RCC_GetPCLK1Freq
                0x0000000008002d78       0x20 Drivers/STM32F4xx_HAL_Driver/Src/stm32f4xx_hal_rcc.o
                0x0000000008002d78                HAL_RCC_GetPCLK1Freq
 .text.HAL_RCC_GetPCLK2Freq
                0x0000000008002d98       0x20 Drivers/STM32F4xx_HAL_Driver/Src/stm32f4xx_hal_rcc.o
                0x0000000008002d98                HAL_RCC_GetPCLK2Freq
 .text.SPI_WaitFlagStateUntilTimeout
                0x0000000008002db8       0x96 Drivers/STM32F4xx_HAL_Driver/Src/stm32f4xx_hal_spi.o
 .text.SPI_CheckFlag_BSY
                0x0000000008002e4e       0x26 Drivers/STM32F4xx_HAL_Driver/Src/stm32f4xx_hal_spi.o
 .text.HAL_SPI_Init
                0x0000000008002e74       0x80 Drivers/STM32F4xx_HAL_Driver/Src/stm32f4xx_hal_spi.o
                0x0000000008002e74                HAL_SPI_Init
 .text.HAL_SPI_DeInit
                0x0000000008002ef4       0x2c Drivers/STM32F4xx_HAL_Driver/Src/stm32f4xx_hal_spi.o
                0x0000000008002ef4                HAL_SPI_DeInit
 .text.HAL_SPI_TransmitReceive
                0x0000000008002f20      0x242 Drivers/STM32F4xx_HAL_Driver/Src/stm32f4xx_hal_spi.o
                0x0000000008002f20                HAL_SPI_TransmitReceive
 .text.HAL_SPI_GetState
                0x0000000008003162        0x6 Drivers/STM32F4xx_HAL_Driver/Src/stm32f4xx_hal_spi.o
                0x0000000008003162                HAL_SPI_GetState
 .text.TIM_OC1_SetConfig
                0x0000000008003168       0x54 Drivers/STM32F4xx_HAL_Driver/Src/stm32f4xx_hal_tim.o
 .text.TIM_OC3_SetConfig
                0x00000000080031bc       0x5c Drivers/STM32F4xx_HAL_Driver/Src/stm32f4xx_hal_tim.o
 .text.TIM_OC4_SetConfig
                0x0000000008003218       0x48 Drivers/STM32F4xx_HAL_Driver/Src/stm32f4xx_hal_tim.o
 .text.HAL_TIM_Base_Start_IT
                0x0000000008003260       0x18 Drivers/STM32F4xx_HAL_Driver/Src/stm32f4xx_hal_tim.o
                0x0000000008003260                HAL_TIM_Base_Start_IT
 .text.HAL_TIM_Base_Stop_IT
                0x0000000008003278       0x2c Drivers/STM32F4xx_HAL_Driver/Src/stm32f4xx_hal_tim.o
                0x0000000008003278                HAL_TIM_Base_Stop_IT
 .text.HAL_TIM_OC_DelayElapsedCallback
                0x00000000080032a4        0x2 Drivers/STM32F4xx_HAL_Driver/Src/stm32f4xx_hal_tim.o
                0x00000000080032a4                HAL_TIM_OC_DelayElapsedCallback
 .text.HAL_TIM_IC_CaptureCallback
                0x00000000080032a6        0x2 Drivers/STM32F4xx_HAL_Driver/Src/stm32f4xx_hal_tim.o
                0x00000000080032a6                HAL_TIM_IC_CaptureCallback
 .text.HAL_TIM_PWM_PulseFinishedCallback
                0x00000000080032a8        0x2 Drivers/STM32F4xx_HAL_Driver/Src/stm32f4xx_hal_tim.o
                0x00000000080032a8                HAL_TIM_PWM_PulseFinishedCallback
 .text.HAL_TIM_TriggerCallback
                0x00000000080032aa        0x2 Drivers/STM32F4xx_HAL_Driver/Src/stm32f4xx_hal_tim.o
                0x00000000080032aa                HAL_TIM_TriggerCallback
 .text.HAL_TIM_IRQHandler
                0x00000000080032ac      0x17a Drivers/STM32F4xx_HAL_Driver/Src/stm32f4xx_hal_tim.o
                0x00000000080032ac                HAL_TIM_IRQHandler
 *fill*         0x0000000008003426        0x2 
 .text.TIM_Base_SetConfig
                0x0000000008003428       0xd0 Drivers/STM32F4xx_HAL_Driver/Src/stm32f4xx_hal_tim.o
                0x0000000008003428                TIM_Base_SetConfig
 .text.HAL_TIM_Base_Init
                0x00000000080034f8       0x32 Drivers/STM32F4xx_HAL_Driver/Src/stm32f4xx_hal_tim.o
                0x00000000080034f8                HAL_TIM_Base_Init
 .text.HAL_TIM_PWM_Init
                0x000000000800352a       0x32 Drivers/STM32F4xx_HAL_Driver/Src/stm32f4xx_hal_tim.o
                0x000000000800352a                HAL_TIM_PWM_Init
 .text.TIM_OC2_SetConfig
                0x000000000800355c       0x5c Drivers/STM32F4xx_HAL_Driver/Src/stm32f4xx_hal_tim.o
                0x000000000800355c                TIM_OC2_SetConfig
 .text.HAL_TIM_PWM_ConfigChannel
                0x00000000080035b8       0xdc Drivers/STM32F4xx_HAL_Driver/Src/stm32f4xx_hal_tim.o
                0x00000000080035b8                HAL_TIM_PWM_ConfigChannel
 .text.TIM_CCxChannelCmd
                0x0000000008003694       0x1e Drivers/STM32F4xx_HAL_Driver/Src/stm32f4xx_hal_tim.o
                0x0000000008003694                TIM_CCxChannelCmd
 *fill*         0x00000000080036b2        0x2 
 .text.HAL_TIM_PWM_Start
                0x00000000080036b4       0x30 Drivers/STM32F4xx_HAL_Driver/Src/stm32f4xx_hal_tim.o
                0x00000000080036b4                HAL_TIM_PWM_Start
 .text.HAL_TIMEx_MasterConfigSynchronization
                0x00000000080036e4       0x52 Drivers/STM32F4xx_HAL_Driver/Src/stm32f4xx_hal_tim_ex.o
                0x00000000080036e4                HAL_TIMEx_MasterConfigSynchronization
 .text.HAL_TIMEx_CommutationCallback
                0x0000000008003736        0x2 Drivers/STM32F4xx_HAL_Driver/Src/stm32f4xx_hal_tim_ex.o
                0x0000000008003736                HAL_TIMEx_CommutationCallback
 .text.HAL_TIMEx_BreakCallback
                0x0000000008003738        0x2 Drivers/STM32F4xx_HAL_Driver/Src/stm32f4xx_hal_tim_ex.o
                0x0000000008003738                HAL_TIMEx_BreakCallback
 .text.UART_EndRxTransfer
                0x000000000800373a       0x1c Drivers/STM32F4xx_HAL_Driver/Src/stm32f4xx_hal_uart.o
 .text.UART_Transmit_IT
                0x0000000008003756       0x6a Drivers/STM32F4xx_HAL_Driver/Src/stm32f4xx_hal_uart.o
 .text.UART_SetConfig
                0x00000000080037c0      0x344 Drivers/STM32F4xx_HAL_Driver/Src/stm32f4xx_hal_uart.o
 .text.UART_WaitOnFlagUntilTimeout
                0x0000000008003b04       0x64 Drivers/STM32F4xx_HAL_Driver/Src/stm32f4xx_hal_uart.o
 .text.HAL_UART_Init
                0x0000000008003b68       0x5e Drivers/STM32F4xx_HAL_Driver/Src/stm32f4xx_hal_uart.o
                0x0000000008003b68                HAL_UART_Init
 .text.HAL_UART_Transmit
                0x0000000008003bc6       0xe2 Drivers/STM32F4xx_HAL_Driver/Src/stm32f4xx_hal_uart.o
                0x0000000008003bc6                HAL_UART_Transmit
 .text.HAL_UART_Receive_IT
                0x0000000008003ca8       0x52 Drivers/STM32F4xx_HAL_Driver/Src/stm32f4xx_hal_uart.o
                0x0000000008003ca8                HAL_UART_Receive_IT
 .text.UART_EndTransmit_IT
                0x0000000008003cfa       0x1a Drivers/STM32F4xx_HAL_Driver/Src/stm32f4xx_hal_uart.o
 .text.UART_Receive_IT
                0x0000000008003d14       0x94 Drivers/STM32F4xx_HAL_Driver/Src/stm32f4xx_hal_uart.o
 .text.HAL_UART_ErrorCallback
                0x0000000008003da8        0x2 Drivers/STM32F4xx_HAL_Driver/Src/stm32f4xx_hal_uart.o
                0x0000000008003da8                HAL_UART_ErrorCallback
 *fill*         0x0000000008003daa        0x2 
 .text.HAL_UART_IRQHandler
                0x0000000008003dac      0x120 Drivers/STM32F4xx_HAL_Driver/Src/stm32f4xx_hal_uart.o
                0x0000000008003dac                HAL_UART_IRQHandler
 .text.UART_DMAAbortOnError
                0x0000000008003ecc       0x10 Drivers/STM32F4xx_HAL_Driver/Src/stm32f4xx_hal_uart.o
 .text.USB_CoreInit
                0x0000000008003edc       0x7c Drivers/STM32F4xx_HAL_Driver/Src/stm32f4xx_ll_usb.o
                0x0000000008003edc                USB_CoreInit
 .text.USB_EnableGlobalInt
                0x0000000008003f58        0xc Drivers/STM32F4xx_HAL_Driver/Src/stm32f4xx_ll_usb.o
                0x0000000008003f58                USB_EnableGlobalInt
 .text.USB_DisableGlobalInt
                0x0000000008003f64        0xc Drivers/STM32F4xx_HAL_Driver/Src/stm32f4xx_ll_usb.o
                0x0000000008003f64                USB_DisableGlobalInt
 .text.USB_SetCurrentMode
                0x0000000008003f70       0x2c Drivers/STM32F4xx_HAL_Driver/Src/stm32f4xx_ll_usb.o
                0x0000000008003f70                USB_SetCurrentMode
 .text.USB_DevInit
                0x0000000008003f9c      0x150 Drivers/STM32F4xx_HAL_Driver/Src/stm32f4xx_ll_usb.o
                0x0000000008003f9c                USB_DevInit
 .text.USB_FlushTxFifo
                0x00000000080040ec       0x28 Drivers/STM32F4xx_HAL_Driver/Src/stm32f4xx_ll_usb.o
                0x00000000080040ec                USB_FlushTxFifo
 .text.USB_FlushRxFifo
                0x0000000008004114       0x24 Drivers/STM32F4xx_HAL_Driver/Src/stm32f4xx_ll_usb.o
                0x0000000008004114                USB_FlushRxFifo
 .text.USB_SetDevSpeed
                0x0000000008004138        0xe Drivers/STM32F4xx_HAL_Driver/Src/stm32f4xx_ll_usb.o
                0x0000000008004138                USB_SetDevSpeed
 .text.USB_GetDevSpeed
                0x0000000008004146       0x40 Drivers/STM32F4xx_HAL_Driver/Src/stm32f4xx_ll_usb.o
                0x0000000008004146                USB_GetDevSpeed
 .text.USB_ActivateEndpoint
                0x0000000008004186       0x92 Drivers/STM32F4xx_HAL_Driver/Src/stm32f4xx_ll_usb.o
                0x0000000008004186                USB_ActivateEndpoint
 .text.USB_DeactivateEndpoint
                0x0000000008004218       0xf0 Drivers/STM32F4xx_HAL_Driver/Src/stm32f4xx_ll_usb.o
                0x0000000008004218                USB_DeactivateEndpoint
 .text.USB_EPStartXfer
                0x0000000008004308      0x264 Drivers/STM32F4xx_HAL_Driver/Src/stm32f4xx_ll_usb.o
                0x0000000008004308                USB_EPStartXfer
 .text.USB_EP0StartXfer
                0x000000000800456c      0x160 Drivers/STM32F4xx_HAL_Driver/Src/stm32f4xx_ll_usb.o
                0x000000000800456c                USB_EP0StartXfer
 .text.USB_WritePacket
                0x00000000080046cc       0x28 Drivers/STM32F4xx_HAL_Driver/Src/stm32f4xx_ll_usb.o
                0x00000000080046cc                USB_WritePacket
 .text.USB_ReadPacket
                0x00000000080046f4       0x28 Drivers/STM32F4xx_HAL_Driver/Src/stm32f4xx_ll_usb.o
                0x00000000080046f4                USB_ReadPacket
 .text.USB_EPSetStall
                0x000000000800471c       0x64 Drivers/STM32F4xx_HAL_Driver/Src/stm32f4xx_ll_usb.o
                0x000000000800471c                USB_EPSetStall
 .text.USB_EPClearStall
                0x0000000008004780       0x6a Drivers/STM32F4xx_HAL_Driver/Src/stm32f4xx_ll_usb.o
                0x0000000008004780                USB_EPClearStall
 .text.USB_SetDevAddress
                0x00000000080047ea       0x20 Drivers/STM32F4xx_HAL_Driver/Src/stm32f4xx_ll_usb.o
                0x00000000080047ea                USB_SetDevAddress
 .text.USB_DevConnect
                0x000000000800480a       0x18 Drivers/STM32F4xx_HAL_Driver/Src/stm32f4xx_ll_usb.o
                0x000000000800480a                USB_DevConnect
 .text.USB_DevDisconnect
                0x0000000008004822       0x18 Drivers/STM32F4xx_HAL_Driver/Src/stm32f4xx_ll_usb.o
                0x0000000008004822                USB_DevDisconnect
 .text.USB_ReadInterrupts
                0x000000000800483a        0x8 Drivers/STM32F4xx_HAL_Driver/Src/stm32f4xx_ll_usb.o
                0x000000000800483a                USB_ReadInterrupts
 .text.USB_ReadDevAllOutEpInterrupt
                0x0000000008004842       0x10 Drivers/STM32F4xx_HAL_Driver/Src/stm32f4xx_ll_usb.o
                0x0000000008004842                USB_ReadDevAllOutEpInterrupt
 .text.USB_ReadDevAllInEpInterrupt
                0x0000000008004852       0x10 Drivers/STM32F4xx_HAL_Driver/Src/stm32f4xx_ll_usb.o
                0x0000000008004852                USB_ReadDevAllInEpInterrupt
 .text.USB_ReadDevOutEPInterrupt
                0x0000000008004862       0x12 Drivers/STM32F4xx_HAL_Driver/Src/stm32f4xx_ll_usb.o
                0x0000000008004862                USB_ReadDevOutEPInterrupt
 .text.USB_ReadDevInEPInterrupt
                0x0000000008004874       0x1c Drivers/STM32F4xx_HAL_Driver/Src/stm32f4xx_ll_usb.o
                0x0000000008004874                USB_ReadDevInEPInterrupt
 .text.USB_GetMode
                0x0000000008004890        0x8 Drivers/STM32F4xx_HAL_Driver/Src/stm32f4xx_ll_usb.o
                0x0000000008004890                USB_GetMode
 .text.USB_ActivateSetup
                0x0000000008004898       0x38 Drivers/STM32F4xx_HAL_Driver/Src/stm32f4xx_ll_usb.o
                0x0000000008004898                USB_ActivateSetup
 .text.USB_EP0_OutStart
                0x00000000080048d0       0x46 Drivers/STM32F4xx_HAL_Driver/Src/stm32f4xx_ll_usb.o
                0x00000000080048d0                USB_EP0_OutStart
 *fill*         0x0000000008004916        0x2 
 .text.USB_CoreReset
                0x0000000008004918       0x3c Drivers/STM32F4xx_HAL_Driver/Src/stm32f4xx_ll_usb.o
 .text.USBD_CDC_DataIn
                0x0000000008004954       0x12 Middlewares/ST/STM32_USB_Device_Library/Class/CDC/Src/usbd_cdc.o
 .text.USBD_CDC_EP0_RxReady
                0x0000000008004966       0x28 Middlewares/ST/STM32_USB_Device_Library/Class/CDC/Src/usbd_cdc.o
 *fill*         0x000000000800498e        0x2 
 .text.USBD_CDC_GetFSCfgDesc
                0x0000000008004990        0xc Middlewares/ST/STM32_USB_Device_Library/Class/CDC/Src/usbd_cdc.o
 .text.USBD_CDC_GetHSCfgDesc
                0x000000000800499c        0xc Middlewares/ST/STM32_USB_Device_Library/Class/CDC/Src/usbd_cdc.o
 .text.USBD_CDC_GetOtherSpeedCfgDesc
                0x00000000080049a8        0xc Middlewares/ST/STM32_USB_Device_Library/Class/CDC/Src/usbd_cdc.o
 .text.USBD_CDC_GetDeviceQualifierDescriptor
                0x00000000080049b4        0xc Middlewares/ST/STM32_USB_Device_Library/Class/CDC/Src/usbd_cdc.o
                0x00000000080049b4                USBD_CDC_GetDeviceQualifierDescriptor
 .text.USBD_CDC_DataOut
                0x00000000080049c0       0x2e Middlewares/ST/STM32_USB_Device_Library/Class/CDC/Src/usbd_cdc.o
 *fill*         0x00000000080049ee        0x2 
 .text.USBD_CDC_Setup
                0x00000000080049f0       0x74 Middlewares/ST/STM32_USB_Device_Library/Class/CDC/Src/usbd_cdc.o
 .text.USBD_CDC_DeInit
                0x0000000008004a64       0x3a Middlewares/ST/STM32_USB_Device_Library/Class/CDC/Src/usbd_cdc.o
 .text.USBD_CDC_Init
                0x0000000008004a9e       0x96 Middlewares/ST/STM32_USB_Device_Library/Class/CDC/Src/usbd_cdc.o
 .text.USBD_CDC_RegisterInterface
                0x0000000008004b34        0xe Middlewares/ST/STM32_USB_Device_Library/Class/CDC/Src/usbd_cdc.o
                0x0000000008004b34                USBD_CDC_RegisterInterface
 .text.USBD_CDC_SetTxBuffer
                0x0000000008004b42       0x10 Middlewares/ST/STM32_USB_Device_Library/Class/CDC/Src/usbd_cdc.o
                0x0000000008004b42                USBD_CDC_SetTxBuffer
 .text.USBD_CDC_SetRxBuffer
                0x0000000008004b52        0xc Middlewares/ST/STM32_USB_Device_Library/Class/CDC/Src/usbd_cdc.o
                0x0000000008004b52                USBD_CDC_SetRxBuffer
 .text.USBD_CDC_TransmitPacket
                0x0000000008004b5e       0x2e Middlewares/ST/STM32_USB_Device_Library/Class/CDC/Src/usbd_cdc.o
                0x0000000008004b5e                USBD_CDC_TransmitPacket
 .text.USBD_CDC_ReceivePacket
                0x0000000008004b8c       0x32 Middlewares/ST/STM32_USB_Device_Library/Class/CDC/Src/usbd_cdc.o
                0x0000000008004b8c                USBD_CDC_ReceivePacket
 .text.USBD_Init
                0x0000000008004bbe       0x2e Middlewares/ST/STM32_USB_Device_Library/Core/Src/usbd_core.o
                0x0000000008004bbe                USBD_Init
 .text.USBD_RegisterClass
                0x0000000008004bec        0xe Middlewares/ST/STM32_USB_Device_Library/Core/Src/usbd_core.o
                0x0000000008004bec                USBD_RegisterClass
 .text.USBD_Start
                0x0000000008004bfa        0xa Middlewares/ST/STM32_USB_Device_Library/Core/Src/usbd_core.o
                0x0000000008004bfa                USBD_Start
 .text.USBD_SetClassConfig
                0x0000000008004c04       0x1a Middlewares/ST/STM32_USB_Device_Library/Core/Src/usbd_core.o
                0x0000000008004c04                USBD_SetClassConfig
 .text.USBD_ClrClassConfig
                0x0000000008004c1e        0xe Middlewares/ST/STM32_USB_Device_Library/Core/Src/usbd_core.o
                0x0000000008004c1e                USBD_ClrClassConfig
 .text.USBD_LL_SetupStage
                0x0000000008004c2c       0x5a Middlewares/ST/STM32_USB_Device_Library/Core/Src/usbd_core.o
                0x0000000008004c2c                USBD_LL_SetupStage
 .text.USBD_LL_DataOutStage
                0x0000000008004c86       0x6a Middlewares/ST/STM32_USB_Device_Library/Core/Src/usbd_core.o
                0x0000000008004c86                USBD_LL_DataOutStage
 .text.USBD_LL_DataInStage
                0x0000000008004cf0       0xb2 Middlewares/ST/STM32_USB_Device_Library/Core/Src/usbd_core.o
                0x0000000008004cf0                USBD_LL_DataInStage
 .text.USBD_LL_Reset
                0x0000000008004da2       0x3e Middlewares/ST/STM32_USB_Device_Library/Core/Src/usbd_core.o
                0x0000000008004da2                USBD_LL_Reset
 .text.USBD_LL_SetSpeed
                0x0000000008004de0        0x6 Middlewares/ST/STM32_USB_Device_Library/Core/Src/usbd_core.o
                0x0000000008004de0                USBD_LL_SetSpeed
 .text.USBD_LL_Suspend
                0x0000000008004de6       0x12 Middlewares/ST/STM32_USB_Device_Library/Core/Src/usbd_core.o
                0x0000000008004de6                USBD_LL_Suspend
 .text.USBD_LL_Resume
                0x0000000008004df8        0xc Middlewares/ST/STM32_USB_Device_Library/Core/Src/usbd_core.o
                0x0000000008004df8                USBD_LL_Resume
 .text.USBD_LL_SOF
                0x0000000008004e04       0x1c Middlewares/ST/STM32_USB_Device_Library/Core/Src/usbd_core.o
                0x0000000008004e04                USBD_LL_SOF
 .text.USBD_LL_IsoINIncomplete
                0x0000000008004e20        0x4 Middlewares/ST/STM32_USB_Device_Library/Core/Src/usbd_core.o
                0x0000000008004e20                USBD_LL_IsoINIncomplete
 .text.USBD_LL_IsoOUTIncomplete
                0x0000000008004e24        0x4 Middlewares/ST/STM32_USB_Device_Library/Core/Src/usbd_core.o
                0x0000000008004e24                USBD_LL_IsoOUTIncomplete
 .text.USBD_LL_DevConnected
                0x0000000008004e28        0x4 Middlewares/ST/STM32_USB_Device_Library/Core/Src/usbd_core.o
                0x0000000008004e28                USBD_LL_DevConnected
 .text.USBD_LL_DevDisconnected
                0x0000000008004e2c       0x16 Middlewares/ST/STM32_USB_Device_Library/Core/Src/usbd_core.o
                0x0000000008004e2c                USBD_LL_DevDisconnected
 .text.USBD_GetLen
                0x0000000008004e42       0x14 Middlewares/ST/STM32_USB_Device_Library/Core/Src/usbd_ctlreq.o
 .text.USBD_SetFeature
                0x0000000008004e56       0x20 Middlewares/ST/STM32_USB_Device_Library/Core/Src/usbd_ctlreq.o
 .text.USBD_ParseSetupRequest
                0x0000000008004e76       0x28 Middlewares/ST/STM32_USB_Device_Library/Core/Src/usbd_ctlreq.o
                0x0000000008004e76                USBD_ParseSetupRequest
 .text.USBD_CtlError
                0x0000000008004e9e       0x14 Middlewares/ST/STM32_USB_Device_Library/Core/Src/usbd_ctlreq.o
                0x0000000008004e9e                USBD_CtlError
 .text.USBD_GetDescriptor
                0x0000000008004eb2      0x132 Middlewares/ST/STM32_USB_Device_Library/Core/Src/usbd_ctlreq.o
 .text.USBD_SetAddress
                0x0000000008004fe4       0x4a Middlewares/ST/STM32_USB_Device_Library/Core/Src/usbd_ctlreq.o
 *fill*         0x000000000800502e        0x2 
 .text.USBD_SetConfig
                0x0000000008005030       0xa4 Middlewares/ST/STM32_USB_Device_Library/Core/Src/usbd_ctlreq.o
 .text.USBD_GetConfig
                0x00000000080050d4       0x3a Middlewares/ST/STM32_USB_Device_Library/Core/Src/usbd_ctlreq.o
 .text.USBD_GetStatus
                0x000000000800510e       0x2c Middlewares/ST/STM32_USB_Device_Library/Core/Src/usbd_ctlreq.o
 .text.USBD_ClrFeature
                0x000000000800513a       0x32 Middlewares/ST/STM32_USB_Device_Library/Core/Src/usbd_ctlreq.o
 .text.USBD_StdDevReq
                0x000000000800516c       0x48 Middlewares/ST/STM32_USB_Device_Library/Core/Src/usbd_ctlreq.o
                0x000000000800516c                USBD_StdDevReq
 .text.USBD_StdItfReq
                0x00000000080051b4       0x38 Middlewares/ST/STM32_USB_Device_Library/Core/Src/usbd_ctlreq.o
                0x00000000080051b4                USBD_StdItfReq
 .text.USBD_StdEPReq
                0x00000000080051ec      0x118 Middlewares/ST/STM32_USB_Device_Library/Core/Src/usbd_ctlreq.o
                0x00000000080051ec                USBD_StdEPReq
 .text.USBD_GetString
                0x0000000008005304       0x3a Middlewares/ST/STM32_USB_Device_Library/Core/Src/usbd_ctlreq.o
                0x0000000008005304                USBD_GetString
 .text.USBD_CtlSendData
                0x000000000800533e       0x1a Middlewares/ST/STM32_USB_Device_Library/Core/Src/usbd_ioreq.o
                0x000000000800533e                USBD_CtlSendData
 .text.USBD_CtlContinueSendData
                0x0000000008005358       0x10 Middlewares/ST/STM32_USB_Device_Library/Core/Src/usbd_ioreq.o
                0x0000000008005358                USBD_CtlContinueSendData
 .text.USBD_CtlPrepareRx
                0x0000000008005368       0x1e Middlewares/ST/STM32_USB_Device_Library/Core/Src/usbd_ioreq.o
                0x0000000008005368                USBD_CtlPrepareRx
 .text.USBD_CtlContinueRx
                0x0000000008005386       0x10 Middlewares/ST/STM32_USB_Device_Library/Core/Src/usbd_ioreq.o
                0x0000000008005386                USBD_CtlContinueRx
 .text.USBD_CtlSendStatus
                0x0000000008005396       0x16 Middlewares/ST/STM32_USB_Device_Library/Core/Src/usbd_ioreq.o
                0x0000000008005396                USBD_CtlSendStatus
 .text.USBD_CtlReceiveStatus
                0x00000000080053ac       0x16 Middlewares/ST/STM32_USB_Device_Library/Core/Src/usbd_ioreq.o
                0x00000000080053ac                USBD_CtlReceiveStatus
 .text.fsm_init
                0x00000000080053c2        0x8 Src/fsm.o
                0x00000000080053c2                fsm_init
 .text.fsm_new  0x00000000080053ca       0x16 Src/fsm.o
                0x00000000080053ca                fsm_new
 .text.fsm_fire
                0x00000000080053e0       0x30 Src/fsm.o
                0x00000000080053e0                fsm_fire
 .text.L3GD20_DeInit
                0x0000000008005410        0x2 Src/l3gd20.o
                0x0000000008005410                L3GD20_DeInit
 .text.L3GD20_Init
                0x0000000008005412       0x34 Src/l3gd20.o
                0x0000000008005412                L3GD20_Init
 .text.L3GD20_LowPower
                0x0000000008005446       0x1a Src/l3gd20.o
                0x0000000008005446                L3GD20_LowPower
 .text.L3GD20_ReadID
                0x0000000008005460       0x1e Src/l3gd20.o
                0x0000000008005460                L3GD20_ReadID
 .text.L3GD20_RebootCmd
                0x000000000800547e       0x2e Src/l3gd20.o
                0x000000000800547e                L3GD20_RebootCmd
 .text.L3GD20_INT1InterruptConfig
                0x00000000080054ac       0x60 Src/l3gd20.o
                0x00000000080054ac                L3GD20_INT1InterruptConfig
 .text.L3GD20_EnableIT
                0x000000000800550c       0x46 Src/l3gd20.o
                0x000000000800550c                L3GD20_EnableIT
 .text.L3GD20_DisableIT
                0x0000000008005552       0x42 Src/l3gd20.o
                0x0000000008005552                L3GD20_DisableIT
 .text.L3GD20_FilterConfig
                0x0000000008005594       0x30 Src/l3gd20.o
                0x0000000008005594                L3GD20_FilterConfig
 .text.L3GD20_FilterCmd
                0x00000000080055c4       0x30 Src/l3gd20.o
                0x00000000080055c4                L3GD20_FilterCmd
 .text.L3GD20_ReadXYZAngRate
                0x00000000080055f4       0xec Src/l3gd20.o
                0x00000000080055f4                L3GD20_ReadXYZAngRate
 .text.LSM303DLHC_AccDeInit
                0x00000000080056e0        0x2 Src/lsm303dlhc.o
                0x00000000080056e0                LSM303DLHC_AccDeInit
 .text.LSM303DLHC_AccInit
                0x00000000080056e2       0x1e Src/lsm303dlhc.o
                0x00000000080056e2                LSM303DLHC_AccInit
 .text.LSM303DLHC_AccReadID
                0x0000000008005700       0x10 Src/lsm303dlhc.o
                0x0000000008005700                LSM303DLHC_AccReadID
 .text.LSM303DLHC_AccRebootCmd
                0x0000000008005710       0x1a Src/lsm303dlhc.o
                0x0000000008005710                LSM303DLHC_AccRebootCmd
 .text.LSM303DLHC_AccFilterConfig
                0x000000000800572a       0x1c Src/lsm303dlhc.o
                0x000000000800572a                LSM303DLHC_AccFilterConfig
 .text.LSM303DLHC_AccFilterCmd
                0x0000000008005746       0x1c Src/lsm303dlhc.o
                0x0000000008005746                LSM303DLHC_AccFilterCmd
 .text.LSM303DLHC_AccReadXYZ
                0x0000000008005762      0x10a Src/lsm303dlhc.o
                0x0000000008005762                LSM303DLHC_AccReadXYZ
 .text.LSM303DLHC_AccFilterClickCmd
                0x000000000800586c       0x1c Src/lsm303dlhc.o
                0x000000000800586c                LSM303DLHC_AccFilterClickCmd
 .text.LSM303DLHC_AccIT1Enable
                0x0000000008005888       0x1c Src/lsm303dlhc.o
                0x0000000008005888                LSM303DLHC_AccIT1Enable
 .text.LSM303DLHC_AccClickITEnable
                0x00000000080058a4       0x44 Src/lsm303dlhc.o
                0x00000000080058a4                LSM303DLHC_AccClickITEnable
 .text.LSM303DLHC_AccZClickITConfig
                0x00000000080058e8       0x1a Src/lsm303dlhc.o
                0x00000000080058e8                LSM303DLHC_AccZClickITConfig
 *fill*         0x0000000008005902        0x2 
 .text.MX_GPIO_Init
                0x0000000008005904      0x1b4 Src/main.o
 .text._Error_Handler
                0x0000000008005ab8        0x2 Src/main.o
                0x0000000008005ab8                _Error_Handler
 *fill*         0x0000000008005aba        0x2 
 .text.MX_USART2_UART_Init
                0x0000000008005abc       0x3c Src/main.o
 .text.MX_TIM3_Init
                0x0000000008005af8       0xd0 Src/main.o
 .text.MX_TIM4_Init
                0x0000000008005bc8       0xc0 Src/main.o
 .text.MX_I2C1_Init
                0x0000000008005c88       0x44 Src/main.o
 .text.MX_SPI1_Init
                0x0000000008005ccc       0x48 Src/main.o
 .text.MX_TIM10_Init
                0x0000000008005d14       0x38 Src/main.o
 .text.SystemClock_Config
                0x0000000008005d4c       0xc4 Src/main.o
                0x0000000008005d4c                SystemClock_Config
 .text.main     0x0000000008005e10       0xf4 Src/main.o
                0x0000000008005e10                main
 .text.map      0x0000000008005f04       0x1e Src/parser.o
 .text.return_true
                0x0000000008005f22        0x4 Src/parser.o
 *fill*         0x0000000008005f26        0x2 
 .text.check_command_count
                0x0000000008005f28       0x14 Src/parser.o
 .text.cmd_A    0x0000000008005f3c        0xc Src/parser.o
 .text.cmd_C    0x0000000008005f48        0xc Src/parser.o
 .text.cmd_G    0x0000000008005f54        0xc Src/parser.o
 .text.cmd_T    0x0000000008005f60        0xc Src/parser.o
 .text.cmd_M    0x0000000008005f6c        0xc Src/parser.o
 .text.cmd_L    0x0000000008005f78        0xc Src/parser.o
 .text.cmd_S    0x0000000008005f84        0xc Src/parser.o
 .text.do_C     0x0000000008005f90        0xc Src/parser.o
 .text.do_T     0x0000000008005f9c        0xc Src/parser.o
 .text.do_S     0x0000000008005fa8       0x84 Src/parser.o
 .text.select_device
                0x000000000800602c       0x80 Src/parser.o
 .text.do_L     0x00000000080060ac       0x74 Src/parser.o
 .text.do_M     0x0000000008006120       0x70 Src/parser.o
 .text.do_G     0x0000000008006190       0x44 Src/parser.o
 .text.do_A     0x00000000080061d4       0x44 Src/parser.o
 .text.HAL_TIM_PeriodElapsedCallback
                0x0000000008006218       0xa8 Src/parser.o
                0x0000000008006218                HAL_TIM_PeriodElapsedCallback
 .text.fsm_new_parser
                0x00000000080062c0       0x10 Src/parser.o
                0x00000000080062c0                fsm_new_parser
 .text.parseMsg
                0x00000000080062d0      0x150 Src/parser.o
                0x00000000080062d0                parseMsg
 .text.rb_write
                0x0000000008006420       0x1c Src/ring_buf.o
                0x0000000008006420                rb_write
 .text.rb_len   0x000000000800643c       0x18 Src/ring_buf.o
                0x000000000800643c                rb_len
 .text.rb_read  0x0000000008006454        0xc Src/ring_buf.o
                0x0000000008006454                rb_read
 .text.rb_pop   0x0000000008006460       0x1e Src/ring_buf.o
                0x0000000008006460                rb_pop
 *fill*         0x000000000800647e        0x2 
 .text.timer_A  0x0000000008006480        0xc Src/sensor.o
 .text.timer_G  0x000000000800648c        0xc Src/sensor.o
 .text.timer_finished_A
                0x0000000008006498       0x10 Src/sensor.o
 .text.timer_finished_G
                0x00000000080064a8       0x10 Src/sensor.o
 .text.send_A   0x00000000080064b8       0x80 Src/sensor.o
 .text.send_G   0x0000000008006538       0x98 Src/sensor.o
 .text.fsm_new_accelero
                0x00000000080065d0       0x10 Src/sensor.o
                0x00000000080065d0                fsm_new_accelero
 .text.fsm_new_gyro
                0x00000000080065e0       0x10 Src/sensor.o
                0x00000000080065e0                fsm_new_gyro
 .text.HAL_SYSTICK_Callback
                0x00000000080065f0       0x88 Src/sensor.o
                0x00000000080065f0                HAL_SYSTICK_Callback
 .text.SPIx_MspInit
                0x0000000008006678       0x58 Src/stm32f411e_discovery.o
 .text.I2Cx_MspInit
                0x00000000080066d0       0x88 Src/stm32f411e_discovery.o
 .text.SPIx_Init
                0x0000000008006758       0x4c Src/stm32f411e_discovery.o
 .text.SPIx_Error
                0x00000000080067a4       0x14 Src/stm32f411e_discovery.o
 .text.SPIx_WriteRead
                0x00000000080067b8       0x3c Src/stm32f411e_discovery.o
 .text.I2Cx_Init
                0x00000000080067f4       0x4c Src/stm32f411e_discovery.o
 .text.I2Cx_Error
                0x0000000008006840       0x14 Src/stm32f411e_discovery.o
 .text.I2Cx_WriteData
                0x0000000008006854       0x34 Src/stm32f411e_discovery.o
 .text.I2Cx_ReadData
                0x0000000008006888       0x3c Src/stm32f411e_discovery.o
 .text.GYRO_IO_Init
                0x00000000080068c4       0x7c Src/stm32f411e_discovery.o
                0x00000000080068c4                GYRO_IO_Init
 .text.GYRO_IO_Write
                0x0000000008006940       0x44 Src/stm32f411e_discovery.o
                0x0000000008006940                GYRO_IO_Write
 .text.GYRO_IO_Read
                0x0000000008006984       0x48 Src/stm32f411e_discovery.o
                0x0000000008006984                GYRO_IO_Read
 .text.COMPASSACCELERO_IO_Init
                0x00000000080069cc       0x44 Src/stm32f411e_discovery.o
                0x00000000080069cc                COMPASSACCELERO_IO_Init
 .text.COMPASSACCELERO_IO_ITConfig
                0x0000000008006a10       0x54 Src/stm32f411e_discovery.o
                0x0000000008006a10                COMPASSACCELERO_IO_ITConfig
 .text.COMPASSACCELERO_IO_Write
                0x0000000008006a64        0x8 Src/stm32f411e_discovery.o
                0x0000000008006a64                COMPASSACCELERO_IO_Write
 .text.COMPASSACCELERO_IO_Read
                0x0000000008006a6c        0x8 Src/stm32f411e_discovery.o
                0x0000000008006a6c                COMPASSACCELERO_IO_Read
 .text.BSP_ACCELERO_Init
                0x0000000008006a74       0x34 Src/stm32f411e_discovery_accelerometer.o
                0x0000000008006a74                BSP_ACCELERO_Init
 .text.BSP_ACCELERO_GetXYZ
                0x0000000008006aa8       0x34 Src/stm32f411e_discovery_accelerometer.o
                0x0000000008006aa8                BSP_ACCELERO_GetXYZ
 .text.BSP_GYRO_Init
                0x0000000008006adc       0x44 Src/stm32f411e_discovery_gyroscope.o
                0x0000000008006adc                BSP_GYRO_Init
 .text.BSP_GYRO_GetXYZ
                0x0000000008006b20       0x14 Src/stm32f411e_discovery_gyroscope.o
                0x0000000008006b20                BSP_GYRO_GetXYZ
 .text.HAL_MspInit
                0x0000000008006b34       0x6e Src/stm32f4xx_hal_msp.o
                0x0000000008006b34                HAL_MspInit
 *fill*         0x0000000008006ba2        0x2 
 .text.HAL_I2C_MspInit
                0x0000000008006ba4       0x54 Src/stm32f4xx_hal_msp.o
                0x0000000008006ba4                HAL_I2C_MspInit
 .text.HAL_I2C_MspDeInit
                0x0000000008006bf8       0x30 Src/stm32f4xx_hal_msp.o
                0x0000000008006bf8                HAL_I2C_MspDeInit
 .text.HAL_SPI_MspInit
                0x0000000008006c28       0x50 Src/stm32f4xx_hal_msp.o
                0x0000000008006c28                HAL_SPI_MspInit
 .text.HAL_SPI_MspDeInit
                0x0000000008006c78       0x2c Src/stm32f4xx_hal_msp.o
                0x0000000008006c78                HAL_SPI_MspDeInit
 .text.HAL_TIM_PWM_MspInit
                0x0000000008006ca4       0x54 Src/stm32f4xx_hal_msp.o
                0x0000000008006ca4                HAL_TIM_PWM_MspInit
 .text.HAL_TIM_Base_MspInit
                0x0000000008006cf8       0x40 Src/stm32f4xx_hal_msp.o
                0x0000000008006cf8                HAL_TIM_Base_MspInit
 .text.HAL_TIM_MspPostInit
                0x0000000008006d38       0x78 Src/stm32f4xx_hal_msp.o
                0x0000000008006d38                HAL_TIM_MspPostInit
 .text.HAL_UART_MspInit
                0x0000000008006db0       0x60 Src/stm32f4xx_hal_msp.o
                0x0000000008006db0                HAL_UART_MspInit
 .text.SVC_Handler
                0x0000000008006e10        0x2 Src/stm32f4xx_it.o
                0x0000000008006e10                SVC_Handler
 .text.PendSV_Handler
                0x0000000008006e12        0x2 Src/stm32f4xx_it.o
                0x0000000008006e12                PendSV_Handler
 .text.SysTick_Handler
                0x0000000008006e14        0xc Src/stm32f4xx_it.o
                0x0000000008006e14                SysTick_Handler
 .text.RCC_IRQHandler
                0x0000000008006e20        0x2 Src/stm32f4xx_it.o
                0x0000000008006e20                RCC_IRQHandler
 *fill*         0x0000000008006e22        0x2 
 .text.TIM1_UP_TIM10_IRQHandler
                0x0000000008006e24       0x10 Src/stm32f4xx_it.o
                0x0000000008006e24                TIM1_UP_TIM10_IRQHandler
 .text.USART2_IRQHandler
                0x0000000008006e34       0x10 Src/stm32f4xx_it.o
                0x0000000008006e34                USART2_IRQHandler
 .text.OTG_FS_IRQHandler
                0x0000000008006e44       0x10 Src/stm32f4xx_it.o
                0x0000000008006e44                OTG_FS_IRQHandler
 .text.SystemInit
                0x0000000008006e54       0x4c Src/system_stm32f4xx.o
                0x0000000008006e54                SystemInit
 .text.uart_timer
                0x0000000008006ea0        0xc Src/uart.o
 .text.uart_parse_finished
                0x0000000008006eac       0x10 Src/uart.o
 .text.uart_parse
                0x0000000008006ebc       0x20 Src/uart.o
 .text.fsm_new_uart
                0x0000000008006edc       0x10 Src/uart.o
                0x0000000008006edc                fsm_new_uart
 .text.HAL_UART_RxCpltCallback
                0x0000000008006eec       0x44 Src/uart.o
                0x0000000008006eec                HAL_UART_RxCpltCallback
 .text.HAL_UART_TxCpltCallback
                0x0000000008006f30        0x2 Src/uart.o
                0x0000000008006f30                HAL_UART_TxCpltCallback
 *fill*         0x0000000008006f32        0x2 
 .text.usb_timer
                0x0000000008006f34        0xc Src/usb.o
 .text.usb_parse_finished
                0x0000000008006f40       0x10 Src/usb.o
 .text.usb_parse
                0x0000000008006f50       0x1c Src/usb.o
 .text.fsm_new_usb
                0x0000000008006f6c       0x10 Src/usb.o
                0x0000000008006f6c                fsm_new_usb
 .text.LSE_Receive_callback
                0x0000000008006f7c       0x20 Src/usb.o
                0x0000000008006f7c                LSE_Receive_callback
 .text.MX_USB_DEVICE_Init
                0x0000000008006f9c       0x3c Src/usb_device.o
                0x0000000008006f9c                MX_USB_DEVICE_Init
 .text.CDC_DeInit_FS
                0x0000000008006fd8        0x4 Src/usbd_cdc_if.o
 .text.CDC_Control_FS
                0x0000000008006fdc       0x58 Src/usbd_cdc_if.o
 .text.CDC_Init_FS
                0x0000000008007034       0x28 Src/usbd_cdc_if.o
 .text.CDC_Receive_FS
                0x000000000800705c       0x24 Src/usbd_cdc_if.o
 .text.HAL_PCD_MspInit
                0x0000000008007080       0x7c Src/usbd_conf.o
                0x0000000008007080                HAL_PCD_MspInit
 .text.HAL_PCD_SetupStageCallback
                0x00000000080070fc       0x10 Src/usbd_conf.o
                0x00000000080070fc                HAL_PCD_SetupStageCallback
 .text.HAL_PCD_DataOutStageCallback
                0x000000000800710c       0x18 Src/usbd_conf.o
                0x000000000800710c                HAL_PCD_DataOutStageCallback
 .text.HAL_PCD_DataInStageCallback
                0x0000000008007124       0x16 Src/usbd_conf.o
                0x0000000008007124                HAL_PCD_DataInStageCallback
 .text.HAL_PCD_SOFCallback
                0x000000000800713a        0xc Src/usbd_conf.o
                0x000000000800713a                HAL_PCD_SOFCallback
 .text.HAL_PCD_ResetCallback
                0x0000000008007146       0x20 Src/usbd_conf.o
                0x0000000008007146                HAL_PCD_ResetCallback
 *fill*         0x0000000008007166        0x2 
 .text.HAL_PCD_SuspendCallback
                0x0000000008007168       0x30 Src/usbd_conf.o
                0x0000000008007168                HAL_PCD_SuspendCallback
 .text.HAL_PCD_ResumeCallback
                0x0000000008007198        0xc Src/usbd_conf.o
                0x0000000008007198                HAL_PCD_ResumeCallback
 .text.HAL_PCD_ISOOUTIncompleteCallback
                0x00000000080071a4        0xc Src/usbd_conf.o
                0x00000000080071a4                HAL_PCD_ISOOUTIncompleteCallback
 .text.HAL_PCD_ISOINIncompleteCallback
                0x00000000080071b0        0xc Src/usbd_conf.o
                0x00000000080071b0                HAL_PCD_ISOINIncompleteCallback
 .text.HAL_PCD_ConnectCallback
                0x00000000080071bc        0xc Src/usbd_conf.o
                0x00000000080071bc                HAL_PCD_ConnectCallback
 .text.HAL_PCD_DisconnectCallback
                0x00000000080071c8        0xc Src/usbd_conf.o
                0x00000000080071c8                HAL_PCD_DisconnectCallback
 .text.USBD_LL_Init
                0x00000000080071d4       0x74 Src/usbd_conf.o
                0x00000000080071d4                USBD_LL_Init
 .text.USBD_LL_Start
                0x0000000008007248       0x1c Src/usbd_conf.o
                0x0000000008007248                USBD_LL_Start
 .text.USBD_LL_OpenEP
                0x0000000008007264       0x22 Src/usbd_conf.o
                0x0000000008007264                USBD_LL_OpenEP
 .text.USBD_LL_CloseEP
                0x0000000008007286       0x1c Src/usbd_conf.o
                0x0000000008007286                USBD_LL_CloseEP
 .text.USBD_LL_StallEP
                0x00000000080072a2       0x1c Src/usbd_conf.o
                0x00000000080072a2                USBD_LL_StallEP
 .text.USBD_LL_ClearStallEP
                0x00000000080072be       0x1c Src/usbd_conf.o
                0x00000000080072be                USBD_LL_ClearStallEP
 .text.USBD_LL_IsStallEP
                0x00000000080072da       0x2e Src/usbd_conf.o
                0x00000000080072da                USBD_LL_IsStallEP
 .text.USBD_LL_SetUSBAddress
                0x0000000008007308       0x1c Src/usbd_conf.o
                0x0000000008007308                USBD_LL_SetUSBAddress
 .text.USBD_LL_Transmit
                0x0000000008007324       0x1c Src/usbd_conf.o
                0x0000000008007324                USBD_LL_Transmit
 .text.USBD_LL_PrepareReceive
                0x0000000008007340       0x1c Src/usbd_conf.o
                0x0000000008007340                USBD_LL_PrepareReceive
 .text.USBD_LL_GetRxDataSize
                0x000000000800735c        0xc Src/usbd_conf.o
                0x000000000800735c                USBD_LL_GetRxDataSize
 .text.USBD_FS_DeviceDescriptor
                0x0000000008007368        0xc Src/usbd_desc.o
                0x0000000008007368                USBD_FS_DeviceDescriptor
 .text.USBD_FS_LangIDStrDescriptor
                0x0000000008007374        0xc Src/usbd_desc.o
                0x0000000008007374                USBD_FS_LangIDStrDescriptor
 .text.USBD_FS_ProductStrDescriptor
                0x0000000008007380       0x24 Src/usbd_desc.o
                0x0000000008007380                USBD_FS_ProductStrDescriptor
 .text.USBD_FS_ManufacturerStrDescriptor
                0x00000000080073a4       0x1c Src/usbd_desc.o
                0x00000000080073a4                USBD_FS_ManufacturerStrDescriptor
 .text.USBD_FS_SerialStrDescriptor
                0x00000000080073c0       0x24 Src/usbd_desc.o
                0x00000000080073c0                USBD_FS_SerialStrDescriptor
 .text.USBD_FS_ConfigStrDescriptor
                0x00000000080073e4       0x24 Src/usbd_desc.o
                0x00000000080073e4                USBD_FS_ConfigStrDescriptor
 .text.USBD_FS_InterfaceStrDescriptor
                0x0000000008007408       0x24 Src/usbd_desc.o
                0x0000000008007408                USBD_FS_InterfaceStrDescriptor
 .text.Reset_Handler
                0x000000000800742c       0x50 startup/startup_stm32f411xe.o
                0x000000000800742c                Reset_Handler
 .text.Default_Handler
                0x000000000800747c        0x2 startup/startup_stm32f411xe.o
                0x000000000800747c                RTC_Alarm_IRQHandler
                0x000000000800747c                EXTI2_IRQHandler
                0x000000000800747c                DebugMon_Handler
                0x000000000800747c                SPI4_IRQHandler
                0x000000000800747c                TIM1_CC_IRQHandler
                0x000000000800747c                DMA2_Stream5_IRQHandler
                0x000000000800747c                HardFault_Handler
                0x000000000800747c                DMA1_Stream5_IRQHandler
                0x000000000800747c                PVD_IRQHandler
                0x000000000800747c                SDIO_IRQHandler
                0x000000000800747c                TAMP_STAMP_IRQHandler
                0x000000000800747c                NMI_Handler
                0x000000000800747c                EXTI3_IRQHandler
                0x000000000800747c                I2C3_ER_IRQHandler
                0x000000000800747c                EXTI0_IRQHandler
                0x000000000800747c                I2C2_EV_IRQHandler
                0x000000000800747c                DMA1_Stream2_IRQHandler
                0x000000000800747c                FPU_IRQHandler
                0x000000000800747c                UsageFault_Handler
                0x000000000800747c                DMA2_Stream2_IRQHandler
                0x000000000800747c                SPI1_IRQHandler
                0x000000000800747c                TIM1_BRK_TIM9_IRQHandler
                0x000000000800747c                DMA2_Stream3_IRQHandler
                0x000000000800747c                USART6_IRQHandler
                0x000000000800747c                DMA2_Stream0_IRQHandler
                0x000000000800747c                TIM4_IRQHandler
                0x000000000800747c                I2C1_EV_IRQHandler
                0x000000000800747c                DMA1_Stream6_IRQHandler
                0x000000000800747c                DMA1_Stream1_IRQHandler
                0x000000000800747c                TIM3_IRQHandler
                0x000000000800747c                Default_Handler
                0x000000000800747c                EXTI15_10_IRQHandler
                0x000000000800747c                ADC_IRQHandler
                0x000000000800747c                DMA1_Stream7_IRQHandler
                0x000000000800747c                SPI5_IRQHandler
                0x000000000800747c                TIM5_IRQHandler
                0x000000000800747c                DMA2_Stream7_IRQHandler
                0x000000000800747c                I2C3_EV_IRQHandler
                0x000000000800747c                EXTI9_5_IRQHandler
                0x000000000800747c                RTC_WKUP_IRQHandler
                0x000000000800747c                SPI2_IRQHandler
                0x000000000800747c                MemManage_Handler
                0x000000000800747c                DMA1_Stream0_IRQHandler
                0x000000000800747c                EXTI4_IRQHandler
                0x000000000800747c                WWDG_IRQHandler
                0x000000000800747c                TIM2_IRQHandler
                0x000000000800747c                OTG_FS_WKUP_IRQHandler
                0x000000000800747c                TIM1_TRG_COM_TIM11_IRQHandler
                0x000000000800747c                EXTI1_IRQHandler
                0x000000000800747c                I2C2_ER_IRQHandler
                0x000000000800747c                DMA2_Stream1_IRQHandler
                0x000000000800747c                FLASH_IRQHandler
                0x000000000800747c                DMA2_Stream4_IRQHandler
                0x000000000800747c                BusFault_Handler
                0x000000000800747c                USART1_IRQHandler
                0x000000000800747c                SPI3_IRQHandler
                0x000000000800747c                DMA1_Stream4_IRQHandler
                0x000000000800747c                I2C1_ER_IRQHandler
                0x000000000800747c                DMA2_Stream6_IRQHandler
                0x000000000800747c                DMA1_Stream3_IRQHandler
 .text.atoi     0x000000000800747e        0x8 /home/pablo/Ac6/SystemWorkbench/plugins/fr.ac6.mcu.externaltools.arm-none.linux64_1.15.0.201708311556/tools/compiler/bin/../lib/gcc/arm-none-eabi/6.3.1/../../../../arm-none-eabi/lib/thumb/v7e-m/fpv4-sp/hard/libc_nano.a(lib_a-atoi.o)
                0x000000000800747e                atoi
 *fill*         0x0000000008007486        0x2 
 .text.__libc_init_array
                0x0000000008007488       0x48 /home/pablo/Ac6/SystemWorkbench/plugins/fr.ac6.mcu.externaltools.arm-none.linux64_1.15.0.201708311556/tools/compiler/bin/../lib/gcc/arm-none-eabi/6.3.1/../../../../arm-none-eabi/lib/thumb/v7e-m/fpv4-sp/hard/libc_nano.a(lib_a-init.o)
                0x0000000008007488                __libc_init_array
 .text.malloc   0x00000000080074d0       0x10 /home/pablo/Ac6/SystemWorkbench/plugins/fr.ac6.mcu.externaltools.arm-none.linux64_1.15.0.201708311556/tools/compiler/bin/../lib/gcc/arm-none-eabi/6.3.1/../../../../arm-none-eabi/lib/thumb/v7e-m/fpv4-sp/hard/libc_nano.a(lib_a-malloc.o)
                0x00000000080074d0                malloc
 .text.free     0x00000000080074e0       0x10 /home/pablo/Ac6/SystemWorkbench/plugins/fr.ac6.mcu.externaltools.arm-none.linux64_1.15.0.201708311556/tools/compiler/bin/../lib/gcc/arm-none-eabi/6.3.1/../../../../arm-none-eabi/lib/thumb/v7e-m/fpv4-sp/hard/libc_nano.a(lib_a-malloc.o)
                0x00000000080074e0                free
 .text.memset   0x00000000080074f0       0x10 /home/pablo/Ac6/SystemWorkbench/plugins/fr.ac6.mcu.externaltools.arm-none.linux64_1.15.0.201708311556/tools/compiler/bin/../lib/gcc/arm-none-eabi/6.3.1/../../../../arm-none-eabi/lib/thumb/v7e-m/fpv4-sp/hard/libc_nano.a(lib_a-memset.o)
                0x00000000080074f0                memset
 .text._free_r  0x0000000008007500       0x9c /home/pablo/Ac6/SystemWorkbench/plugins/fr.ac6.mcu.externaltools.arm-none.linux64_1.15.0.201708311556/tools/compiler/bin/../lib/gcc/arm-none-eabi/6.3.1/../../../../arm-none-eabi/lib/thumb/v7e-m/fpv4-sp/hard/libc_nano.a(lib_a-nano-freer.o)
                0x0000000008007500                _free_r
 .text._malloc_r
                0x000000000800759c       0xbc /home/pablo/Ac6/SystemWorkbench/plugins/fr.ac6.mcu.externaltools.arm-none.linux64_1.15.0.201708311556/tools/compiler/bin/../lib/gcc/arm-none-eabi/6.3.1/../../../../arm-none-eabi/lib/thumb/v7e-m/fpv4-sp/hard/libc_nano.a(lib_a-nano-mallocr.o)
                0x000000000800759c                _malloc_r
 .text.__cvt    0x0000000008007658       0xc2 /home/pablo/Ac6/SystemWorkbench/plugins/fr.ac6.mcu.externaltools.arm-none.linux64_1.15.0.201708311556/tools/compiler/bin/../lib/gcc/arm-none-eabi/6.3.1/../../../../arm-none-eabi/lib/thumb/v7e-m/fpv4-sp/hard/libc_nano.a(lib_a-nano-vfprintf_float.o)
                0x0000000008007658                __cvt
 .text.__exponent
                0x000000000800771a       0x6a /home/pablo/Ac6/SystemWorkbench/plugins/fr.ac6.mcu.externaltools.arm-none.linux64_1.15.0.201708311556/tools/compiler/bin/../lib/gcc/arm-none-eabi/6.3.1/../../../../arm-none-eabi/lib/thumb/v7e-m/fpv4-sp/hard/libc_nano.a(lib_a-nano-vfprintf_float.o)
                0x000000000800771a                __exponent
 .text._printf_float
                0x0000000008007784      0x480 /home/pablo/Ac6/SystemWorkbench/plugins/fr.ac6.mcu.externaltools.arm-none.linux64_1.15.0.201708311556/tools/compiler/bin/../lib/gcc/arm-none-eabi/6.3.1/../../../../arm-none-eabi/lib/thumb/v7e-m/fpv4-sp/hard/libc_nano.a(lib_a-nano-vfprintf_float.o)
                0x0000000008007784                _printf_float
 .text._printf_common
                0x0000000008007c04       0xec /home/pablo/Ac6/SystemWorkbench/plugins/fr.ac6.mcu.externaltools.arm-none.linux64_1.15.0.201708311556/tools/compiler/bin/../lib/gcc/arm-none-eabi/6.3.1/../../../../arm-none-eabi/lib/thumb/v7e-m/fpv4-sp/hard/libc_nano.a(lib_a-nano-vfprintf_i.o)
                0x0000000008007c04                _printf_common
 .text._printf_i
                0x0000000008007cf0      0x240 /home/pablo/Ac6/SystemWorkbench/plugins/fr.ac6.mcu.externaltools.arm-none.linux64_1.15.0.201708311556/tools/compiler/bin/../lib/gcc/arm-none-eabi/6.3.1/../../../../arm-none-eabi/lib/thumb/v7e-m/fpv4-sp/hard/libc_nano.a(lib_a-nano-vfprintf_i.o)
                0x0000000008007cf0                _printf_i
 .text._sbrk_r  0x0000000008007f30       0x20 /home/pablo/Ac6/SystemWorkbench/plugins/fr.ac6.mcu.externaltools.arm-none.linux64_1.15.0.201708311556/tools/compiler/bin/../lib/gcc/arm-none-eabi/6.3.1/../../../../arm-none-eabi/lib/thumb/v7e-m/fpv4-sp/hard/libc_nano.a(lib_a-sbrkr.o)
                0x0000000008007f30                _sbrk_r
 .text.sprintf  0x0000000008007f50       0x48 /home/pablo/Ac6/SystemWorkbench/plugins/fr.ac6.mcu.externaltools.arm-none.linux64_1.15.0.201708311556/tools/compiler/bin/../lib/gcc/arm-none-eabi/6.3.1/../../../../arm-none-eabi/lib/thumb/v7e-m/fpv4-sp/hard/libc_nano.a(lib_a-sprintf.o)
                0x0000000008007f50                sprintf
                0x0000000008007f50                siprintf
 .text.strncpy  0x0000000008007f98       0x2a /home/pablo/Ac6/SystemWorkbench/plugins/fr.ac6.mcu.externaltools.arm-none.linux64_1.15.0.201708311556/tools/compiler/bin/../lib/gcc/arm-none-eabi/6.3.1/../../../../arm-none-eabi/lib/thumb/v7e-m/fpv4-sp/hard/libc_nano.a(lib_a-strncpy.o)
                0x0000000008007f98                strncpy
 .text._strtol_l.isra.0
                0x0000000008007fc2      0x100 /home/pablo/Ac6/SystemWorkbench/plugins/fr.ac6.mcu.externaltools.arm-none.linux64_1.15.0.201708311556/tools/compiler/bin/../lib/gcc/arm-none-eabi/6.3.1/../../../../arm-none-eabi/lib/thumb/v7e-m/fpv4-sp/hard/libc_nano.a(lib_a-strtol.o)
 *fill*         0x00000000080080c2        0x2 
 .text.strtol   0x00000000080080c4       0x2c /home/pablo/Ac6/SystemWorkbench/plugins/fr.ac6.mcu.externaltools.arm-none.linux64_1.15.0.201708311556/tools/compiler/bin/../lib/gcc/arm-none-eabi/6.3.1/../../../../arm-none-eabi/lib/thumb/v7e-m/fpv4-sp/hard/libc_nano.a(lib_a-strtol.o)
                0x00000000080080c4                strtol
 .text.quorem   0x00000000080080f0      0x118 /home/pablo/Ac6/SystemWorkbench/plugins/fr.ac6.mcu.externaltools.arm-none.linux64_1.15.0.201708311556/tools/compiler/bin/../lib/gcc/arm-none-eabi/6.3.1/../../../../arm-none-eabi/lib/thumb/v7e-m/fpv4-sp/hard/libc_nano.a(lib_a-dtoa.o)
 .text._dtoa_r  0x0000000008008208      0xb9c /home/pablo/Ac6/SystemWorkbench/plugins/fr.ac6.mcu.externaltools.arm-none.linux64_1.15.0.201708311556/tools/compiler/bin/../lib/gcc/arm-none-eabi/6.3.1/../../../../arm-none-eabi/lib/thumb/v7e-m/fpv4-sp/hard/libc_nano.a(lib_a-dtoa.o)
                0x0000000008008208                _dtoa_r
 .text.__locale_ctype_ptr_l
                0x0000000008008da4        0x6 /home/pablo/Ac6/SystemWorkbench/plugins/fr.ac6.mcu.externaltools.arm-none.linux64_1.15.0.201708311556/tools/compiler/bin/../lib/gcc/arm-none-eabi/6.3.1/../../../../arm-none-eabi/lib/thumb/v7e-m/fpv4-sp/hard/libc_nano.a(lib_a-locale.o)
                0x0000000008008da4                __locale_ctype_ptr_l
 *fill*         0x0000000008008daa        0x2 
 .text._localeconv_r
                0x0000000008008dac       0x1c /home/pablo/Ac6/SystemWorkbench/plugins/fr.ac6.mcu.externaltools.arm-none.linux64_1.15.0.201708311556/tools/compiler/bin/../lib/gcc/arm-none-eabi/6.3.1/../../../../arm-none-eabi/lib/thumb/v7e-m/fpv4-sp/hard/libc_nano.a(lib_a-localeconv.o)
                0x0000000008008dac                _localeconv_r
 .text.__ascii_mbtowc
                0x0000000008008dc8       0x24 /home/pablo/Ac6/SystemWorkbench/plugins/fr.ac6.mcu.externaltools.arm-none.linux64_1.15.0.201708311556/tools/compiler/bin/../lib/gcc/arm-none-eabi/6.3.1/../../../../arm-none-eabi/lib/thumb/v7e-m/fpv4-sp/hard/libc_nano.a(lib_a-mbtowc_r.o)
                0x0000000008008dc8                __ascii_mbtowc
 .text.memcpy   0x0000000008008dec       0x16 /home/pablo/Ac6/SystemWorkbench/plugins/fr.ac6.mcu.externaltools.arm-none.linux64_1.15.0.201708311556/tools/compiler/bin/../lib/gcc/arm-none-eabi/6.3.1/../../../../arm-none-eabi/lib/thumb/v7e-m/fpv4-sp/hard/libc_nano.a(lib_a-memcpy-stub.o)
                0x0000000008008dec                memcpy
 .text.__malloc_lock
                0x0000000008008e02        0x2 /home/pablo/Ac6/SystemWorkbench/plugins/fr.ac6.mcu.externaltools.arm-none.linux64_1.15.0.201708311556/tools/compiler/bin/../lib/gcc/arm-none-eabi/6.3.1/../../../../arm-none-eabi/lib/thumb/v7e-m/fpv4-sp/hard/libc_nano.a(lib_a-mlock.o)
                0x0000000008008e02                __malloc_lock
 .text.__malloc_unlock
                0x0000000008008e04        0x2 /home/pablo/Ac6/SystemWorkbench/plugins/fr.ac6.mcu.externaltools.arm-none.linux64_1.15.0.201708311556/tools/compiler/bin/../lib/gcc/arm-none-eabi/6.3.1/../../../../arm-none-eabi/lib/thumb/v7e-m/fpv4-sp/hard/libc_nano.a(lib_a-mlock.o)
                0x0000000008008e04                __malloc_unlock
 .text._Balloc  0x0000000008008e06       0x68 /home/pablo/Ac6/SystemWorkbench/plugins/fr.ac6.mcu.externaltools.arm-none.linux64_1.15.0.201708311556/tools/compiler/bin/../lib/gcc/arm-none-eabi/6.3.1/../../../../arm-none-eabi/lib/thumb/v7e-m/fpv4-sp/hard/libc_nano.a(lib_a-mprec.o)
                0x0000000008008e06                _Balloc
 .text._Bfree   0x0000000008008e6e       0x2e /home/pablo/Ac6/SystemWorkbench/plugins/fr.ac6.mcu.externaltools.arm-none.linux64_1.15.0.201708311556/tools/compiler/bin/../lib/gcc/arm-none-eabi/6.3.1/../../../../arm-none-eabi/lib/thumb/v7e-m/fpv4-sp/hard/libc_nano.a(lib_a-mprec.o)
                0x0000000008008e6e                _Bfree
 .text.__multadd
                0x0000000008008e9c       0x76 /home/pablo/Ac6/SystemWorkbench/plugins/fr.ac6.mcu.externaltools.arm-none.linux64_1.15.0.201708311556/tools/compiler/bin/../lib/gcc/arm-none-eabi/6.3.1/../../../../arm-none-eabi/lib/thumb/v7e-m/fpv4-sp/hard/libc_nano.a(lib_a-mprec.o)
                0x0000000008008e9c                __multadd
 .text.__hi0bits
                0x0000000008008f12       0x3e /home/pablo/Ac6/SystemWorkbench/plugins/fr.ac6.mcu.externaltools.arm-none.linux64_1.15.0.201708311556/tools/compiler/bin/../lib/gcc/arm-none-eabi/6.3.1/../../../../arm-none-eabi/lib/thumb/v7e-m/fpv4-sp/hard/libc_nano.a(lib_a-mprec.o)
                0x0000000008008f12                __hi0bits
 .text.__lo0bits
                0x0000000008008f50       0x5e /home/pablo/Ac6/SystemWorkbench/plugins/fr.ac6.mcu.externaltools.arm-none.linux64_1.15.0.201708311556/tools/compiler/bin/../lib/gcc/arm-none-eabi/6.3.1/../../../../arm-none-eabi/lib/thumb/v7e-m/fpv4-sp/hard/libc_nano.a(lib_a-mprec.o)
                0x0000000008008f50                __lo0bits
 .text.__i2b    0x0000000008008fae       0x12 /home/pablo/Ac6/SystemWorkbench/plugins/fr.ac6.mcu.externaltools.arm-none.linux64_1.15.0.201708311556/tools/compiler/bin/../lib/gcc/arm-none-eabi/6.3.1/../../../../arm-none-eabi/lib/thumb/v7e-m/fpv4-sp/hard/libc_nano.a(lib_a-mprec.o)
                0x0000000008008fae                __i2b
 .text.__multiply
                0x0000000008008fc0      0x11a /home/pablo/Ac6/SystemWorkbench/plugins/fr.ac6.mcu.externaltools.arm-none.linux64_1.15.0.201708311556/tools/compiler/bin/../lib/gcc/arm-none-eabi/6.3.1/../../../../arm-none-eabi/lib/thumb/v7e-m/fpv4-sp/hard/libc_nano.a(lib_a-mprec.o)
                0x0000000008008fc0                __multiply
 *fill*         0x00000000080090da        0x2 
 .text.__pow5mult
                0x00000000080090dc       0x9c /home/pablo/Ac6/SystemWorkbench/plugins/fr.ac6.mcu.externaltools.arm-none.linux64_1.15.0.201708311556/tools/compiler/bin/../lib/gcc/arm-none-eabi/6.3.1/../../../../arm-none-eabi/lib/thumb/v7e-m/fpv4-sp/hard/libc_nano.a(lib_a-mprec.o)
                0x00000000080090dc                __pow5mult
 .text.__lshift
                0x0000000008009178       0xa2 /home/pablo/Ac6/SystemWorkbench/plugins/fr.ac6.mcu.externaltools.arm-none.linux64_1.15.0.201708311556/tools/compiler/bin/../lib/gcc/arm-none-eabi/6.3.1/../../../../arm-none-eabi/lib/thumb/v7e-m/fpv4-sp/hard/libc_nano.a(lib_a-mprec.o)
                0x0000000008009178                __lshift
 .text.__mcmp   0x000000000800921a       0x34 /home/pablo/Ac6/SystemWorkbench/plugins/fr.ac6.mcu.externaltools.arm-none.linux64_1.15.0.201708311556/tools/compiler/bin/../lib/gcc/arm-none-eabi/6.3.1/../../../../arm-none-eabi/lib/thumb/v7e-m/fpv4-sp/hard/libc_nano.a(lib_a-mprec.o)
                0x000000000800921a                __mcmp
 .text.__mdiff  0x000000000800924e       0xbc /home/pablo/Ac6/SystemWorkbench/plugins/fr.ac6.mcu.externaltools.arm-none.linux64_1.15.0.201708311556/tools/compiler/bin/../lib/gcc/arm-none-eabi/6.3.1/../../../../arm-none-eabi/lib/thumb/v7e-m/fpv4-sp/hard/libc_nano.a(lib_a-mprec.o)
                0x000000000800924e                __mdiff
 .text.__d2b    0x000000000800930a       0x9e /home/pablo/Ac6/SystemWorkbench/plugins/fr.ac6.mcu.externaltools.arm-none.linux64_1.15.0.201708311556/tools/compiler/bin/../lib/gcc/arm-none-eabi/6.3.1/../../../../arm-none-eabi/lib/thumb/v7e-m/fpv4-sp/hard/libc_nano.a(lib_a-mprec.o)
                0x000000000800930a                __d2b
 .text._calloc_r
                0x00000000080093a8       0x1c /home/pablo/Ac6/SystemWorkbench/plugins/fr.ac6.mcu.externaltools.arm-none.linux64_1.15.0.201708311556/tools/compiler/bin/../lib/gcc/arm-none-eabi/6.3.1/../../../../arm-none-eabi/lib/thumb/v7e-m/fpv4-sp/hard/libc_nano.a(lib_a-nano-callocr.o)
                0x00000000080093a8                _calloc_r
 .text.__ssputs_r
                0x00000000080093c4       0xb6 /home/pablo/Ac6/SystemWorkbench/plugins/fr.ac6.mcu.externaltools.arm-none.linux64_1.15.0.201708311556/tools/compiler/bin/../lib/gcc/arm-none-eabi/6.3.1/../../../../arm-none-eabi/lib/thumb/v7e-m/fpv4-sp/hard/libc_nano.a(lib_a-nano-svfprintf.o)
                0x00000000080093c4                __ssputs_r
 *fill*         0x000000000800947a        0x2 
 .text._svfprintf_r
                0x000000000800947c      0x1e8 /home/pablo/Ac6/SystemWorkbench/plugins/fr.ac6.mcu.externaltools.arm-none.linux64_1.15.0.201708311556/tools/compiler/bin/../lib/gcc/arm-none-eabi/6.3.1/../../../../arm-none-eabi/lib/thumb/v7e-m/fpv4-sp/hard/libc_nano.a(lib_a-nano-svfprintf.o)
                0x000000000800947c                _svfprintf_r
                0x000000000800947c                _svfiprintf_r
 .text.__ascii_wctomb
                0x0000000008009664       0x1a /home/pablo/Ac6/SystemWorkbench/plugins/fr.ac6.mcu.externaltools.arm-none.linux64_1.15.0.201708311556/tools/compiler/bin/../lib/gcc/arm-none-eabi/6.3.1/../../../../arm-none-eabi/lib/thumb/v7e-m/fpv4-sp/hard/libc_nano.a(lib_a-wctomb_r.o)
                0x0000000008009664                __ascii_wctomb
 .text.memmove  0x000000000800967e       0x34 /home/pablo/Ac6/SystemWorkbench/plugins/fr.ac6.mcu.externaltools.arm-none.linux64_1.15.0.201708311556/tools/compiler/bin/../lib/gcc/arm-none-eabi/6.3.1/../../../../arm-none-eabi/lib/thumb/v7e-m/fpv4-sp/hard/libc_nano.a(lib_a-memmove.o)
                0x000000000800967e                memmove
 .text._realloc_r
                0x00000000080096b2       0x4c /home/pablo/Ac6/SystemWorkbench/plugins/fr.ac6.mcu.externaltools.arm-none.linux64_1.15.0.201708311556/tools/compiler/bin/../lib/gcc/arm-none-eabi/6.3.1/../../../../arm-none-eabi/lib/thumb/v7e-m/fpv4-sp/hard/libc_nano.a(lib_a-nano-reallocr.o)
                0x00000000080096b2                _realloc_r
 .text._malloc_usable_size_r
                0x00000000080096fe       0x12 /home/pablo/Ac6/SystemWorkbench/plugins/fr.ac6.mcu.externaltools.arm-none.linux64_1.15.0.201708311556/tools/compiler/bin/../lib/gcc/arm-none-eabi/6.3.1/../../../../arm-none-eabi/lib/thumb/v7e-m/fpv4-sp/hard/libc_nano.a(lib_a-nano-msizer.o)
                0x00000000080096fe                _malloc_usable_size_r
 .text._sbrk    0x0000000008009710       0x1c /home/pablo/Ac6/SystemWorkbench/plugins/fr.ac6.mcu.externaltools.arm-none.linux64_1.15.0.201708311556/tools/compiler/bin/../lib/gcc/arm-none-eabi/6.3.1/../../../../arm-none-eabi/lib/thumb/v7e-m/fpv4-sp/hard/libnosys.a(sbrk.o)
                0x0000000008009710                _sbrk
 *(.glue_7)
 .glue_7        0x000000000800972c        0x0 linker stubs
 *(.glue_7t)
 .glue_7t       0x000000000800972c        0x0 linker stubs
 *(.eh_frame)
 .eh_frame      0x000000000800972c        0x0 /home/pablo/Ac6/SystemWorkbench/plugins/fr.ac6.mcu.externaltools.arm-none.linux64_1.15.0.201708311556/tools/compiler/bin/../lib/gcc/arm-none-eabi/6.3.1/thumb/v7e-m/fpv4-sp/hard/crtbegin.o
 *(.init)
 .init          0x000000000800972c        0x4 /home/pablo/Ac6/SystemWorkbench/plugins/fr.ac6.mcu.externaltools.arm-none.linux64_1.15.0.201708311556/tools/compiler/bin/../lib/gcc/arm-none-eabi/6.3.1/thumb/v7e-m/fpv4-sp/hard/crti.o
                0x000000000800972c                _init
 .init          0x0000000008009730        0x8 /home/pablo/Ac6/SystemWorkbench/plugins/fr.ac6.mcu.externaltools.arm-none.linux64_1.15.0.201708311556/tools/compiler/bin/../lib/gcc/arm-none-eabi/6.3.1/thumb/v7e-m/fpv4-sp/hard/crtn.o
 *(.fini)
 .fini          0x0000000008009738        0x4 /home/pablo/Ac6/SystemWorkbench/plugins/fr.ac6.mcu.externaltools.arm-none.linux64_1.15.0.201708311556/tools/compiler/bin/../lib/gcc/arm-none-eabi/6.3.1/thumb/v7e-m/fpv4-sp/hard/crti.o
                0x0000000008009738                _fini
 .fini          0x000000000800973c        0x8 /home/pablo/Ac6/SystemWorkbench/plugins/fr.ac6.mcu.externaltools.arm-none.linux64_1.15.0.201708311556/tools/compiler/bin/../lib/gcc/arm-none-eabi/6.3.1/thumb/v7e-m/fpv4-sp/hard/crtn.o
                0x0000000008009744                . = ALIGN (0x4)
                0x0000000008009744                _etext = .

.vfp11_veneer   0x0000000008009744        0x0
 .vfp11_veneer  0x0000000008009744        0x0 linker stubs

.v4_bx          0x0000000008009744        0x0
 .v4_bx         0x0000000008009744        0x0 linker stubs

.iplt           0x0000000008009744        0x0
 .iplt          0x0000000008009744        0x0 /home/pablo/Ac6/SystemWorkbench/plugins/fr.ac6.mcu.externaltools.arm-none.linux64_1.15.0.201708311556/tools/compiler/bin/../lib/gcc/arm-none-eabi/6.3.1/thumb/v7e-m/fpv4-sp/hard/crtbegin.o

.rodata         0x0000000008009748      0x320
                0x0000000008009748                . = ALIGN (0x4)
 *(.rodata)
 .rodata        0x0000000008009748       0x18 Src/system_stm32f4xx.o
                0x0000000008009748                AHBPrescTable
                0x0000000008009758                APBPrescTable
 *(.rodata*)
 .rodata.str1.4
                0x0000000008009760        0xe Src/main.o
 *fill*         0x000000000800976e        0x2 
 .rodata.str1.4
                0x0000000008009770       0x2d Src/sensor.o
 *fill*         0x000000000800979d        0x3 
 .rodata.str1.4
                0x00000000080097a0       0x13 Src/usbd_conf.o
 *fill*         0x00000000080097b3        0x1 
 .rodata.str1.4
                0x00000000080097b4       0x58 Src/usbd_desc.o
                                         0x56 (size before relaxing)
 .rodata._printf_float.str1.1
                0x000000000800980c       0x12 /home/pablo/Ac6/SystemWorkbench/plugins/fr.ac6.mcu.externaltools.arm-none.linux64_1.15.0.201708311556/tools/compiler/bin/../lib/gcc/arm-none-eabi/6.3.1/../../../../arm-none-eabi/lib/thumb/v7e-m/fpv4-sp/hard/libc_nano.a(lib_a-nano-vfprintf_float.o)
 .rodata._printf_i.str1.1
                0x000000000800981e       0x22 /home/pablo/Ac6/SystemWorkbench/plugins/fr.ac6.mcu.externaltools.arm-none.linux64_1.15.0.201708311556/tools/compiler/bin/../lib/gcc/arm-none-eabi/6.3.1/../../../../arm-none-eabi/lib/thumb/v7e-m/fpv4-sp/hard/libc_nano.a(lib_a-nano-vfprintf_i.o)
 .rodata._dtoa_r.str1.1
                0x0000000008009840        0xd /home/pablo/Ac6/SystemWorkbench/plugins/fr.ac6.mcu.externaltools.arm-none.linux64_1.15.0.201708311556/tools/compiler/bin/../lib/gcc/arm-none-eabi/6.3.1/../../../../arm-none-eabi/lib/thumb/v7e-m/fpv4-sp/hard/libc_nano.a(lib_a-dtoa.o)
                                          0xf (size before relaxing)
 .rodata._setlocale_r.str1.1
                0x000000000800984d        0x8 /home/pablo/Ac6/SystemWorkbench/plugins/fr.ac6.mcu.externaltools.arm-none.linux64_1.15.0.201708311556/tools/compiler/bin/../lib/gcc/arm-none-eabi/6.3.1/../../../../arm-none-eabi/lib/thumb/v7e-m/fpv4-sp/hard/libc_nano.a(lib_a-locale.o)
                                          0x9 (size before relaxing)
 .rodata.str1.1
                0x0000000008009855        0x2 /home/pablo/Ac6/SystemWorkbench/plugins/fr.ac6.mcu.externaltools.arm-none.linux64_1.15.0.201708311556/tools/compiler/bin/../lib/gcc/arm-none-eabi/6.3.1/../../../../arm-none-eabi/lib/thumb/v7e-m/fpv4-sp/hard/libc_nano.a(lib_a-locale.o)
 *fill*         0x0000000008009857        0x1 
 .rodata.__mprec_bigtens
                0x0000000008009858       0x28 /home/pablo/Ac6/SystemWorkbench/plugins/fr.ac6.mcu.externaltools.arm-none.linux64_1.15.0.201708311556/tools/compiler/bin/../lib/gcc/arm-none-eabi/6.3.1/../../../../arm-none-eabi/lib/thumb/v7e-m/fpv4-sp/hard/libc_nano.a(lib_a-mprec.o)
                0x0000000008009858                __mprec_bigtens
 .rodata.__mprec_tens
                0x0000000008009880       0xc8 /home/pablo/Ac6/SystemWorkbench/plugins/fr.ac6.mcu.externaltools.arm-none.linux64_1.15.0.201708311556/tools/compiler/bin/../lib/gcc/arm-none-eabi/6.3.1/../../../../arm-none-eabi/lib/thumb/v7e-m/fpv4-sp/hard/libc_nano.a(lib_a-mprec.o)
                0x0000000008009880                __mprec_tens
 .rodata.p05.7170
                0x0000000008009948        0xc /home/pablo/Ac6/SystemWorkbench/plugins/fr.ac6.mcu.externaltools.arm-none.linux64_1.15.0.201708311556/tools/compiler/bin/../lib/gcc/arm-none-eabi/6.3.1/../../../../arm-none-eabi/lib/thumb/v7e-m/fpv4-sp/hard/libc_nano.a(lib_a-mprec.o)
 .rodata._svfprintf_r.str1.1
                0x0000000008009954       0x11 /home/pablo/Ac6/SystemWorkbench/plugins/fr.ac6.mcu.externaltools.arm-none.linux64_1.15.0.201708311556/tools/compiler/bin/../lib/gcc/arm-none-eabi/6.3.1/../../../../arm-none-eabi/lib/thumb/v7e-m/fpv4-sp/hard/libc_nano.a(lib_a-nano-svfprintf.o)
 .rodata._ctype_
                0x0000000008009965      0x101 /home/pablo/Ac6/SystemWorkbench/plugins/fr.ac6.mcu.externaltools.arm-none.linux64_1.15.0.201708311556/tools/compiler/bin/../lib/gcc/arm-none-eabi/6.3.1/../../../../arm-none-eabi/lib/thumb/v7e-m/fpv4-sp/hard/libc_nano.a(lib_a-ctype_.o)
                0x0000000008009965                _ctype_
                0x0000000008009a68                . = ALIGN (0x4)
 *fill*         0x0000000008009a66        0x2 

.ARM.extab
 *(.ARM.extab* .gnu.linkonce.armextab.*)

.ARM            0x0000000008009a68        0x8
                0x0000000008009a68                __exidx_start = .
 *(.ARM.exidx*)
 .ARM.exidx     0x0000000008009a68        0x8 /home/pablo/Ac6/SystemWorkbench/plugins/fr.ac6.mcu.externaltools.arm-none.linux64_1.15.0.201708311556/tools/compiler/bin/../lib/gcc/arm-none-eabi/6.3.1/thumb/v7e-m/fpv4-sp/hard/libgcc.a(_udivmoddi4.o)
                0x0000000008009a70                __exidx_end = .

.rel.dyn        0x0000000008009a70        0x0
 .rel.iplt      0x0000000008009a70        0x0 /home/pablo/Ac6/SystemWorkbench/plugins/fr.ac6.mcu.externaltools.arm-none.linux64_1.15.0.201708311556/tools/compiler/bin/../lib/gcc/arm-none-eabi/6.3.1/thumb/v7e-m/fpv4-sp/hard/crtbegin.o

.preinit_array  0x0000000008009a70        0x0
                0x0000000008009a70                PROVIDE (__preinit_array_start, .)
 *(.preinit_array*)
                0x0000000008009a70                PROVIDE (__preinit_array_end, .)

.init_array     0x0000000008009a70        0x4
                0x0000000008009a70                PROVIDE (__init_array_start, .)
 *(SORT(.init_array.*))
 *(.init_array*)
 .init_array    0x0000000008009a70        0x4 /home/pablo/Ac6/SystemWorkbench/plugins/fr.ac6.mcu.externaltools.arm-none.linux64_1.15.0.201708311556/tools/compiler/bin/../lib/gcc/arm-none-eabi/6.3.1/thumb/v7e-m/fpv4-sp/hard/crtbegin.o
                0x0000000008009a74                PROVIDE (__init_array_end, .)

.fini_array     0x0000000008009a74        0x4
                [!provide]                        PROVIDE (__fini_array_start, .)
 *(SORT(.fini_array.*))
 *(.fini_array*)
 .fini_array    0x0000000008009a74        0x4 /home/pablo/Ac6/SystemWorkbench/plugins/fr.ac6.mcu.externaltools.arm-none.linux64_1.15.0.201708311556/tools/compiler/bin/../lib/gcc/arm-none-eabi/6.3.1/thumb/v7e-m/fpv4-sp/hard/crtbegin.o
                [!provide]                        PROVIDE (__fini_array_end, .)
                0x0000000008009a78                _sidata = LOADADDR (.data)

.data           0x0000000020000000      0x5d8 load address 0x0000000008009a78
                0x0000000020000000                . = ALIGN (0x4)
                0x0000000020000000                _sdata = .
 *(.data)
 .data          0x0000000020000000        0x8 Drivers/STM32F4xx_HAL_Driver/Src/stm32f4xx_hal.o
                0x0000000020000000                uwTickFreq
                0x0000000020000004                uwTickPrio
 .data          0x0000000020000008      0x110 Middlewares/ST/STM32_USB_Device_Library/Class/CDC/Src/usbd_cdc.o
                0x0000000020000008                USBD_CDC_CfgFSDesc
                0x000000002000004c                USBD_CDC_CfgHSDesc
                0x0000000020000090                USBD_CDC_OtherSpeedCfgDesc
                0x00000000200000e0                USBD_CDC
 .data          0x0000000020000118       0x34 Src/l3gd20.o
                0x0000000020000118                L3gd20Drv
 .data          0x000000002000014c       0x34 Src/lsm303dlhc.o
                0x000000002000014c                Lsm303dlhcDrv
 .data          0x0000000020000180      0x11d Src/parser.o
 *fill*         0x000000002000029d        0x3 
 .data          0x00000000200002a0       0x9c Src/sensor.o
 .data          0x000000002000033c       0x1c Src/stm32f411e_discovery.o
                0x000000002000033c                SpixTimeout
                0x0000000020000340                I2cxTimeout
                0x0000000020000344                GPIO_PORT
                0x0000000020000354                BUTTON_PORT
 .data          0x0000000020000358        0x4 Src/system_stm32f4xx.o
                0x0000000020000358                SystemCoreClock
 .data          0x000000002000035c       0x30 Src/uart.o
 .data          0x000000002000038c       0x30 Src/usb.o
 .data          0x00000000200003bc       0x18 Src/usbd_cdc_if.o
                0x00000000200003bc                linecoding
                0x00000000200003c4                USBD_Interface_fops_FS
 .data          0x00000000200003d4       0x34 Src/usbd_desc.o
                0x00000000200003d4                USBD_FS_DeviceDesc
                0x00000000200003e8                USBD_LangIDDesc
                0x00000000200003ec                FS_Desc
 *(.data*)
 .data._impure_ptr
                0x0000000020000408        0x4 /home/pablo/Ac6/SystemWorkbench/plugins/fr.ac6.mcu.externaltools.arm-none.linux64_1.15.0.201708311556/tools/compiler/bin/../lib/gcc/arm-none-eabi/6.3.1/../../../../arm-none-eabi/lib/thumb/v7e-m/fpv4-sp/hard/libc_nano.a(lib_a-impure.o)
                0x0000000020000408                _impure_ptr
 .data.impure_data
                0x000000002000040c       0x60 /home/pablo/Ac6/SystemWorkbench/plugins/fr.ac6.mcu.externaltools.arm-none.linux64_1.15.0.201708311556/tools/compiler/bin/../lib/gcc/arm-none-eabi/6.3.1/../../../../arm-none-eabi/lib/thumb/v7e-m/fpv4-sp/hard/libc_nano.a(lib_a-impure.o)
 .data.__global_locale
                0x000000002000046c      0x16c /home/pablo/Ac6/SystemWorkbench/plugins/fr.ac6.mcu.externaltools.arm-none.linux64_1.15.0.201708311556/tools/compiler/bin/../lib/gcc/arm-none-eabi/6.3.1/../../../../arm-none-eabi/lib/thumb/v7e-m/fpv4-sp/hard/libc_nano.a(lib_a-locale.o)
                0x000000002000046c                __global_locale