Archive member included to satisfy reference by file (symbol)

/home/pablo/Ac6/SystemWorkbench/plugins/fr.ac6.mcu.externaltools.arm-none.linux64_1.15.0.201708311556/tools/compiler/bin/../lib/gcc/arm-none-eabi/6.3.1/thumb/v7e-m/fpv4-sp/hard/libgcc.a(_arm_addsubdf3.o)
                              Src/sensor.o (__aeabi_f2d)
/home/pablo/Ac6/SystemWorkbench/plugins/fr.ac6.mcu.externaltools.arm-none.linux64_1.15.0.201708311556/tools/compiler/bin/../lib/gcc/arm-none-eabi/6.3.1/thumb/v7e-m/fpv4-sp/hard/libgcc.a(_aeabi_uldivmod.o)
                              Drivers/STM32F4xx_HAL_Driver/Src/stm32f4xx_hal_rcc.o (__aeabi_uldivmod)
/home/pablo/Ac6/SystemWorkbench/plugins/fr.ac6.mcu.externaltools.arm-none.linux64_1.15.0.201708311556/tools/compiler/bin/../lib/gcc/arm-none-eabi/6.3.1/thumb/v7e-m/fpv4-sp/hard/libgcc.a(_udivmoddi4.o)
                              /home/pablo/Ac6/SystemWorkbench/plugins/fr.ac6.mcu.externaltools.arm-none.linux64_1.15.0.201708311556/tools/compiler/bin/../lib/gcc/arm-none-eabi/6.3.1/thumb/v7e-m/fpv4-sp/hard/libgcc.a(_aeabi_uldivmod.o) (__udivmoddi4)
/home/pablo/Ac6/SystemWorkbench/plugins/fr.ac6.mcu.externaltools.arm-none.linux64_1.15.0.201708311556/tools/compiler/bin/../lib/gcc/arm-none-eabi/6.3.1/thumb/v7e-m/fpv4-sp/hard/libgcc.a(_dvmd_tls.o)
                              /home/pablo/Ac6/SystemWorkbench/plugins/fr.ac6.mcu.externaltools.arm-none.linux64_1.15.0.201708311556/tools/compiler/bin/../lib/gcc/arm-none-eabi/6.3.1/thumb/v7e-m/fpv4-sp/hard/libgcc.a(_aeabi_uldivmod.o) (__aeabi_ldiv0)
/home/pablo/Ac6/SystemWorkbench/plugins/fr.ac6.mcu.externaltools.arm-none.linux64_1.15.0.201708311556/tools/compiler/bin/../lib/gcc/arm-none-eabi/6.3.1/../../../../arm-none-eabi/lib/thumb/v7e-m/fpv4-sp/hard/libc_nano.a(lib_a-atoi.o)
                              Src/parser.o (atoi)
/home/pablo/Ac6/SystemWorkbench/plugins/fr.ac6.mcu.externaltools.arm-none.linux64_1.15.0.201708311556/tools/compiler/bin/../lib/gcc/arm-none-eabi/6.3.1/../../../../arm-none-eabi/lib/thumb/v7e-m/fpv4-sp/hard/libc_nano.a(lib_a-exit.o)
                              /home/pablo/Ac6/SystemWorkbench/plugins/fr.ac6.mcu.externaltools.arm-none.linux64_1.15.0.201708311556/tools/compiler/bin/../lib/gcc/arm-none-eabi/6.3.1/../../../../arm-none-eabi/lib/thumb/v7e-m/fpv4-sp/hard/crt0.o (exit)
/home/pablo/Ac6/SystemWorkbench/plugins/fr.ac6.mcu.externaltools.arm-none.linux64_1.15.0.201708311556/tools/compiler/bin/../lib/gcc/arm-none-eabi/6.3.1/../../../../arm-none-eabi/lib/thumb/v7e-m/fpv4-sp/hard/libc_nano.a(lib_a-impure.o)
                              /home/pablo/Ac6/SystemWorkbench/plugins/fr.ac6.mcu.externaltools.arm-none.linux64_1.15.0.201708311556/tools/compiler/bin/../lib/gcc/arm-none-eabi/6.3.1/../../../../arm-none-eabi/lib/thumb/v7e-m/fpv4-sp/hard/libc_nano.a(lib_a-exit.o) (_global_impure_ptr)
/home/pablo/Ac6/SystemWorkbench/plugins/fr.ac6.mcu.externaltools.arm-none.linux64_1.15.0.201708311556/tools/compiler/bin/../lib/gcc/arm-none-eabi/6.3.1/../../../../arm-none-eabi/lib/thumb/v7e-m/fpv4-sp/hard/libc_nano.a(lib_a-init.o)
                              /home/pablo/Ac6/SystemWorkbench/plugins/fr.ac6.mcu.externaltools.arm-none.linux64_1.15.0.201708311556/tools/compiler/bin/../lib/gcc/arm-none-eabi/6.3.1/../../../../arm-none-eabi/lib/thumb/v7e-m/fpv4-sp/hard/crt0.o (__libc_init_array)
/home/pablo/Ac6/SystemWorkbench/plugins/fr.ac6.mcu.externaltools.arm-none.linux64_1.15.0.201708311556/tools/compiler/bin/../lib/gcc/arm-none-eabi/6.3.1/../../../../arm-none-eabi/lib/thumb/v7e-m/fpv4-sp/hard/libc_nano.a(lib_a-malloc.o)
                              Middlewares/ST/STM32_USB_Device_Library/Class/CDC/Src/usbd_cdc.o (malloc)
/home/pablo/Ac6/SystemWorkbench/plugins/fr.ac6.mcu.externaltools.arm-none.linux64_1.15.0.201708311556/tools/compiler/bin/../lib/gcc/arm-none-eabi/6.3.1/../../../../arm-none-eabi/lib/thumb/v7e-m/fpv4-sp/hard/libc_nano.a(lib_a-memset.o)
                              /home/pablo/Ac6/SystemWorkbench/plugins/fr.ac6.mcu.externaltools.arm-none.linux64_1.15.0.201708311556/tools/compiler/bin/../lib/gcc/arm-none-eabi/6.3.1/../../../../arm-none-eabi/lib/thumb/v7e-m/fpv4-sp/hard/crt0.o (memset)
/home/pablo/Ac6/SystemWorkbench/plugins/fr.ac6.mcu.externaltools.arm-none.linux64_1.15.0.201708311556/tools/compiler/bin/../lib/gcc/arm-none-eabi/6.3.1/../../../../arm-none-eabi/lib/thumb/v7e-m/fpv4-sp/hard/libc_nano.a(lib_a-nano-freer.o)
                              /home/pablo/Ac6/SystemWorkbench/plugins/fr.ac6.mcu.externaltools.arm-none.linux64_1.15.0.201708311556/tools/compiler/bin/../lib/gcc/arm-none-eabi/6.3.1/../../../../arm-none-eabi/lib/thumb/v7e-m/fpv4-sp/hard/libc_nano.a(lib_a-malloc.o) (_free_r)
/home/pablo/Ac6/SystemWorkbench/plugins/fr.ac6.mcu.externaltools.arm-none.linux64_1.15.0.201708311556/tools/compiler/bin/../lib/gcc/arm-none-eabi/6.3.1/../../../../arm-none-eabi/lib/thumb/v7e-m/fpv4-sp/hard/libc_nano.a(lib_a-nano-mallocr.o)
[...]
Memory Configuration

Name             Origin             Length             Attributes
RAM              0x0000000020000000 0x0000000000020000 xrw
FLASH            0x0000000008000000 0x0000000000080000 xr
*default*        0x0000000000000000 0xffffffffffffffff

Linker script and memory map

LOAD /home/pablo/Ac6/SystemWorkbench/plugins/fr.ac6.mcu.externaltools.arm-none.linux64_1.15.0.201708311556/tools/compiler/bin/../lib/gcc/arm-none-eabi/6.3.1/thumb/v7e-m/fpv4-sp/hard/crti.o
LOAD /home/pablo/Ac6/SystemWorkbench/plugins/fr.ac6.mcu.externaltools.arm-none.linux64_1.15.0.201708311556/tools/compiler/bin/../lib/gcc/arm-none-eabi/6.3.1/thumb/v7e-m/fpv4-sp/hard/crtbegin.o
LOAD /home/pablo/Ac6/SystemWorkbench/plugins/fr.ac6.mcu.externaltools.arm-none.linux64_1.15.0.201708311556/tools/compiler/bin/../lib/gcc/arm-none-eabi/6.3.1/../../../../arm-none-eabi/lib/thumb/v7e-m/fpv4-sp/hard/crt0.o
LOAD Drivers/STM32F4xx_HAL_Driver/Src/stm32f4xx_hal.o
LOAD Drivers/STM32F4xx_HAL_Driver/Src/stm32f4xx_hal_cortex.o
LOAD Drivers/STM32F4xx_HAL_Driver/Src/stm32f4xx_hal_dma.o
LOAD Drivers/STM32F4xx_HAL_Driver/Src/stm32f4xx_hal_dma_ex.o
LOAD Drivers/STM32F4xx_HAL_Driver/Src/stm32f4xx_hal_flash.o
LOAD Drivers/STM32F4xx_HAL_Driver/Src/stm32f4xx_hal_flash_ex.o
LOAD Drivers/STM32F4xx_HAL_Driver/Src/stm32f4xx_hal_flash_ramfunc.o
LOAD Drivers/STM32F4xx_HAL_Driver/Src/stm32f4xx_hal_gpio.o
LOAD Drivers/STM32F4xx_HAL_Driver/Src/stm32f4xx_hal_i2c.o
LOAD Drivers/STM32F4xx_HAL_Driver/Src/stm32f4xx_hal_i2c_ex.o
LOAD Drivers/STM32F4xx_HAL_Driver/Src/stm32f4xx_hal_pcd.o
LOAD Drivers/STM32F4xx_HAL_Driver/Src/stm32f4xx_hal_pcd_ex.o
LOAD Drivers/STM32F4xx_HAL_Driver/Src/stm32f4xx_hal_pwr.o
LOAD Drivers/STM32F4xx_HAL_Driver/Src/stm32f4xx_hal_pwr_ex.o
LOAD Drivers/STM32F4xx_HAL_Driver/Src/stm32f4xx_hal_rcc.o
LOAD Drivers/STM32F4xx_HAL_Driver/Src/stm32f4xx_hal_rcc_ex.o
LOAD Drivers/STM32F4xx_HAL_Driver/Src/stm32f4xx_hal_spi.o
LOAD Drivers/STM32F4xx_HAL_Driver/Src/stm32f4xx_hal_tim.o
LOAD Drivers/STM32F4xx_HAL_Driver/Src/stm32f4xx_hal_tim_ex.o
LOAD Drivers/STM32F4xx_HAL_Driver/Src/stm32f4xx_hal_uart.o
LOAD Drivers/STM32F4xx_HAL_Driver/Src/stm32f4xx_ll_usb.o
LOAD Middlewares/ST/STM32_USB_Device_Library/Class/CDC/Src/usbd_cdc.o
LOAD Middlewares/ST/STM32_USB_Device_Library/Core/Src/usbd_core.o
LOAD Middlewares/ST/STM32_USB_Device_Library/Core/Src/usbd_ctlreq.o
LOAD Middlewares/ST/STM32_USB_Device_Library/Core/Src/usbd_ioreq.o
LOAD Src/fsm.o
LOAD Src/l3gd20.o
LOAD Src/lsm303dlhc.o
LOAD Src/main.o
LOAD Src/parser.o
LOAD Src/ring_buf.o
LOAD Src/sensor.o
LOAD Src/stm32f411e_discovery.o
LOAD Src/stm32f411e_discovery_accelerometer.o
LOAD Src/stm32f411e_discovery_gyroscope.o
LOAD Src/stm32f4xx_hal_msp.o
LOAD Src/stm32f4xx_it.o
LOAD Src/system_stm32f4xx.o
LOAD Src/uart.o
LOAD Src/usb.o
LOAD Src/usb_device.o
LOAD Src/usbd_cdc_if.o
LOAD Src/usbd_conf.o
LOAD Src/usbd_desc.o
LOAD startup/startup_stm32f411xe.o
LOAD /home/pablo/Ac6/SystemWorkbench/plugins/fr.ac6.mcu.externaltools.arm-none.linux64_1.15.0.201708311556/tools/compiler/bin/../lib/gcc/arm-none-eabi/6.3.1/../../../../arm-none-eabi/lib/thumb/v7e-m/fpv4-sp/hard/libm.a
START GROUP
LOAD /home/pablo/Ac6/SystemWorkbench/plugins/fr.ac6.mcu.externaltools.arm-none.linux64_1.15.0.201708311556/tools/compiler/bin/../lib/gcc/arm-none-eabi/6.3.1/thumb/v7e-m/fpv4-sp/hard/libgcc.a
LOAD /home/pablo/Ac6/SystemWorkbench/plugins/fr.ac6.mcu.externaltools.arm-none.linux64_1.15.0.201708311556/tools/compiler/bin/../lib/gcc/arm-none-eabi/6.3.1/../../../../arm-none-eabi/lib/thumb/v7e-m/fpv4-sp/hard/libc_nano.a
END GROUP
START GROUP
LOAD /home/pablo/Ac6/SystemWorkbench/plugins/fr.ac6.mcu.externaltools.arm-none.linux64_1.15.0.201708311556/tools/compiler/bin/../lib/gcc/arm-none-eabi/6.3.1/thumb/v7e-m/fpv4-sp/hard/libgcc.a
LOAD /home/pablo/Ac6/SystemWorkbench/plugins/fr.ac6.mcu.externaltools.arm-none.linux64_1.15.0.201708311556/tools/compiler/bin/../lib/gcc/arm-none-eabi/6.3.1/../../../../arm-none-eabi/lib/thumb/v7e-m/fpv4-sp/hard/libc_nano.a
LOAD /home/pablo/Ac6/SystemWorkbench/plugins/fr.ac6.mcu.externaltools.arm-none.linux64_1.15.0.201708311556/tools/compiler/bin/../lib/gcc/arm-none-eabi/6.3.1/../../../../arm-none-eabi/lib/thumb/v7e-m/fpv4-sp/hard/libnosys.a
END GROUP
START GROUP
LOAD /home/pablo/Ac6/SystemWorkbench/plugins/fr.ac6.mcu.externaltools.arm-none.linux64_1.15.0.201708311556/tools/compiler/bin/../lib/gcc/arm-none-eabi/6.3.1/thumb/v7e-m/fpv4-sp/hard/libgcc.a
LOAD /home/pablo/Ac6/SystemWorkbench/plugins/fr.ac6.mcu.externaltools.arm-none.linux64_1.15.0.201708311556/tools/compiler/bin/../lib/gcc/arm-none-eabi/6.3.1/../../../../arm-none-eabi/lib/thumb/v7e-m/fpv4-sp/hard/libc_nano.a
LOAD /home/pablo/Ac6/SystemWorkbench/plugins/fr.ac6.mcu.externaltools.arm-none.linux64_1.15.0.201708311556/tools/compiler/bin/../lib/gcc/arm-none-eabi/6.3.1/../../../../arm-none-eabi/lib/thumb/v7e-m/fpv4-sp/hard/libnosys.a
END GROUP
LOAD /home/pablo/Ac6/SystemWorkbench/plugins/fr.ac6.mcu.externaltools.arm-none.linux64_1.15.0.201708311556/tools/compiler/bin/../lib/gcc/arm-none-eabi/6.3.1/thumb/v7e-m/fpv4-sp/hard/crtend.o
LOAD /home/pablo/Ac6/SystemWorkbench/plugins/fr.ac6.mcu.externaltools.arm-none.linux64_1.15.0.201708311556/tools/compiler/bin/../lib/gcc/arm-none-eabi/6.3.1/thumb/v7e-m/fpv4-sp/hard/crtn.o
                0x0000000020020000                _estack = 0x20020000
                0x0000000000000200                _Min_Heap_Size = 0x200
                0x0000000000000400                _Min_Stack_Size = 0x400

.isr_vector     0x0000000008000000      0x198
                0x0000000008000000                . = ALIGN (0x4)
 *(.isr_vector)
 .isr_vector    0x0000000008000000      0x198 startup/startup_stm32f411xe.o
                0x0000000008000000                g_pfnVectors
                0x0000000008000198                . = ALIGN (0x4)

.text           0x00000000080001a0     0x810c
                0x00000000080001a0                . = ALIGN (0x4)
 *(.text)
 .text          0x00000000080001a0       0x6c /home/pablo/Ac6/SystemWorkbench/plugins/fr.ac6.mcu.externaltools.arm-none.linux64_1.15.0.201708311556/tools/compiler/bin/../lib/gcc/arm-none-eabi/6.3.1/thumb/v7e-m/fpv4-sp/hard/crtbegin.o
 .text          0x000000000800020c      0x370 /home/pablo/Ac6/SystemWorkbench/plugins/fr.ac6.mcu.externaltools.arm-none.linux64_1.15.0.201708311556/tools/compiler/bin/../lib/gcc/arm-none-eabi/6.3.1/thumb/v7e-m/fpv4-sp/hard/libgcc.a(_arm_addsubdf3.o)
                0x000000000800020c                __aeabi_drsub
                0x0000000008000214                __aeabi_dsub
                0x0000000008000214                __subdf3
                0x0000000008000218                __adddf3
                0x0000000008000218                __aeabi_dadd
                0x0000000008000490                __aeabi_ui2d
                0x0000000008000490                __floatunsidf
                0x00000000080004b0                __floatsidf
                0x00000000080004b0                __aeabi_i2d
                0x00000000080004d4                __extendsfdf2
                0x00000000080004d4                __aeabi_f2d
                0x0000000008000510                __aeabi_ul2d
                0x0000000008000510                __floatundidf
                0x0000000008000520                __floatdidf
                0x0000000008000520                __aeabi_l2d
 .text          0x000000000800057c       0x30 /home/pablo/Ac6/SystemWorkbench/plugins/fr.ac6.mcu.externaltools.arm-none.linux64_1.15.0.201708311556/tools/compiler/bin/../lib/gcc/arm-none-eabi/6.3.1/thumb/v7e-m/fpv4-sp/hard/libgcc.a(_aeabi_uldivmod.o)
                0x000000000800057c                __aeabi_uldivmod
 .text          0x00000000080005ac      0x2dc /home/pablo/Ac6/SystemWorkbench/plugins/fr.ac6.mcu.externaltools.arm-none.linux64_1.15.0.201708311556/tools/compiler/bin/../lib/gcc/arm-none-eabi/6.3.1/thumb/v7e-m/fpv4-sp/hard/libgcc.a(_udivmoddi4.o)
                0x00000000080005ac                __udivmoddi4
 .text          0x0000000008000888        0x4 /home/pablo/Ac6/SystemWorkbench/plugins/fr.ac6.mcu.externaltools.arm-none.linux64_1.15.0.201708311556/tools/compiler/bin/../lib/gcc/arm-none-eabi/6.3.1/thumb/v7e-m/fpv4-sp/hard/libgcc.a(_dvmd_tls.o)
                0x0000000008000888                __aeabi_ldiv0
                0x0000000008000888                __aeabi_idiv0
 .text          0x000000000800088c       0x10 /home/pablo/Ac6/SystemWorkbench/plugins/fr.ac6.mcu.externaltools.arm-none.linux64_1.15.0.201708311556/tools/compiler/bin/../lib/gcc/arm-none-eabi/6.3.1/../../../../arm-none-eabi/lib/thumb/v7e-m/fpv4-sp/hard/libc_nano.a(lib_a-strlen.o)
                0x000000000800088c                strlen
 *fill*         0x000000000800089c        0x4 
 .text          0x00000000080008a0       0xa0 /home/pablo/Ac6/SystemWorkbench/plugins/fr.ac6.mcu.externaltools.arm-none.linux64_1.15.0.201708311556/tools/compiler/bin/../lib/gcc/arm-none-eabi/6.3.1/../../../../arm-none-eabi/lib/thumb/v7e-m/fpv4-sp/hard/libc_nano.a(lib_a-memchr.o)
                0x00000000080008a0                memchr
 .text          0x0000000008000940      0x424 /home/pablo/Ac6/SystemWorkbench/plugins/fr.ac6.mcu.externaltools.arm-none.linux64_1.15.0.201708311556/tools/compiler/bin/../lib/gcc/arm-none-eabi/6.3.1/thumb/v7e-m/fpv4-sp/hard/libgcc.a(_arm_muldivdf3.o)
                0x0000000008000940                __aeabi_dmul
                0x0000000008000940                __muldf3
                0x0000000008000b94                __aeabi_ddiv
                0x0000000008000b94                __divdf3
 .text          0x0000000008000d64      0x110 /home/pablo/Ac6/SystemWorkbench/plugins/fr.ac6.mcu.externaltools.arm-none.linux64_1.15.0.201708311556/tools/compiler/bin/../lib/gcc/arm-none-eabi/6.3.1/thumb/v7e-m/fpv4-sp/hard/libgcc.a(_arm_cmpdf2.o)
                0x0000000008000d64                __gtdf2
                0x0000000008000d64                __gedf2
                0x0000000008000d6c                __ltdf2
                0x0000000008000d6c                __ledf2
                0x0000000008000d74                __cmpdf2
                0x0000000008000d74                __eqdf2
                0x0000000008000d74                __nedf2
                0x0000000008000df0                __aeabi_cdrcmple
                0x0000000008000e00                __aeabi_cdcmple
                0x0000000008000e00                __aeabi_cdcmpeq
                0x0000000008000e10                __aeabi_dcmpeq
                0x0000000008000e24                __aeabi_dcmplt
                0x0000000008000e38                __aeabi_dcmple
                0x0000000008000e4c                __aeabi_dcmpge
                0x0000000008000e60                __aeabi_dcmpgt
 .text          0x0000000008000e74       0x2c /home/pablo/Ac6/SystemWorkbench/plugins/fr.ac6.mcu.externaltools.arm-none.linux64_1.15.0.201708311556/tools/compiler/bin/../lib/gcc/arm-none-eabi/6.3.1/thumb/v7e-m/fpv4-sp/hard/libgcc.a(_arm_unorddf2.o)
                0x0000000008000e74                __aeabi_dcmpun
                0x0000000008000e74                __unorddf2
 .text          0x0000000008000ea0       0x50 /home/pablo/Ac6/SystemWorkbench/plugins/fr.ac6.mcu.externaltools.arm-none.linux64_1.15.0.201708311556/tools/compiler/bin/../lib/gcc/arm-none-eabi/6.3.1/thumb/v7e-m/fpv4-sp/hard/libgcc.a(_arm_fixdfsi.o)
                0x0000000008000ea0                __fixdfsi
                0x0000000008000ea0                __aeabi_d2iz
 *(.text*)
 .text.HAL_InitTick
                0x0000000008000ef0       0x48 Drivers/STM32F4xx_HAL_Driver/Src/stm32f4xx_hal.o
                0x0000000008000ef0                HAL_InitTick
 .text.HAL_Init
                0x0000000008000f38       0x34 Drivers/STM32F4xx_HAL_Driver/Src/stm32f4xx_hal.o
                0x0000000008000f38                HAL_Init
 .text.HAL_IncTick
                0x0000000008000f6c       0x18 Drivers/STM32F4xx_HAL_Driver/Src/stm32f4xx_hal.o
                0x0000000008000f6c                HAL_IncTick
 .text.HAL_GetTick
                0x0000000008000f84        0xc Drivers/STM32F4xx_HAL_Driver/Src/stm32f4xx_hal.o
                0x0000000008000f84                HAL_GetTick
 .text.HAL_NVIC_SetPriorityGrouping
                0x0000000008000f90       0x24 Drivers/STM32F4xx_HAL_Driver/Src/stm32f4xx_hal_cortex.o
                0x0000000008000f90                HAL_NVIC_SetPriorityGrouping
 .text.HAL_NVIC_SetPriority
                0x0000000008000fb4       0x64 Drivers/STM32F4xx_HAL_Driver/Src/stm32f4xx_hal_cortex.o
                0x0000000008000fb4                HAL_NVIC_SetPriority
 .text.HAL_NVIC_EnableIRQ
                0x0000000008001018       0x18 Drivers/STM32F4xx_HAL_Driver/Src/stm32f4xx_hal_cortex.o
                0x0000000008001018                HAL_NVIC_EnableIRQ
 .text.HAL_SYSTICK_Config
                0x0000000008001030       0x2c Drivers/STM32F4xx_HAL_Driver/Src/stm32f4xx_hal_cortex.o
                0x0000000008001030                HAL_SYSTICK_Config
 .text.HAL_SYSTICK_CLKSourceConfig
                0x000000000800105c       0x20 Drivers/STM32F4xx_HAL_Driver/Src/stm32f4xx_hal_cortex.o
                0x000000000800105c                HAL_SYSTICK_CLKSourceConfig
 .text.HAL_SYSTICK_IRQHandler
                0x000000000800107c        0x8 Drivers/STM32F4xx_HAL_Driver/Src/stm32f4xx_hal_cortex.o
                0x000000000800107c                HAL_SYSTICK_IRQHandler
 .text.HAL_DMA_Abort_IT
                0x0000000008001084       0x26 Drivers/STM32F4xx_HAL_Driver/Src/stm32f4xx_hal_dma.o
                0x0000000008001084                HAL_DMA_Abort_IT
 *fill*         0x00000000080010aa        0x2 
 .text.HAL_GPIO_Init
                0x00000000080010ac      0x1a8 Drivers/STM32F4xx_HAL_Driver/Src/stm32f4xx_hal_gpio.o
                0x00000000080010ac                HAL_GPIO_Init
 .text.HAL_GPIO_DeInit
                0x0000000008001254       0xfc Drivers/STM32F4xx_HAL_Driver/Src/stm32f4xx_hal_gpio.o
                0x0000000008001254                HAL_GPIO_DeInit
 .text.HAL_GPIO_WritePin
                0x0000000008001350        0xc Drivers/STM32F4xx_HAL_Driver/Src/stm32f4xx_hal_gpio.o
                0x0000000008001350                HAL_GPIO_WritePin
 .text.I2C_IsAcknowledgeFailed
                0x000000000800135c       0x2a Drivers/STM32F4xx_HAL_Driver/Src/stm32f4xx_hal_i2c.o
 .text.I2C_WaitOnFlagUntilTimeout
                0x0000000008001386       0x68 Drivers/STM32F4xx_HAL_Driver/Src/stm32f4xx_hal_i2c.o
 .text.I2C_WaitOnMasterAddressFlagUntilTimeout
                0x00000000080013ee       0x90 Drivers/STM32F4xx_HAL_Driver/Src/stm32f4xx_hal_i2c.o
 .text.I2C_WaitOnTXEFlagUntilTimeout
                0x000000000800147e       0x4e Drivers/STM32F4xx_HAL_Driver/Src/stm32f4xx_hal_i2c.o
 .text.I2C_RequestMemoryWrite
                0x00000000080014cc       0xd4 Drivers/STM32F4xx_HAL_Driver/Src/stm32f4xx_hal_i2c.o
 .text.I2C_RequestMemoryRead
                0x00000000080015a0      0x148 Drivers/STM32F4xx_HAL_Driver/Src/stm32f4xx_hal_i2c.o
 .text.I2C_WaitOnBTFFlagUntilTimeout
                0x00000000080016e8       0x4e Drivers/STM32F4xx_HAL_Driver/Src/stm32f4xx_hal_i2c.o
 .text.I2C_WaitOnRXNEFlagUntilTimeout
                0x0000000008001736       0x5c Drivers/STM32F4xx_HAL_Driver/Src/stm32f4xx_hal_i2c.o
 *fill*         0x0000000008001792        0x2 
 .text.HAL_I2C_Init
                0x0000000008001794      0x11c Drivers/STM32F4xx_HAL_Driver/Src/stm32f4xx_hal_i2c.o
                0x0000000008001794                HAL_I2C_Init
 .text.HAL_I2C_DeInit
                0x00000000080018b0       0x32 Drivers/STM32F4xx_HAL_Driver/Src/stm32f4xx_hal_i2c.o
                0x00000000080018b0                HAL_I2C_DeInit
 *fill*         0x00000000080018e2        0x2 
 .text.HAL_I2C_Mem_Write
                0x00000000080018e4      0x17c Drivers/STM32F4xx_HAL_Driver/Src/stm32f4xx_hal_i2c.o
                0x00000000080018e4                HAL_I2C_Mem_Write
 .text.HAL_I2C_Mem_Read
                0x0000000008001a60      0x2f4 Drivers/STM32F4xx_HAL_Driver/Src/stm32f4xx_hal_i2c.o
                0x0000000008001a60                HAL_I2C_Mem_Read
 .text.HAL_I2C_GetState
                0x0000000008001d54        0x6 Drivers/STM32F4xx_HAL_Driver/Src/stm32f4xx_hal_i2c.o
                0x0000000008001d54                HAL_I2C_GetState
 .text.PCD_WriteEmptyTxFifo
                0x0000000008001d5a       0xac Drivers/STM32F4xx_HAL_Driver/Src/stm32f4xx_hal_pcd.o
 *fill*         0x0000000008001e06        0x2 
 .text.HAL_PCD_IRQHandler
                0x0000000008001e08      0x5c4 Drivers/STM32F4xx_HAL_Driver/Src/stm32f4xx_hal_pcd.o
                0x0000000008001e08                HAL_PCD_IRQHandler
 .text.HAL_PCD_SetAddress
                0x00000000080023cc       0x24 Drivers/STM32F4xx_HAL_Driver/Src/stm32f4xx_hal_pcd.o
                0x00000000080023cc                HAL_PCD_SetAddress
 .text.HAL_PCD_EP_Open
                0x00000000080023f0       0x68 Drivers/STM32F4xx_HAL_Driver/Src/stm32f4xx_hal_pcd.o
                0x00000000080023f0                HAL_PCD_EP_Open
 .text.HAL_PCD_EP_Receive
                0x0000000008002458       0x5a Drivers/STM32F4xx_HAL_Driver/Src/stm32f4xx_hal_pcd.o
                0x0000000008002458                HAL_PCD_EP_Receive
 .text.HAL_PCD_EP_Transmit
                0x00000000080024b2       0x52 Drivers/STM32F4xx_HAL_Driver/Src/stm32f4xx_hal_pcd.o
                0x00000000080024b2                HAL_PCD_EP_Transmit
 .text.HAL_PCD_EP_SetStall
                0x0000000008002504       0x66 Drivers/STM32F4xx_HAL_Driver/Src/stm32f4xx_hal_pcd.o
                0x0000000008002504                HAL_PCD_EP_SetStall
 .text.HAL_PCD_EP_ClrStall
                0x000000000800256a       0x56 Drivers/STM32F4xx_HAL_Driver/Src/stm32f4xx_hal_pcd.o
                0x000000000800256a                HAL_PCD_EP_ClrStall
 .text.HAL_RCC_OscConfig
                0x00000000080025c0      0x398 Drivers/STM32F4xx_HAL_Driver/Src/stm32f4xx_hal_rcc.o
                0x00000000080025c0                HAL_RCC_OscConfig
 .text.HAL_RCC_GetSysClockFreq
                0x0000000008002958       0xd4 Drivers/STM32F4xx_HAL_Driver/Src/stm32f4xx_hal_rcc.o
                0x0000000008002958                HAL_RCC_GetSysClockFreq
 .text.HAL_RCC_ClockConfig
                0x0000000008002a2c      0x158 Drivers/STM32F4xx_HAL_Driver/Src/stm32f4xx_hal_rcc.o
                0x0000000008002a2c                HAL_RCC_ClockConfig
 .text.HAL_RCC_GetHCLKFreq
                0x0000000008002b84        0xc Drivers/STM32F4xx_HAL_Driver/Src/stm32f4xx_hal_rcc.o
                0x0000000008002b84                HAL_RCC_GetHCLKFreq
 .text.HAL_RCC_GetPCLK1Freq
                0x0000000008002b90       0x20 Drivers/STM32F4xx_HAL_Driver/Src/stm32f4xx_hal_rcc.o
                0x0000000008002b90                HAL_RCC_GetPCLK1Freq
 .text.HAL_RCC_GetPCLK2Freq
                0x0000000008002bb0       0x20 Drivers/STM32F4xx_HAL_Driver/Src/stm32f4xx_hal_rcc.o
                0x0000000008002bb0                HAL_RCC_GetPCLK2Freq
 .text.HAL_SPI_Init
                0x0000000008002bd0       0x80 Drivers/STM32F4xx_HAL_Driver/Src/stm32f4xx_hal_spi.o
                0x0000000008002bd0                HAL_SPI_Init
 .text.TIM_OC1_SetConfig
                0x0000000008002c50       0x54 Drivers/STM32F4xx_HAL_Driver/Src/stm32f4xx_hal_tim.o
 .text.TIM_OC3_SetConfig
                0x0000000008002ca4       0x5c Drivers/STM32F4xx_HAL_Driver/Src/stm32f4xx_hal_tim.o
 .text.TIM_OC4_SetConfig
                0x0000000008002d00       0x48 Drivers/STM32F4xx_HAL_Driver/Src/stm32f4xx_hal_tim.o
 .text.HAL_TIM_Base_Start_IT
                0x0000000008002d48       0x18 Drivers/STM32F4xx_HAL_Driver/Src/stm32f4xx_hal_tim.o
                0x0000000008002d48                HAL_TIM_Base_Start_IT
 .text.HAL_TIM_Base_Stop_IT
                0x0000000008002d60       0x2c Drivers/STM32F4xx_HAL_Driver/Src/stm32f4xx_hal_tim.o
                0x0000000008002d60                HAL_TIM_Base_Stop_IT
 .text.HAL_TIM_OC_DelayElapsedCallback
                0x0000000008002d8c        0x2 Drivers/STM32F4xx_HAL_Driver/Src/stm32f4xx_hal_tim.o
                0x0000000008002d8c                HAL_TIM_OC_DelayElapsedCallback
 .text.HAL_TIM_IC_CaptureCallback
                0x0000000008002d8e        0x2 Drivers/STM32F4xx_HAL_Driver/Src/stm32f4xx_hal_tim.o
                0x0000000008002d8e                HAL_TIM_IC_CaptureCallback
 .text.HAL_TIM_PWM_PulseFinishedCallback
                0x0000000008002d90        0x2 Drivers/STM32F4xx_HAL_Driver/Src/stm32f4xx_hal_tim.o
                0x0000000008002d90                HAL_TIM_PWM_PulseFinishedCallback
 .text.HAL_TIM_TriggerCallback
                0x0000000008002d92        0x2 Drivers/STM32F4xx_HAL_Driver/Src/stm32f4xx_hal_tim.o
                0x0000000008002d92                HAL_TIM_TriggerCallback
 .text.HAL_TIM_IRQHandler
                0x0000000008002d94      0x17a Drivers/STM32F4xx_HAL_Driver/Src/stm32f4xx_hal_tim.o
                0x0000000008002d94                HAL_TIM_IRQHandler
 *fill*         0x0000000008002f0e        0x2 
 .text.TIM_Base_SetConfig
                0x0000000008002f10       0xd0 Drivers/STM32F4xx_HAL_Driver/Src/stm32f4xx_hal_tim.o
                0x0000000008002f10                TIM_Base_SetConfig
 .text.HAL_TIM_Base_Init
                0x0000000008002fe0       0x32 Drivers/STM32F4xx_HAL_Driver/Src/stm32f4xx_hal_tim.o
                0x0000000008002fe0                HAL_TIM_Base_Init
 .text.HAL_TIM_PWM_Init
                0x0000000008003012       0x32 Drivers/STM32F4xx_HAL_Driver/Src/stm32f4xx_hal_tim.o
                0x0000000008003012                HAL_TIM_PWM_Init
 .text.TIM_OC2_SetConfig
                0x0000000008003044       0x5c Drivers/STM32F4xx_HAL_Driver/Src/stm32f4xx_hal_tim.o
                0x0000000008003044                TIM_OC2_SetConfig
 .text.HAL_TIM_PWM_ConfigChannel
                0x00000000080030a0       0xdc Drivers/STM32F4xx_HAL_Driver/Src/stm32f4xx_hal_tim.o
                0x00000000080030a0                HAL_TIM_PWM_ConfigChannel
 .text.TIM_CCxChannelCmd
                0x000000000800317c       0x1e Drivers/STM32F4xx_HAL_Driver/Src/stm32f4xx_hal_tim.o
                0x000000000800317c                TIM_CCxChannelCmd
 *fill*         0x000000000800319a        0x2 
 .text.HAL_TIM_PWM_Start
                0x000000000800319c       0x30 Drivers/STM32F4xx_HAL_Driver/Src/stm32f4xx_hal_tim.o
                0x000000000800319c                HAL_TIM_PWM_Start
 .text.HAL_TIMEx_MasterConfigSynchronization
                0x00000000080031cc       0x52 Drivers/STM32F4xx_HAL_Driver/Src/stm32f4xx_hal_tim_ex.o
                0x00000000080031cc                HAL_TIMEx_MasterConfigSynchronization
 .text.HAL_TIMEx_CommutationCallback
                0x000000000800321e        0x2 Drivers/STM32F4xx_HAL_Driver/Src/stm32f4xx_hal_tim_ex.o
                0x000000000800321e                HAL_TIMEx_CommutationCallback
 .text.HAL_TIMEx_BreakCallback
                0x0000000008003220        0x2 Drivers/STM32F4xx_HAL_Driver/Src/stm32f4xx_hal_tim_ex.o
                0x0000000008003220                HAL_TIMEx_BreakCallback
 .text.UART_EndRxTransfer
                0x0000000008003222       0x1c Drivers/STM32F4xx_HAL_Driver/Src/stm32f4xx_hal_uart.o
 .text.UART_Transmit_IT
                0x000000000800323e       0x6a Drivers/STM32F4xx_HAL_Driver/Src/stm32f4xx_hal_uart.o
 .text.UART_SetConfig
                0x00000000080032a8      0x344 Drivers/STM32F4xx_HAL_Driver/Src/stm32f4xx_hal_uart.o
 .text.UART_WaitOnFlagUntilTimeout
                0x00000000080035ec       0x64 Drivers/STM32F4xx_HAL_Driver/Src/stm32f4xx_hal_uart.o
 .text.HAL_UART_Init
                0x0000000008003650       0x5e Drivers/STM32F4xx_HAL_Driver/Src/stm32f4xx_hal_uart.o
                0x0000000008003650                HAL_UART_Init
 .text.HAL_UART_Transmit
                0x00000000080036ae       0xe2 Drivers/STM32F4xx_HAL_Driver/Src/stm32f4xx_hal_uart.o
                0x00000000080036ae                HAL_UART_Transmit
 .text.HAL_UART_Receive_IT
                0x0000000008003790       0x52 Drivers/STM32F4xx_HAL_Driver/Src/stm32f4xx_hal_uart.o
                0x0000000008003790                HAL_UART_Receive_IT
 .text.UART_EndTransmit_IT
                0x00000000080037e2       0x1a Drivers/STM32F4xx_HAL_Driver/Src/stm32f4xx_hal_uart.o
 .text.UART_Receive_IT
                0x00000000080037fc       0x94 Drivers/STM32F4xx_HAL_Driver/Src/stm32f4xx_hal_uart.o
 .text.HAL_UART_ErrorCallback
                0x0000000008003890        0x2 Drivers/STM32F4xx_HAL_Driver/Src/stm32f4xx_hal_uart.o
                0x0000000008003890                HAL_UART_ErrorCallback
 *fill*         0x0000000008003892        0x2 
 .text.HAL_UART_IRQHandler
                0x0000000008003894      0x120 Drivers/STM32F4xx_HAL_Driver/Src/stm32f4xx_hal_uart.o
                0x0000000008003894                HAL_UART_IRQHandler
 .text.UART_DMAAbortOnError
                0x00000000080039b4       0x10 Drivers/STM32F4xx_HAL_Driver/Src/stm32f4xx_hal_uart.o
 .text.USB_FlushTxFifo
                0x00000000080039c4       0x28 Drivers/STM32F4xx_HAL_Driver/Src/stm32f4xx_ll_usb.o
                0x00000000080039c4                USB_FlushTxFifo
 .text.USB_GetDevSpeed
                0x00000000080039ec       0x40 Drivers/STM32F4xx_HAL_Driver/Src/stm32f4xx_ll_usb.o
                0x00000000080039ec                USB_GetDevSpeed
 .text.USB_ActivateEndpoint
                0x0000000008003a2c       0x92 Drivers/STM32F4xx_HAL_Driver/Src/stm32f4xx_ll_usb.o
                0x0000000008003a2c                USB_ActivateEndpoint
 *fill*         0x0000000008003abe        0x2 
 .text.USB_EPStartXfer
                0x0000000008003ac0      0x264 Drivers/STM32F4xx_HAL_Driver/Src/stm32f4xx_ll_usb.o
                0x0000000008003ac0                USB_EPStartXfer
 .text.USB_EP0StartXfer
                0x0000000008003d24      0x160 Drivers/STM32F4xx_HAL_Driver/Src/stm32f4xx_ll_usb.o
                0x0000000008003d24                USB_EP0StartXfer
 .text.USB_WritePacket
                0x0000000008003e84       0x28 Drivers/STM32F4xx_HAL_Driver/Src/stm32f4xx_ll_usb.o
                0x0000000008003e84                USB_WritePacket
 .text.USB_ReadPacket
                0x0000000008003eac       0x28 Drivers/STM32F4xx_HAL_Driver/Src/stm32f4xx_ll_usb.o
                0x0000000008003eac                USB_ReadPacket
 .text.USB_EPSetStall
                0x0000000008003ed4       0x64 Drivers/STM32F4xx_HAL_Driver/Src/stm32f4xx_ll_usb.o
                0x0000000008003ed4                USB_EPSetStall
 .text.USB_EPClearStall
                0x0000000008003f38       0x6a Drivers/STM32F4xx_HAL_Driver/Src/stm32f4xx_ll_usb.o
                0x0000000008003f38                USB_EPClearStall
 .text.USB_SetDevAddress
                0x0000000008003fa2       0x20 Drivers/STM32F4xx_HAL_Driver/Src/stm32f4xx_ll_usb.o
                0x0000000008003fa2                USB_SetDevAddress
 .text.USB_ReadInterrupts
                0x0000000008003fc2        0x8 Drivers/STM32F4xx_HAL_Driver/Src/stm32f4xx_ll_usb.o
                0x0000000008003fc2                USB_ReadInterrupts
 .text.USB_ReadDevAllOutEpInterrupt
                0x0000000008003fca       0x10 Drivers/STM32F4xx_HAL_Driver/Src/stm32f4xx_ll_usb.o
                0x0000000008003fca                USB_ReadDevAllOutEpInterrupt
 .text.USB_ReadDevAllInEpInterrupt
                0x0000000008003fda       0x10 Drivers/STM32F4xx_HAL_Driver/Src/stm32f4xx_ll_usb.o
                0x0000000008003fda                USB_ReadDevAllInEpInterrupt
 .text.USB_ReadDevOutEPInterrupt
                0x0000000008003fea       0x12 Drivers/STM32F4xx_HAL_Driver/Src/stm32f4xx_ll_usb.o
                0x0000000008003fea                USB_ReadDevOutEPInterrupt
 .text.USB_ReadDevInEPInterrupt
                0x0000000008003ffc       0x1c Drivers/STM32F4xx_HAL_Driver/Src/stm32f4xx_ll_usb.o
                0x0000000008003ffc                USB_ReadDevInEPInterrupt
 .text.USB_GetMode
                0x0000000008004018        0x8 Drivers/STM32F4xx_HAL_Driver/Src/stm32f4xx_ll_usb.o
                0x0000000008004018                USB_GetMode
 .text.USB_ActivateSetup
                0x0000000008004020       0x38 Drivers/STM32F4xx_HAL_Driver/Src/stm32f4xx_ll_usb.o
                0x0000000008004020                USB_ActivateSetup
 .text.USB_EP0_OutStart
                0x0000000008004058       0x46 Drivers/STM32F4xx_HAL_Driver/Src/stm32f4xx_ll_usb.o
                0x0000000008004058                USB_EP0_OutStart
 .text.USBD_CDC_SetTxBuffer
                0x000000000800409e       0x10 Middlewares/ST/STM32_USB_Device_Library/Class/CDC/Src/usbd_cdc.o
                0x000000000800409e                USBD_CDC_SetTxBuffer
 .text.USBD_CDC_TransmitPacket
                0x00000000080040ae       0x2e Middlewares/ST/STM32_USB_Device_Library/Class/CDC/Src/usbd_cdc.o
                0x00000000080040ae                USBD_CDC_TransmitPacket
 .text.USBD_SetClassConfig
                0x00000000080040dc       0x1a Middlewares/ST/STM32_USB_Device_Library/Core/Src/usbd_core.o
                0x00000000080040dc                USBD_SetClassConfig
 .text.USBD_ClrClassConfig
                0x00000000080040f6        0xe Middlewares/ST/STM32_USB_Device_Library/Core/Src/usbd_core.o
                0x00000000080040f6                USBD_ClrClassConfig
 .text.USBD_LL_SetupStage
                0x0000000008004104       0x5a Middlewares/ST/STM32_USB_Device_Library/Core/Src/usbd_core.o
                0x0000000008004104                USBD_LL_SetupStage
 .text.USBD_LL_DataOutStage
                0x000000000800415e       0x6a Middlewares/ST/STM32_USB_Device_Library/Core/Src/usbd_core.o
                0x000000000800415e                USBD_LL_DataOutStage
 .text.USBD_LL_DataInStage
                0x00000000080041c8       0xb2 Middlewares/ST/STM32_USB_Device_Library/Core/Src/usbd_core.o
                0x00000000080041c8                USBD_LL_DataInStage
 .text.USBD_LL_Reset
                0x000000000800427a       0x3e Middlewares/ST/STM32_USB_Device_Library/Core/Src/usbd_core.o
                0x000000000800427a                USBD_LL_Reset
 .text.USBD_LL_SetSpeed
                0x00000000080042b8        0x6 Middlewares/ST/STM32_USB_Device_Library/Core/Src/usbd_core.o
                0x00000000080042b8                USBD_LL_SetSpeed
 .text.USBD_LL_Suspend
                0x00000000080042be       0x12 Middlewares/ST/STM32_USB_Device_Library/Core/Src/usbd_core.o
                0x00000000080042be                USBD_LL_Suspend
 .text.USBD_LL_Resume
                0x00000000080042d0        0xc Middlewares/ST/STM32_USB_Device_Library/Core/Src/usbd_core.o
                0x00000000080042d0                USBD_LL_Resume
 .text.USBD_LL_SOF
                0x00000000080042dc       0x1c Middlewares/ST/STM32_USB_Device_Library/Core/Src/usbd_core.o
                0x00000000080042dc                USBD_LL_SOF
 .text.USBD_LL_IsoINIncomplete
                0x00000000080042f8        0x4 Middlewares/ST/STM32_USB_Device_Library/Core/Src/usbd_core.o
                0x00000000080042f8                USBD_LL_IsoINIncomplete
 .text.USBD_LL_IsoOUTIncomplete
                0x00000000080042fc        0x4 Middlewares/ST/STM32_USB_Device_Library/Core/Src/usbd_core.o
                0x00000000080042fc                USBD_LL_IsoOUTIncomplete
 .text.USBD_LL_DevConnected
                0x0000000008004300        0x4 Middlewares/ST/STM32_USB_Device_Library/Core/Src/usbd_core.o
                0x0000000008004300                USBD_LL_DevConnected
 .text.USBD_LL_DevDisconnected
                0x0000000008004304       0x16 Middlewares/ST/STM32_USB_Device_Library/Core/Src/usbd_core.o
                0x0000000008004304                USBD_LL_DevDisconnected
 .text.USBD_SetFeature
                0x000000000800431a       0x20 Middlewares/ST/STM32_USB_Device_Library/Core/Src/usbd_ctlreq.o
 .text.USBD_ParseSetupRequest
                0x000000000800433a       0x28 Middlewares/ST/STM32_USB_Device_Library/Core/Src/usbd_ctlreq.o
                0x000000000800433a                USBD_ParseSetupRequest
 .text.USBD_CtlError
                0x0000000008004362       0x14 Middlewares/ST/STM32_USB_Device_Library/Core/Src/usbd_ctlreq.o
                0x0000000008004362                USBD_CtlError
 .text.USBD_GetDescriptor
                0x0000000008004376      0x132 Middlewares/ST/STM32_USB_Device_Library/Core/Src/usbd_ctlreq.o
 .text.USBD_SetAddress
                0x00000000080044a8       0x4a Middlewares/ST/STM32_USB_Device_Library/Core/Src/usbd_ctlreq.o
 *fill*         0x00000000080044f2        0x2 
 .text.USBD_SetConfig
                0x00000000080044f4       0xa4 Middlewares/ST/STM32_USB_Device_Library/Core/Src/usbd_ctlreq.o
 .text.USBD_GetConfig
                0x0000000008004598       0x3a Middlewares/ST/STM32_USB_Device_Library/Core/Src/usbd_ctlreq.o
 .text.USBD_GetStatus
                0x00000000080045d2       0x2c Middlewares/ST/STM32_USB_Device_Library/Core/Src/usbd_ctlreq.o
 .text.USBD_ClrFeature
                0x00000000080045fe       0x32 Middlewares/ST/STM32_USB_Device_Library/Core/Src/usbd_ctlreq.o
 .text.USBD_StdDevReq
                0x0000000008004630       0x48 Middlewares/ST/STM32_USB_Device_Library/Core/Src/usbd_ctlreq.o
                0x0000000008004630                USBD_StdDevReq
 .text.USBD_StdItfReq
                0x0000000008004678       0x38 Middlewares/ST/STM32_USB_Device_Library/Core/Src/usbd_ctlreq.o
                0x0000000008004678                USBD_StdItfReq
 .text.USBD_StdEPReq
                0x00000000080046b0      0x118 Middlewares/ST/STM32_USB_Device_Library/Core/Src/usbd_ctlreq.o
                0x00000000080046b0                USBD_StdEPReq
 .text.USBD_CtlSendData
                0x00000000080047c8       0x1a Middlewares/ST/STM32_USB_Device_Library/Core/Src/usbd_ioreq.o
                0x00000000080047c8                USBD_CtlSendData
 .text.USBD_CtlContinueSendData
                0x00000000080047e2       0x10 Middlewares/ST/STM32_USB_Device_Library/Core/Src/usbd_ioreq.o
                0x00000000080047e2                USBD_CtlContinueSendData
 .text.USBD_CtlContinueRx
                0x00000000080047f2       0x10 Middlewares/ST/STM32_USB_Device_Library/Core/Src/usbd_ioreq.o
                0x00000000080047f2                USBD_CtlContinueRx
 .text.USBD_CtlSendStatus
                0x0000000008004802       0x16 Middlewares/ST/STM32_USB_Device_Library/Core/Src/usbd_ioreq.o
                0x0000000008004802                USBD_CtlSendStatus
 .text.USBD_CtlReceiveStatus
                0x0000000008004818       0x16 Middlewares/ST/STM32_USB_Device_Library/Core/Src/usbd_ioreq.o
                0x0000000008004818                USBD_CtlReceiveStatus
 .text.fsm_init
                0x000000000800482e        0x8 Src/fsm.o
                0x000000000800482e                fsm_init
 .text.fsm_new  0x0000000008004836       0x16 Src/fsm.o
                0x0000000008004836                fsm_new
 .text.fsm_fire
                0x000000000800484c       0x30 Src/fsm.o
                0x000000000800484c                fsm_fire
 .text.LSM303DLHC_AccDeInit
                0x000000000800487c        0x2 Src/lsm303dlhc.o
                0x000000000800487c                LSM303DLHC_AccDeInit
 .text.LSM303DLHC_AccInit
                0x000000000800487e       0x1e Src/lsm303dlhc.o
                0x000000000800487e                LSM303DLHC_AccInit
 .text.LSM303DLHC_AccReadID
                0x000000000800489c       0x10 Src/lsm303dlhc.o
                0x000000000800489c                LSM303DLHC_AccReadID
 .text.LSM303DLHC_AccRebootCmd
                0x00000000080048ac       0x1a Src/lsm303dlhc.o
                0x00000000080048ac                LSM303DLHC_AccRebootCmd
 .text.LSM303DLHC_AccFilterConfig
                0x00000000080048c6       0x1c Src/lsm303dlhc.o
                0x00000000080048c6                LSM303DLHC_AccFilterConfig
 .text.LSM303DLHC_AccFilterCmd
                0x00000000080048e2       0x1c Src/lsm303dlhc.o
                0x00000000080048e2                LSM303DLHC_AccFilterCmd
 .text.LSM303DLHC_AccReadXYZ
                0x00000000080048fe      0x10a Src/lsm303dlhc.o
                0x00000000080048fe                LSM303DLHC_AccReadXYZ
 .text.LSM303DLHC_AccFilterClickCmd
                0x0000000008004a08       0x1c Src/lsm303dlhc.o
                0x0000000008004a08                LSM303DLHC_AccFilterClickCmd
 .text.LSM303DLHC_AccIT1Enable
                0x0000000008004a24       0x1c Src/lsm303dlhc.o
                0x0000000008004a24                LSM303DLHC_AccIT1Enable
 .text.LSM303DLHC_AccClickITEnable
                0x0000000008004a40       0x44 Src/lsm303dlhc.o
                0x0000000008004a40                LSM303DLHC_AccClickITEnable
 .text.LSM303DLHC_AccZClickITConfig
                0x0000000008004a84       0x1a Src/lsm303dlhc.o
                0x0000000008004a84                LSM303DLHC_AccZClickITConfig
 *fill*         0x0000000008004a9e        0x2 
 .text.MX_GPIO_Init
                0x0000000008004aa0      0x1b4 Src/main.o
 .text._Error_Handler
                0x0000000008004c54        0x2 Src/main.o
                0x0000000008004c54                _Error_Handler
 *fill*         0x0000000008004c56        0x2 
 .text.MX_USART2_UART_Init
                0x0000000008004c58       0x3c Src/main.o
 .text.MX_TIM3_Init
                0x0000000008004c94       0xd0 Src/main.o
 .text.MX_TIM4_Init
                0x0000000008004d64       0xc0 Src/main.o
 .text.MX_I2C1_Init
                0x0000000008004e24       0x44 Src/main.o
 .text.MX_SPI1_Init
                0x0000000008004e68       0x48 Src/main.o
 .text.MX_TIM10_Init
                0x0000000008004eb0       0x38 Src/main.o
 .text.SystemClock_Config
                0x0000000008004ee8       0xc4 Src/main.o
                0x0000000008004ee8                SystemClock_Config
 .text.main     0x0000000008004fac       0xd8 Src/main.o
                0x0000000008004fac                main
 .text.map      0x0000000008005084       0x1e Src/parser.o
 .text.return_true
                0x00000000080050a2        0x4 Src/parser.o
 *fill*         0x00000000080050a6        0x2 
 .text.check_command_count
                0x00000000080050a8       0x14 Src/parser.o
 .text.cmd_A    0x00000000080050bc        0xc Src/parser.o
 .text.cmd_C    0x00000000080050c8        0xc Src/parser.o
 .text.cmd_G    0x00000000080050d4        0xc Src/parser.o
 .text.cmd_T    0x00000000080050e0        0xc Src/parser.o
 .text.cmd_M    0x00000000080050ec        0xc Src/parser.o
 .text.cmd_L    0x00000000080050f8        0xc Src/parser.o
 .text.cmd_S    0x0000000008005104        0xc Src/parser.o
 .text.do_T     0x0000000008005110        0xc Src/parser.o
 .text.do_S     0x000000000800511c       0x84 Src/parser.o
 .text.select_device
                0x00000000080051a0       0x80 Src/parser.o
 .text.do_L     0x0000000008005220       0x6c Src/parser.o
 .text.do_M     0x000000000800528c       0x7c Src/parser.o
 .text.do_G     0x0000000008005308       0x44 Src/parser.o
 .text.do_C     0x000000000800534c       0x44 Src/parser.o
 .text.do_A     0x0000000008005390       0x44 Src/parser.o
 .text.HAL_TIM_PeriodElapsedCallback
                0x00000000080053d4       0xa4 Src/parser.o
                0x00000000080053d4                HAL_TIM_PeriodElapsedCallback
 .text.fsm_new_parser
                0x0000000008005478       0x10 Src/parser.o
                0x0000000008005478                fsm_new_parser
 .text.parseMsg
                0x0000000008005488       0xb0 Src/parser.o
                0x0000000008005488                parseMsg
 .text.rb_write
                0x0000000008005538       0x1c Src/ring_buf.o
                0x0000000008005538                rb_write
 .text.rb_len   0x0000000008005554       0x18 Src/ring_buf.o
                0x0000000008005554                rb_len
 .text.rb_read  0x000000000800556c        0xc Src/ring_buf.o
                0x000000000800556c                rb_read
 .text.rb_pop   0x0000000008005578       0x1e Src/ring_buf.o
                0x0000000008005578                rb_pop
 *fill*         0x0000000008005596        0x2 
 .text.timer_A  0x0000000008005598        0xc Src/sensor.o
 .text.timer_G  0x00000000080055a4        0xc Src/sensor.o
 .text.timer_finished_A
                0x00000000080055b0       0x10 Src/sensor.o
 .text.timer_finished_G
                0x00000000080055c0       0x10 Src/sensor.o
 .text.send_A   0x00000000080055d0       0x80 Src/sensor.o
 .text.send_G   0x0000000008005650       0x98 Src/sensor.o
 .text.fsm_new_accelero
                0x00000000080056e8       0x10 Src/sensor.o
                0x00000000080056e8                fsm_new_accelero
 .text.fsm_new_gyro
                0x00000000080056f8       0x10 Src/sensor.o
                0x00000000080056f8                fsm_new_gyro
 .text.HAL_SYSTICK_Callback
                0x0000000008005708       0x84 Src/sensor.o
                0x0000000008005708                HAL_SYSTICK_Callback
 .text.I2Cx_MspInit
                0x000000000800578c       0x88 Src/stm32f411e_discovery.o
 .text.I2Cx_Init
                0x0000000008005814       0x4c Src/stm32f411e_discovery.o
 .text.I2Cx_Error
                0x0000000008005860       0x14 Src/stm32f411e_discovery.o
 .text.I2Cx_WriteData
                0x0000000008005874       0x34 Src/stm32f411e_discovery.o
 .text.I2Cx_ReadData
                0x00000000080058a8       0x3c Src/stm32f411e_discovery.o
 .text.COMPASSACCELERO_IO_Init
                0x00000000080058e4       0x44 Src/stm32f411e_discovery.o
                0x00000000080058e4                COMPASSACCELERO_IO_Init
 .text.COMPASSACCELERO_IO_ITConfig
                0x0000000008005928       0x54 Src/stm32f411e_discovery.o
                0x0000000008005928                COMPASSACCELERO_IO_ITConfig
 .text.COMPASSACCELERO_IO_Write
                0x000000000800597c        0x8 Src/stm32f411e_discovery.o
                0x000000000800597c                COMPASSACCELERO_IO_Write
 .text.COMPASSACCELERO_IO_Read
                0x0000000008005984        0x8 Src/stm32f411e_discovery.o
                0x0000000008005984                COMPASSACCELERO_IO_Read
 .text.BSP_ACCELERO_GetXYZ
                0x000000000800598c       0x34 Src/stm32f411e_discovery_accelerometer.o
                0x000000000800598c                BSP_ACCELERO_GetXYZ
 .text.BSP_GYRO_GetXYZ
                0x00000000080059c0       0x14 Src/stm32f411e_discovery_gyroscope.o
                0x00000000080059c0                BSP_GYRO_GetXYZ
 .text.HAL_MspInit
                0x00000000080059d4       0x6e Src/stm32f4xx_hal_msp.o
                0x00000000080059d4                HAL_MspInit
 *fill*         0x0000000008005a42        0x2 
 .text.HAL_I2C_MspInit
                0x0000000008005a44       0x54 Src/stm32f4xx_hal_msp.o
                0x0000000008005a44                HAL_I2C_MspInit
 .text.HAL_I2C_MspDeInit
                0x0000000008005a98       0x30 Src/stm32f4xx_hal_msp.o
                0x0000000008005a98                HAL_I2C_MspDeInit
 .text.HAL_SPI_MspInit
                0x0000000008005ac8       0x50 Src/stm32f4xx_hal_msp.o
                0x0000000008005ac8                HAL_SPI_MspInit
 .text.HAL_TIM_PWM_MspInit
                0x0000000008005b18       0x54 Src/stm32f4xx_hal_msp.o
                0x0000000008005b18                HAL_TIM_PWM_MspInit
 .text.HAL_TIM_Base_MspInit
                0x0000000008005b6c       0x40 Src/stm32f4xx_hal_msp.o
                0x0000000008005b6c                HAL_TIM_Base_MspInit
 .text.HAL_TIM_MspPostInit
                0x0000000008005bac       0x78 Src/stm32f4xx_hal_msp.o
                0x0000000008005bac                HAL_TIM_MspPostInit
 .text.HAL_UART_MspInit
                0x0000000008005c24       0x60 Src/stm32f4xx_hal_msp.o
                0x0000000008005c24                HAL_UART_MspInit
 .text.SVC_Handler
                0x0000000008005c84        0x2 Src/stm32f4xx_it.o
                0x0000000008005c84                SVC_Handler
 .text.PendSV_Handler
                0x0000000008005c86        0x2 Src/stm32f4xx_it.o
                0x0000000008005c86                PendSV_Handler
 .text.SysTick_Handler
                0x0000000008005c88        0xc Src/stm32f4xx_it.o
                0x0000000008005c88                SysTick_Handler
 .text.RCC_IRQHandler
                0x0000000008005c94        0x2 Src/stm32f4xx_it.o
                0x0000000008005c94                RCC_IRQHandler
 *fill*         0x0000000008005c96        0x2 
 .text.TIM1_UP_TIM10_IRQHandler
                0x0000000008005c98       0x10 Src/stm32f4xx_it.o
                0x0000000008005c98                TIM1_UP_TIM10_IRQHandler
 .text.USART2_IRQHandler
                0x0000000008005ca8       0x10 Src/stm32f4xx_it.o
                0x0000000008005ca8                USART2_IRQHandler
 .text.OTG_FS_IRQHandler
                0x0000000008005cb8       0x10 Src/stm32f4xx_it.o
                0x0000000008005cb8                OTG_FS_IRQHandler
 .text.SystemInit
                0x0000000008005cc8       0x4c Src/system_stm32f4xx.o
                0x0000000008005cc8                SystemInit
 .text.uart_timer
                0x0000000008005d14        0xc Src/uart.o
 .text.uart_parse_finished
                0x0000000008005d20       0x10 Src/uart.o
 .text.uart_parse
                0x0000000008005d30       0x20 Src/uart.o
 .text.fsm_new_uart
                0x0000000008005d50       0x10 Src/uart.o
                0x0000000008005d50                fsm_new_uart
 .text.HAL_UART_RxCpltCallback
                0x0000000008005d60       0x44 Src/uart.o
                0x0000000008005d60                HAL_UART_RxCpltCallback
 .text.HAL_UART_TxCpltCallback
                0x0000000008005da4        0x2 Src/uart.o
                0x0000000008005da4                HAL_UART_TxCpltCallback
 *fill*         0x0000000008005da6        0x2 
 .text.usb_timer
                0x0000000008005da8        0xc Src/usb.o
 .text.usb_parse_finished
                0x0000000008005db4       0x10 Src/usb.o
 .text.usb_parse
                0x0000000008005dc4       0x1c Src/usb.o
 .text.fsm_new_usb
                0x0000000008005de0       0x10 Src/usb.o
                0x0000000008005de0                fsm_new_usb
 .text.HAL_PCD_SetupStageCallback
                0x0000000008005df0       0x10 Src/usbd_conf.o
                0x0000000008005df0                HAL_PCD_SetupStageCallback
 .text.HAL_PCD_DataOutStageCallback
                0x0000000008005e00       0x18 Src/usbd_conf.o
                0x0000000008005e00                HAL_PCD_DataOutStageCallback
 .text.HAL_PCD_DataInStageCallback
                0x0000000008005e18       0x16 Src/usbd_conf.o
                0x0000000008005e18                HAL_PCD_DataInStageCallback
 .text.HAL_PCD_SOFCallback
                0x0000000008005e2e        0xc Src/usbd_conf.o
                0x0000000008005e2e                HAL_PCD_SOFCallback
 .text.HAL_PCD_ResetCallback
                0x0000000008005e3a       0x20 Src/usbd_conf.o
                0x0000000008005e3a                HAL_PCD_ResetCallback
 *fill*         0x0000000008005e5a        0x2 
 .text.HAL_PCD_SuspendCallback
                0x0000000008005e5c       0x30 Src/usbd_conf.o
                0x0000000008005e5c                HAL_PCD_SuspendCallback
 .text.HAL_PCD_ResumeCallback
                0x0000000008005e8c        0xc Src/usbd_conf.o
                0x0000000008005e8c                HAL_PCD_ResumeCallback
 .text.HAL_PCD_ISOOUTIncompleteCallback
                0x0000000008005e98        0xc Src/usbd_conf.o
                0x0000000008005e98                HAL_PCD_ISOOUTIncompleteCallback
 .text.HAL_PCD_ISOINIncompleteCallback
                0x0000000008005ea4        0xc Src/usbd_conf.o
                0x0000000008005ea4                HAL_PCD_ISOINIncompleteCallback
 .text.HAL_PCD_ConnectCallback
                0x0000000008005eb0        0xc Src/usbd_conf.o
                0x0000000008005eb0                HAL_PCD_ConnectCallback
 .text.HAL_PCD_DisconnectCallback
                0x0000000008005ebc        0xc Src/usbd_conf.o
                0x0000000008005ebc                HAL_PCD_DisconnectCallback
 .text.USBD_LL_OpenEP
                0x0000000008005ec8       0x22 Src/usbd_conf.o
                0x0000000008005ec8                USBD_LL_OpenEP
 .text.USBD_LL_StallEP
                0x0000000008005eea       0x1c Src/usbd_conf.o
                0x0000000008005eea                USBD_LL_StallEP
 .text.USBD_LL_ClearStallEP
                0x0000000008005f06       0x1c Src/usbd_conf.o
                0x0000000008005f06                USBD_LL_ClearStallEP
 .text.USBD_LL_IsStallEP
                0x0000000008005f22       0x2e Src/usbd_conf.o
                0x0000000008005f22                USBD_LL_IsStallEP
 .text.USBD_LL_SetUSBAddress
                0x0000000008005f50       0x1c Src/usbd_conf.o
                0x0000000008005f50                USBD_LL_SetUSBAddress
 .text.USBD_LL_Transmit
                0x0000000008005f6c       0x1c Src/usbd_conf.o
                0x0000000008005f6c                USBD_LL_Transmit
 .text.USBD_LL_PrepareReceive
                0x0000000008005f88       0x1c Src/usbd_conf.o
                0x0000000008005f88                USBD_LL_PrepareReceive
 .text.Reset_Handler
                0x0000000008005fa4       0x50 startup/startup_stm32f411xe.o
                0x0000000008005fa4                Reset_Handler
 .text.Default_Handler
                0x0000000008005ff4        0x2 startup/startup_stm32f411xe.o
                0x0000000008005ff4                RTC_Alarm_IRQHandler
                0x0000000008005ff4                EXTI2_IRQHandler
                0x0000000008005ff4                DebugMon_Handler
                0x0000000008005ff4                SPI4_IRQHandler
                0x0000000008005ff4                TIM1_CC_IRQHandler
                0x0000000008005ff4                DMA2_Stream5_IRQHandler
                0x0000000008005ff4                HardFault_Handler
                0x0000000008005ff4                DMA1_Stream5_IRQHandler
                0x0000000008005ff4                PVD_IRQHandler
                0x0000000008005ff4                SDIO_IRQHandler
                0x0000000008005ff4                TAMP_STAMP_IRQHandler
                0x0000000008005ff4                NMI_Handler
                0x0000000008005ff4                EXTI3_IRQHandler
                0x0000000008005ff4                I2C3_ER_IRQHandler
                0x0000000008005ff4                EXTI0_IRQHandler
                0x0000000008005ff4                I2C2_EV_IRQHandler
                0x0000000008005ff4                DMA1_Stream2_IRQHandler
                0x0000000008005ff4                FPU_IRQHandler
                0x0000000008005ff4                UsageFault_Handler
                0x0000000008005ff4                DMA2_Stream2_IRQHandler
                0x0000000008005ff4                SPI1_IRQHandler
                0x0000000008005ff4                TIM1_BRK_TIM9_IRQHandler
                0x0000000008005ff4                DMA2_Stream3_IRQHandler
                0x0000000008005ff4                USART6_IRQHandler
                0x0000000008005ff4                DMA2_Stream0_IRQHandler
                0x0000000008005ff4                TIM4_IRQHandler
                0x0000000008005ff4                I2C1_EV_IRQHandler
                0x0000000008005ff4                DMA1_Stream6_IRQHandler
                0x0000000008005ff4                DMA1_Stream1_IRQHandler
                0x0000000008005ff4                TIM3_IRQHandler
                0x0000000008005ff4                Default_Handler
                0x0000000008005ff4                EXTI15_10_IRQHandler
                0x0000000008005ff4                ADC_IRQHandler
                0x0000000008005ff4                DMA1_Stream7_IRQHandler
                0x0000000008005ff4                SPI5_IRQHandler
                0x0000000008005ff4                TIM5_IRQHandler
                0x0000000008005ff4                DMA2_Stream7_IRQHandler
                0x0000000008005ff4                I2C3_EV_IRQHandler
                0x0000000008005ff4                EXTI9_5_IRQHandler
                0x0000000008005ff4                RTC_WKUP_IRQHandler
                0x0000000008005ff4                SPI2_IRQHandler
                0x0000000008005ff4                MemManage_Handler
                0x0000000008005ff4                DMA1_Stream0_IRQHandler
                0x0000000008005ff4                EXTI4_IRQHandler
                0x0000000008005ff4                WWDG_IRQHandler
                0x0000000008005ff4                TIM2_IRQHandler
                0x0000000008005ff4                OTG_FS_WKUP_IRQHandler
                0x0000000008005ff4                TIM1_TRG_COM_TIM11_IRQHandler
                0x0000000008005ff4                EXTI1_IRQHandler
                0x0000000008005ff4                I2C2_ER_IRQHandler
                0x0000000008005ff4                DMA2_Stream1_IRQHandler
                0x0000000008005ff4                FLASH_IRQHandler
                0x0000000008005ff4                DMA2_Stream4_IRQHandler
                0x0000000008005ff4                BusFault_Handler
                0x0000000008005ff4                USART1_IRQHandler
                0x0000000008005ff4                SPI3_IRQHandler
                0x0000000008005ff4                DMA1_Stream4_IRQHandler
                0x0000000008005ff4                I2C1_ER_IRQHandler
                0x0000000008005ff4                DMA2_Stream6_IRQHandler
                0x0000000008005ff4                DMA1_Stream3_IRQHandler
 .text.atoi     0x0000000008005ff6        0x8 /home/pablo/Ac6/SystemWorkbench/plugins/fr.ac6.mcu.externaltools.arm-none.linux64_1.15.0.201708311556/tools/compiler/bin/../lib/gcc/arm-none-eabi/6.3.1/../../../../arm-none-eabi/lib/thumb/v7e-m/fpv4-sp/hard/libc_nano.a(lib_a-atoi.o)
                0x0000000008005ff6                atoi
 *fill*         0x0000000008005ffe        0x2 
 .text.__libc_init_array
                0x0000000008006000       0x48 /home/pablo/Ac6/SystemWorkbench/plugins/fr.ac6.mcu.externaltools.arm-none.linux64_1.15.0.201708311556/tools/compiler/bin/../lib/gcc/arm-none-eabi/6.3.1/../../../../arm-none-eabi/lib/thumb/v7e-m/fpv4-sp/hard/libc_nano.a(lib_a-init.o)
                0x0000000008006000                __libc_init_array
 .text.malloc   0x0000000008006048       0x10 /home/pablo/Ac6/SystemWorkbench/plugins/fr.ac6.mcu.externaltools.arm-none.linux64_1.15.0.201708311556/tools/compiler/bin/../lib/gcc/arm-none-eabi/6.3.1/../../../../arm-none-eabi/lib/thumb/v7e-m/fpv4-sp/hard/libc_nano.a(lib_a-malloc.o)
                0x0000000008006048                malloc
 .text.memset   0x0000000008006058       0x10 /home/pablo/Ac6/SystemWorkbench/plugins/fr.ac6.mcu.externaltools.arm-none.linux64_1.15.0.201708311556/tools/compiler/bin/../lib/gcc/arm-none-eabi/6.3.1/../../../../arm-none-eabi/lib/thumb/v7e-m/fpv4-sp/hard/libc_nano.a(lib_a-memset.o)
                0x0000000008006058                memset
 .text._free_r  0x0000000008006068       0x9c /home/pablo/Ac6/SystemWorkbench/plugins/fr.ac6.mcu.externaltools.arm-none.linux64_1.15.0.201708311556/tools/compiler/bin/../lib/gcc/arm-none-eabi/6.3.1/../../../../arm-none-eabi/lib/thumb/v7e-m/fpv4-sp/hard/libc_nano.a(lib_a-nano-freer.o)
                0x0000000008006068                _free_r
 .text._malloc_r
                0x0000000008006104       0xbc /home/pablo/Ac6/SystemWorkbench/plugins/fr.ac6.mcu.externaltools.arm-none.linux64_1.15.0.201708311556/tools/compiler/bin/../lib/gcc/arm-none-eabi/6.3.1/../../../../arm-none-eabi/lib/thumb/v7e-m/fpv4-sp/hard/libc_nano.a(lib_a-nano-mallocr.o)
                0x0000000008006104                _malloc_r
 .text.__cvt    0x00000000080061c0       0xc2 /home/pablo/Ac6/SystemWorkbench/plugins/fr.ac6.mcu.externaltools.arm-none.linux64_1.15.0.201708311556/tools/compiler/bin/../lib/gcc/arm-none-eabi/6.3.1/../../../../arm-none-eabi/lib/thumb/v7e-m/fpv4-sp/hard/libc_nano.a(lib_a-nano-vfprintf_float.o)
                0x00000000080061c0                __cvt
 .text.__exponent
                0x0000000008006282       0x6a /home/pablo/Ac6/SystemWorkbench/plugins/fr.ac6.mcu.externaltools.arm-none.linux64_1.15.0.201708311556/tools/compiler/bin/../lib/gcc/arm-none-eabi/6.3.1/../../../../arm-none-eabi/lib/thumb/v7e-m/fpv4-sp/hard/libc_nano.a(lib_a-nano-vfprintf_float.o)
                0x0000000008006282                __exponent
 .text._printf_float
                0x00000000080062ec      0x480 /home/pablo/Ac6/SystemWorkbench/plugins/fr.ac6.mcu.externaltools.arm-none.linux64_1.15.0.201708311556/tools/compiler/bin/../lib/gcc/arm-none-eabi/6.3.1/../../../../arm-none-eabi/lib/thumb/v7e-m/fpv4-sp/hard/libc_nano.a(lib_a-nano-vfprintf_float.o)
                0x00000000080062ec                _printf_float
 .text._printf_common
                0x000000000800676c       0xec /home/pablo/Ac6/SystemWorkbench/plugins/fr.ac6.mcu.externaltools.arm-none.linux64_1.15.0.201708311556/tools/compiler/bin/../lib/gcc/arm-none-eabi/6.3.1/../../../../arm-none-eabi/lib/thumb/v7e-m/fpv4-sp/hard/libc_nano.a(lib_a-nano-vfprintf_i.o)
                0x000000000800676c                _printf_common
 .text._printf_i
                0x0000000008006858      0x240 /home/pablo/Ac6/SystemWorkbench/plugins/fr.ac6.mcu.externaltools.arm-none.linux64_1.15.0.201708311556/tools/compiler/bin/../lib/gcc/arm-none-eabi/6.3.1/../../../../arm-none-eabi/lib/thumb/v7e-m/fpv4-sp/hard/libc_nano.a(lib_a-nano-vfprintf_i.o)
                0x0000000008006858                _printf_i
 .text._sbrk_r  0x0000000008006a98       0x20 /home/pablo/Ac6/SystemWorkbench/plugins/fr.ac6.mcu.externaltools.arm-none.linux64_1.15.0.201708311556/tools/compiler/bin/../lib/gcc/arm-none-eabi/6.3.1/../../../../arm-none-eabi/lib/thumb/v7e-m/fpv4-sp/hard/libc_nano.a(lib_a-sbrkr.o)
                0x0000000008006a98                _sbrk_r
 .text.sprintf  0x0000000008006ab8       0x48 /home/pablo/Ac6/SystemWorkbench/plugins/fr.ac6.mcu.externaltools.arm-none.linux64_1.15.0.201708311556/tools/compiler/bin/../lib/gcc/arm-none-eabi/6.3.1/../../../../arm-none-eabi/lib/thumb/v7e-m/fpv4-sp/hard/libc_nano.a(lib_a-sprintf.o)
                0x0000000008006ab8                sprintf
                0x0000000008006ab8                siprintf
 .text.strncpy  0x0000000008006b00       0x2a /home/pablo/Ac6/SystemWorkbench/plugins/fr.ac6.mcu.externaltools.arm-none.linux64_1.15.0.201708311556/tools/compiler/bin/../lib/gcc/arm-none-eabi/6.3.1/../../../../arm-none-eabi/lib/thumb/v7e-m/fpv4-sp/hard/libc_nano.a(lib_a-strncpy.o)
                0x0000000008006b00                strncpy
 .text._strtol_l.isra.0
                0x0000000008006b2a      0x100 /home/pablo/Ac6/SystemWorkbench/plugins/fr.ac6.mcu.externaltools.arm-none.linux64_1.15.0.201708311556/tools/compiler/bin/../lib/gcc/arm-none-eabi/6.3.1/../../../../arm-none-eabi/lib/thumb/v7e-m/fpv4-sp/hard/libc_nano.a(lib_a-strtol.o)
 *fill*         0x0000000008006c2a        0x2 
 .text.strtol   0x0000000008006c2c       0x2c /home/pablo/Ac6/SystemWorkbench/plugins/fr.ac6.mcu.externaltools.arm-none.linux64_1.15.0.201708311556/tools/compiler/bin/../lib/gcc/arm-none-eabi/6.3.1/../../../../arm-none-eabi/lib/thumb/v7e-m/fpv4-sp/hard/libc_nano.a(lib_a-strtol.o)
                0x0000000008006c2c                strtol
 .text.quorem   0x0000000008006c58      0x118 /home/pablo/Ac6/SystemWorkbench/plugins/fr.ac6.mcu.externaltools.arm-none.linux64_1.15.0.201708311556/tools/compiler/bin/../lib/gcc/arm-none-eabi/6.3.1/../../../../arm-none-eabi/lib/thumb/v7e-m/fpv4-sp/hard/libc_nano.a(lib_a-dtoa.o)
 .text._dtoa_r  0x0000000008006d70      0xb9c /home/pablo/Ac6/SystemWorkbench/plugins/fr.ac6.mcu.externaltools.arm-none.linux64_1.15.0.201708311556/tools/compiler/bin/../lib/gcc/arm-none-eabi/6.3.1/../../../../arm-none-eabi/lib/thumb/v7e-m/fpv4-sp/hard/libc_nano.a(lib_a-dtoa.o)
                0x0000000008006d70                _dtoa_r
 .text.__locale_ctype_ptr_l
                0x000000000800790c        0x6 /home/pablo/Ac6/SystemWorkbench/plugins/fr.ac6.mcu.externaltools.arm-none.linux64_1.15.0.201708311556/tools/compiler/bin/../lib/gcc/arm-none-eabi/6.3.1/../../../../arm-none-eabi/lib/thumb/v7e-m/fpv4-sp/hard/libc_nano.a(lib_a-locale.o)
                0x000000000800790c                __locale_ctype_ptr_l
 *fill*         0x0000000008007912        0x2 
 .text._localeconv_r
                0x0000000008007914       0x1c /home/pablo/Ac6/SystemWorkbench/plugins/fr.ac6.mcu.externaltools.arm-none.linux64_1.15.0.201708311556/tools/compiler/bin/../lib/gcc/arm-none-eabi/6.3.1/../../../../arm-none-eabi/lib/thumb/v7e-m/fpv4-sp/hard/libc_nano.a(lib_a-localeconv.o)
                0x0000000008007914                _localeconv_r
 .text.__ascii_mbtowc
                0x0000000008007930       0x24 /home/pablo/Ac6/SystemWorkbench/plugins/fr.ac6.mcu.externaltools.arm-none.linux64_1.15.0.201708311556/tools/compiler/bin/../lib/gcc/arm-none-eabi/6.3.1/../../../../arm-none-eabi/lib/thumb/v7e-m/fpv4-sp/hard/libc_nano.a(lib_a-mbtowc_r.o)
                0x0000000008007930                __ascii_mbtowc
 .text.memcpy   0x0000000008007954       0x16 /home/pablo/Ac6/SystemWorkbench/plugins/fr.ac6.mcu.externaltools.arm-none.linux64_1.15.0.201708311556/tools/compiler/bin/../lib/gcc/arm-none-eabi/6.3.1/../../../../arm-none-eabi/lib/thumb/v7e-m/fpv4-sp/hard/libc_nano.a(lib_a-memcpy-stub.o)
                0x0000000008007954                memcpy
 .text.__malloc_lock
                0x000000000800796a        0x2 /home/pablo/Ac6/SystemWorkbench/plugins/fr.ac6.mcu.externaltools.arm-none.linux64_1.15.0.201708311556/tools/compiler/bin/../lib/gcc/arm-none-eabi/6.3.1/../../../../arm-none-eabi/lib/thumb/v7e-m/fpv4-sp/hard/libc_nano.a(lib_a-mlock.o)
                0x000000000800796a                __malloc_lock
 .text.__malloc_unlock
                0x000000000800796c        0x2 /home/pablo/Ac6/SystemWorkbench/plugins/fr.ac6.mcu.externaltools.arm-none.linux64_1.15.0.201708311556/tools/compiler/bin/../lib/gcc/arm-none-eabi/6.3.1/../../../../arm-none-eabi/lib/thumb/v7e-m/fpv4-sp/hard/libc_nano.a(lib_a-mlock.o)
                0x000000000800796c                __malloc_unlock
 .text._Balloc  0x000000000800796e       0x68 /home/pablo/Ac6/SystemWorkbench/plugins/fr.ac6.mcu.externaltools.arm-none.linux64_1.15.0.201708311556/tools/compiler/bin/../lib/gcc/arm-none-eabi/6.3.1/../../../../arm-none-eabi/lib/thumb/v7e-m/fpv4-sp/hard/libc_nano.a(lib_a-mprec.o)
                0x000000000800796e                _Balloc
 .text._Bfree   0x00000000080079d6       0x2e /home/pablo/Ac6/SystemWorkbench/plugins/fr.ac6.mcu.externaltools.arm-none.linux64_1.15.0.201708311556/tools/compiler/bin/../lib/gcc/arm-none-eabi/6.3.1/../../../../arm-none-eabi/lib/thumb/v7e-m/fpv4-sp/hard/libc_nano.a(lib_a-mprec.o)
                0x00000000080079d6                _Bfree
 .text.__multadd
                0x0000000008007a04       0x76 /home/pablo/Ac6/SystemWorkbench/plugins/fr.ac6.mcu.externaltools.arm-none.linux64_1.15.0.201708311556/tools/compiler/bin/../lib/gcc/arm-none-eabi/6.3.1/../../../../arm-none-eabi/lib/thumb/v7e-m/fpv4-sp/hard/libc_nano.a(lib_a-mprec.o)
                0x0000000008007a04                __multadd
 .text.__hi0bits
                0x0000000008007a7a       0x3e /home/pablo/Ac6/SystemWorkbench/plugins/fr.ac6.mcu.externaltools.arm-none.linux64_1.15.0.201708311556/tools/compiler/bin/../lib/gcc/arm-none-eabi/6.3.1/../../../../arm-none-eabi/lib/thumb/v7e-m/fpv4-sp/hard/libc_nano.a(lib_a-mprec.o)
                0x0000000008007a7a                __hi0bits
 .text.__lo0bits
                0x0000000008007ab8       0x5e /home/pablo/Ac6/SystemWorkbench/plugins/fr.ac6.mcu.externaltools.arm-none.linux64_1.15.0.201708311556/tools/compiler/bin/../lib/gcc/arm-none-eabi/6.3.1/../../../../arm-none-eabi/lib/thumb/v7e-m/fpv4-sp/hard/libc_nano.a(lib_a-mprec.o)
                0x0000000008007ab8                __lo0bits
 .text.__i2b    0x0000000008007b16       0x12 /home/pablo/Ac6/SystemWorkbench/plugins/fr.ac6.mcu.externaltools.arm-none.linux64_1.15.0.201708311556/tools/compiler/bin/../lib/gcc/arm-none-eabi/6.3.1/../../../../arm-none-eabi/lib/thumb/v7e-m/fpv4-sp/hard/libc_nano.a(lib_a-mprec.o)
                0x0000000008007b16                __i2b
 .text.__multiply
                0x0000000008007b28      0x11a /home/pablo/Ac6/SystemWorkbench/plugins/fr.ac6.mcu.externaltools.arm-none.linux64_1.15.0.201708311556/tools/compiler/bin/../lib/gcc/arm-none-eabi/6.3.1/../../../../arm-none-eabi/lib/thumb/v7e-m/fpv4-sp/hard/libc_nano.a(lib_a-mprec.o)
                0x0000000008007b28                __multiply
 *fill*         0x0000000008007c42        0x2 
 .text.__pow5mult
                0x0000000008007c44       0x9c /home/pablo/Ac6/SystemWorkbench/plugins/fr.ac6.mcu.externaltools.arm-none.linux64_1.15.0.201708311556/tools/compiler/bin/../lib/gcc/arm-none-eabi/6.3.1/../../../../arm-none-eabi/lib/thumb/v7e-m/fpv4-sp/hard/libc_nano.a(lib_a-mprec.o)
                0x0000000008007c44                __pow5mult
 .text.__lshift
                0x0000000008007ce0       0xa2 /home/pablo/Ac6/SystemWorkbench/plugins/fr.ac6.mcu.externaltools.arm-none.linux64_1.15.0.201708311556/tools/compiler/bin/../lib/gcc/arm-none-eabi/6.3.1/../../../../arm-none-eabi/lib/thumb/v7e-m/fpv4-sp/hard/libc_nano.a(lib_a-mprec.o)
                0x0000000008007ce0                __lshift
 .text.__mcmp   0x0000000008007d82       0x34 /home/pablo/Ac6/SystemWorkbench/plugins/fr.ac6.mcu.externaltools.arm-none.linux64_1.15.0.201708311556/tools/compiler/bin/../lib/gcc/arm-none-eabi/6.3.1/../../../../arm-none-eabi/lib/thumb/v7e-m/fpv4-sp/hard/libc_nano.a(lib_a-mprec.o)
                0x0000000008007d82                __mcmp
 .text.__mdiff  0x0000000008007db6       0xbc /home/pablo/Ac6/SystemWorkbench/plugins/fr.ac6.mcu.externaltools.arm-none.linux64_1.15.0.201708311556/tools/compiler/bin/../lib/gcc/arm-none-eabi/6.3.1/../../../../arm-none-eabi/lib/thumb/v7e-m/fpv4-sp/hard/libc_nano.a(lib_a-mprec.o)
                0x0000000008007db6                __mdiff
 .text.__d2b    0x0000000008007e72       0x9e /home/pablo/Ac6/SystemWorkbench/plugins/fr.ac6.mcu.externaltools.arm-none.linux64_1.15.0.201708311556/tools/compiler/bin/../lib/gcc/arm-none-eabi/6.3.1/../../../../arm-none-eabi/lib/thumb/v7e-m/fpv4-sp/hard/libc_nano.a(lib_a-mprec.o)
                0x0000000008007e72                __d2b
 .text._calloc_r
                0x0000000008007f10       0x1c /home/pablo/Ac6/SystemWorkbench/plugins/fr.ac6.mcu.externaltools.arm-none.linux64_1.15.0.201708311556/tools/compiler/bin/../lib/gcc/arm-none-eabi/6.3.1/../../../../arm-none-eabi/lib/thumb/v7e-m/fpv4-sp/hard/libc_nano.a(lib_a-nano-callocr.o)
                0x0000000008007f10                _calloc_r
 .text.__ssputs_r
                0x0000000008007f2c       0xb6 /home/pablo/Ac6/SystemWorkbench/plugins/fr.ac6.mcu.externaltools.arm-none.linux64_1.15.0.201708311556/tools/compiler/bin/../lib/gcc/arm-none-eabi/6.3.1/../../../../arm-none-eabi/lib/thumb/v7e-m/fpv4-sp/hard/libc_nano.a(lib_a-nano-svfprintf.o)
                0x0000000008007f2c                __ssputs_r
 *fill*         0x0000000008007fe2        0x2 
 .text._svfprintf_r
                0x0000000008007fe4      0x1e8 /home/pablo/Ac6/SystemWorkbench/plugins/fr.ac6.mcu.externaltools.arm-none.linux64_1.15.0.201708311556/tools/compiler/bin/../lib/gcc/arm-none-eabi/6.3.1/../../../../arm-none-eabi/lib/thumb/v7e-m/fpv4-sp/hard/libc_nano.a(lib_a-nano-svfprintf.o)
                0x0000000008007fe4                _svfprintf_r
                0x0000000008007fe4                _svfiprintf_r
 .text.__ascii_wctomb
                0x00000000080081cc       0x1a /home/pablo/Ac6/SystemWorkbench/plugins/fr.ac6.mcu.externaltools.arm-none.linux64_1.15.0.201708311556/tools/compiler/bin/../lib/gcc/arm-none-eabi/6.3.1/../../../../arm-none-eabi/lib/thumb/v7e-m/fpv4-sp/hard/libc_nano.a(lib_a-wctomb_r.o)
                0x00000000080081cc                __ascii_wctomb
 .text.memmove  0x00000000080081e6       0x34 /home/pablo/Ac6/SystemWorkbench/plugins/fr.ac6.mcu.externaltools.arm-none.linux64_1.15.0.201708311556/tools/compiler/bin/../lib/gcc/arm-none-eabi/6.3.1/../../../../arm-none-eabi/lib/thumb/v7e-m/fpv4-sp/hard/libc_nano.a(lib_a-memmove.o)
                0x00000000080081e6                memmove
 .text._realloc_r
                0x000000000800821a       0x4c /home/pablo/Ac6/SystemWorkbench/plugins/fr.ac6.mcu.externaltools.arm-none.linux64_1.15.0.201708311556/tools/compiler/bin/../lib/gcc/arm-none-eabi/6.3.1/../../../../arm-none-eabi/lib/thumb/v7e-m/fpv4-sp/hard/libc_nano.a(lib_a-nano-reallocr.o)
                0x000000000800821a                _realloc_r
 .text._malloc_usable_size_r
                0x0000000008008266       0x12 /home/pablo/Ac6/SystemWorkbench/plugins/fr.ac6.mcu.externaltools.arm-none.linux64_1.15.0.201708311556/tools/compiler/bin/../lib/gcc/arm-none-eabi/6.3.1/../../../../arm-none-eabi/lib/thumb/v7e-m/fpv4-sp/hard/libc_nano.a(lib_a-nano-msizer.o)
                0x0000000008008266                _malloc_usable_size_r
 .text._sbrk    0x0000000008008278       0x1c /home/pablo/Ac6/SystemWorkbench/plugins/fr.ac6.mcu.externaltools.arm-none.linux64_1.15.0.201708311556/tools/compiler/bin/../lib/gcc/arm-none-eabi/6.3.1/../../../../arm-none-eabi/lib/thumb/v7e-m/fpv4-sp/hard/libnosys.a(sbrk.o)
                0x0000000008008278                _sbrk
 *(.glue_7)
 .glue_7        0x0000000008008294        0x0 linker stubs
 *(.glue_7t)
 .glue_7t       0x0000000008008294        0x0 linker stubs
 *(.eh_frame)
 .eh_frame      0x0000000008008294        0x0 /home/pablo/Ac6/SystemWorkbench/plugins/fr.ac6.mcu.externaltools.arm-none.linux64_1.15.0.201708311556/tools/compiler/bin/../lib/gcc/arm-none-eabi/6.3.1/thumb/v7e-m/fpv4-sp/hard/crtbegin.o
 *(.init)
 .init          0x0000000008008294        0x4 /home/pablo/Ac6/SystemWorkbench/plugins/fr.ac6.mcu.externaltools.arm-none.linux64_1.15.0.201708311556/tools/compiler/bin/../lib/gcc/arm-none-eabi/6.3.1/thumb/v7e-m/fpv4-sp/hard/crti.o
                0x0000000008008294                _init
 .init          0x0000000008008298        0x8 /home/pablo/Ac6/SystemWorkbench/plugins/fr.ac6.mcu.externaltools.arm-none.linux64_1.15.0.201708311556/tools/compiler/bin/../lib/gcc/arm-none-eabi/6.3.1/thumb/v7e-m/fpv4-sp/hard/crtn.o
 *(.fini)
 .fini          0x00000000080082a0        0x4 /home/pablo/Ac6/SystemWorkbench/plugins/fr.ac6.mcu.externaltools.arm-none.linux64_1.15.0.201708311556/tools/compiler/bin/../lib/gcc/arm-none-eabi/6.3.1/thumb/v7e-m/fpv4-sp/hard/crti.o
                0x00000000080082a0                _fini
 .fini          0x00000000080082a4        0x8 /home/pablo/Ac6/SystemWorkbench/plugins/fr.ac6.mcu.externaltools.arm-none.linux64_1.15.0.201708311556/tools/compiler/bin/../lib/gcc/arm-none-eabi/6.3.1/thumb/v7e-m/fpv4-sp/hard/crtn.o
                0x00000000080082ac                . = ALIGN (0x4)
                0x00000000080082ac                _etext = .

.vfp11_veneer   0x00000000080082ac        0x0
 .vfp11_veneer  0x00000000080082ac        0x0 linker stubs

.v4_bx          0x00000000080082ac        0x0
 .v4_bx         0x00000000080082ac        0x0 linker stubs

.iplt           0x00000000080082ac        0x0
 .iplt          0x00000000080082ac        0x0 /home/pablo/Ac6/SystemWorkbench/plugins/fr.ac6.mcu.externaltools.arm-none.linux64_1.15.0.201708311556/tools/compiler/bin/../lib/gcc/arm-none-eabi/6.3.1/thumb/v7e-m/fpv4-sp/hard/crtbegin.o

.rodata         0x00000000080082b0      0x2b8
                0x00000000080082b0                . = ALIGN (0x4)
 *(.rodata)
 .rodata        0x00000000080082b0       0x18 Src/system_stm32f4xx.o
                0x00000000080082b0                AHBPrescTable
                0x00000000080082c0                APBPrescTable
 *(.rodata*)
 .rodata.str1.4
                0x00000000080082c8        0xe Src/main.o
 *fill*         0x00000000080082d6        0x2 
 .rodata.str1.4
                0x00000000080082d8       0x30 Src/sensor.o
                                         0x2d (size before relaxing)
 .rodata._printf_float.str1.1
                0x0000000008008308       0x12 /home/pablo/Ac6/SystemWorkbench/plugins/fr.ac6.mcu.externaltools.arm-none.linux64_1.15.0.201708311556/tools/compiler/bin/../lib/gcc/arm-none-eabi/6.3.1/../../../../arm-none-eabi/lib/thumb/v7e-m/fpv4-sp/hard/libc_nano.a(lib_a-nano-vfprintf_float.o)
 .rodata._printf_i.str1.1
                0x000000000800831a       0x22 /home/pablo/Ac6/SystemWorkbench/plugins/fr.ac6.mcu.externaltools.arm-none.linux64_1.15.0.201708311556/tools/compiler/bin/../lib/gcc/arm-none-eabi/6.3.1/../../../../arm-none-eabi/lib/thumb/v7e-m/fpv4-sp/hard/libc_nano.a(lib_a-nano-vfprintf_i.o)
 .rodata._dtoa_r.str1.1
                0x000000000800833c        0xd /home/pablo/Ac6/SystemWorkbench/plugins/fr.ac6.mcu.externaltools.arm-none.linux64_1.15.0.201708311556/tools/compiler/bin/../lib/gcc/arm-none-eabi/6.3.1/../../../../arm-none-eabi/lib/thumb/v7e-m/fpv4-sp/hard/libc_nano.a(lib_a-dtoa.o)
                                          0xf (size before relaxing)
 .rodata._setlocale_r.str1.1
                0x0000000008008349        0x8 /home/pablo/Ac6/SystemWorkbench/plugins/fr.ac6.mcu.externaltools.arm-none.linux64_1.15.0.201708311556/tools/compiler/bin/../lib/gcc/arm-none-eabi/6.3.1/../../../../arm-none-eabi/lib/thumb/v7e-m/fpv4-sp/hard/libc_nano.a(lib_a-locale.o)
                                          0x9 (size before relaxing)
 .rodata.str1.1
                0x0000000008008351        0x2 /home/pablo/Ac6/SystemWorkbench/plugins/fr.ac6.mcu.externaltools.arm-none.linux64_1.15.0.201708311556/tools/compiler/bin/../lib/gcc/arm-none-eabi/6.3.1/../../../../arm-none-eabi/lib/thumb/v7e-m/fpv4-sp/hard/libc_nano.a(lib_a-locale.o)
 *fill*         0x0000000008008353        0x5 
 .rodata.__mprec_bigtens
                0x0000000008008358       0x28 /home/pablo/Ac6/SystemWorkbench/plugins/fr.ac6.mcu.externaltools.arm-none.linux64_1.15.0.201708311556/tools/compiler/bin/../lib/gcc/arm-none-eabi/6.3.1/../../../../arm-none-eabi/lib/thumb/v7e-m/fpv4-sp/hard/libc_nano.a(lib_a-mprec.o)
                0x0000000008008358                __mprec_bigtens
 .rodata.__mprec_tens
                0x0000000008008380       0xc8 /home/pablo/Ac6/SystemWorkbench/plugins/fr.ac6.mcu.externaltools.arm-none.linux64_1.15.0.201708311556/tools/compiler/bin/../lib/gcc/arm-none-eabi/6.3.1/../../../../arm-none-eabi/lib/thumb/v7e-m/fpv4-sp/hard/libc_nano.a(lib_a-mprec.o)
                0x0000000008008380                __mprec_tens
 .rodata.p05.7170
                0x0000000008008448        0xc /home/pablo/Ac6/SystemWorkbench/plugins/fr.ac6.mcu.externaltools.arm-none.linux64_1.15.0.201708311556/tools/compiler/bin/../lib/gcc/arm-none-eabi/6.3.1/../../../../arm-none-eabi/lib/thumb/v7e-m/fpv4-sp/hard/libc_nano.a(lib_a-mprec.o)
 .rodata._svfprintf_r.str1.1
                0x0000000008008454       0x11 /home/pablo/Ac6/SystemWorkbench/plugins/fr.ac6.mcu.externaltools.arm-none.linux64_1.15.0.201708311556/tools/compiler/bin/../lib/gcc/arm-none-eabi/6.3.1/../../../../arm-none-eabi/lib/thumb/v7e-m/fpv4-sp/hard/libc_nano.a(lib_a-nano-svfprintf.o)
 .rodata._ctype_
                0x0000000008008465      0x101 /home/pablo/Ac6/SystemWorkbench/plugins/fr.ac6.mcu.externaltools.arm-none.linux64_1.15.0.201708311556/tools/compiler/bin/../lib/gcc/arm-none-eabi/6.3.1/../../../../arm-none-eabi/lib/thumb/v7e-m/fpv4-sp/hard/libc_nano.a(lib_a-ctype_.o)
                0x0000000008008465                _ctype_
                0x0000000008008568                . = ALIGN (0x4)
 *fill*         0x0000000008008566        0x2 

.ARM.extab
 *(.ARM.extab* .gnu.linkonce.armextab.*)

.ARM            0x0000000008008568        0x8
                0x0000000008008568                __exidx_start = .
 *(.ARM.exidx*)
 .ARM.exidx     0x0000000008008568        0x8 /home/pablo/Ac6/SystemWorkbench/plugins/fr.ac6.mcu.externaltools.arm-none.linux64_1.15.0.201708311556/tools/compiler/bin/../lib/gcc/arm-none-eabi/6.3.1/thumb/v7e-m/fpv4-sp/hard/libgcc.a(_udivmoddi4.o)
                0x0000000008008570                __exidx_end = .

.rel.dyn        0x0000000008008570        0x0
 .rel.iplt      0x0000000008008570        0x0 /home/pablo/Ac6/SystemWorkbench/plugins/fr.ac6.mcu.externaltools.arm-none.linux64_1.15.0.201708311556/tools/compiler/bin/../lib/gcc/arm-none-eabi/6.3.1/thumb/v7e-m/fpv4-sp/hard/crtbegin.o

.preinit_array  0x0000000008008570        0x0
                0x0000000008008570                PROVIDE (__preinit_array_start, .)
 *(.preinit_array*)
                0x0000000008008570                PROVIDE (__preinit_array_end, .)

.init_array     0x0000000008008570        0x4
                0x0000000008008570                PROVIDE (__init_array_start, .)
 *(SORT(.init_array.*))
 *(.init_array*)
 .init_array    0x0000000008008570        0x4 /home/pablo/Ac6/SystemWorkbench/plugins/fr.ac6.mcu.externaltools.arm-none.linux64_1.15.0.201708311556/tools/compiler/bin/../lib/gcc/arm-none-eabi/6.3.1/thumb/v7e-m/fpv4-sp/hard/crtbegin.o
                0x0000000008008574                PROVIDE (__init_array_end, .)

.fini_array     0x0000000008008574        0x4
                [!provide]                        PROVIDE (__fini_array_start, .)
 *(SORT(.fini_array.*))
 *(.fini_array*)
 .fini_array    0x0000000008008574        0x4 /home/pablo/Ac6/SystemWorkbench/plugins/fr.ac6.mcu.externaltools.arm-none.linux64_1.15.0.201708311556/tools/compiler/bin/../lib/gcc/arm-none-eabi/6.3.1/thumb/v7e-m/fpv4-sp/hard/crtbegin.o
                [!provide]                        PROVIDE (__fini_array_end, .)
                0x0000000008008578                _sidata = LOADADDR (.data)

.data           0x0000000020000000      0x438 load address 0x0000000008008578
                0x0000000020000000                . = ALIGN (0x4)
                0x0000000020000000                _sdata = .
 *(.data)
 .data          0x0000000020000000        0x8 Drivers/STM32F4xx_HAL_Driver/Src/stm32f4xx_hal.o
                0x0000000020000000                uwTickFreq
                0x0000000020000004                uwTickPrio
 .data          0x0000000020000008       0x34 Src/lsm303dlhc.o
                0x0000000020000008                Lsm303dlhcDrv
 .data          0x000000002000003c      0x110 Src/parser.o
                0x000000002000003c                pwm_values
 .data          0x000000002000014c       0x9c Src/sensor.o
 .data          0x00000000200001e8       0x1c Src/stm32f411e_discovery.o
                0x00000000200001e8                SpixTimeout
                0x00000000200001ec                I2cxTimeout
                0x00000000200001f0                GPIO_PORT
                0x0000000020000200                BUTTON_PORT
 .data          0x0000000020000204        0x4 Src/system_stm32f4xx.o
                0x0000000020000204                SystemCoreClock
 .data          0x0000000020000208       0x30 Src/uart.o
 .data          0x0000000020000238       0x30 Src/usb.o
 *(.data*)
 .data._impure_ptr
                0x0000000020000268        0x4 /home/pablo/Ac6/SystemWorkbench/plugins/fr.ac6.mcu.externaltools.arm-none.linux64_1.15.0.201708311556/tools/compiler/bin/../lib/gcc/arm-none-eabi/6.3.1/../../../../arm-none-eabi/lib/thumb/v7e-m/fpv4-sp/hard/libc_nano.a(lib_a-impure.o)
                0x0000000020000268                _impure_ptr
 .data.impure_data
                0x000000002000026c       0x60 /home/pablo/Ac6/SystemWorkbench/plugins/fr.ac6.mcu.externaltools.arm-none.linux64_1.15.0.201708311556/tools/compiler/bin/../lib/gcc/arm-none-eabi/6.3.1/../../../../arm-none-eabi/lib/thumb/v7e-m/fpv4-sp/hard/libc_nano.a(lib_a-impure.o)
 .data.__global_locale
                0x00000000200002cc      0x16c /home/pablo/Ac6/SystemWorkbench/plugins/fr.ac6.mcu.externaltools.arm-none.linux64_1.15.0.201708311556/tools/compiler/bin/../lib/gcc/arm-none-eabi/6.3.1/../../../../arm-none-eabi/lib/thumb/v7e-m/fpv4-sp/hard/libc_nano.a(lib_a-locale.o)
                0x00000000200002cc                __global_locale
                0x0000000020000438                . = ALIGN (0x4)
                0x0000000020000438                _edata = .

.jcr            0x0000000020000438        0x0 load address 0x00000000080089b0
 .jcr           0x0000000020000438        0x0 /home/pablo/Ac6/SystemWorkbench/plugins/fr.ac6.mcu.externaltools.arm-none.linux64_1.15.0.201708311556/tools/compiler/bin/../lib/gcc/arm-none-eabi/6.3.1/thumb/v7e-m/fpv4-sp/hard/crtbegin.o

.igot.plt       0x0000000020000438        0x0 load address 0x00000000080089b0
 .igot.plt      0x0000000020000438        0x0 /home/pablo/Ac6/SystemWorkbench/plugins/fr.ac6.mcu.externaltools.arm-none.linux64_1.15.0.201708311556/tools/compiler/bin/../lib/gcc/arm-none-eabi/6.3.1/thumb/v7e-m/fpv4-sp/hard/crtbegin.o
                0x0000000020000438                . = ALIGN (0x4)

.bss            0x0000000020000438      0xb1c load address 0x00000000080089b0
                0x0000000020000438                _sbss = .
                0x0000000020000438                __bss_start__ = _sbss
 *(.bss)
 .bss           0x0000000020000438       0x1c /home/pablo/Ac6/SystemWorkbench/plugins/fr.ac6.mcu.externaltools.arm-none.linux64_1.15.0.201708311556/tools/compiler/bin/../lib/gcc/arm-none-eabi/6.3.1/thumb/v7e-m/fpv4-sp/hard/crtbegin.o
 .bss           0x0000000020000454        0x1 Middlewares/ST/STM32_USB_Device_Library/Core/Src/usbd_ctlreq.o
 *fill*         0x0000000020000455        0x3 
 .bss           0x0000000020000458       0x1b Src/parser.o
 *fill*         0x0000000020000473        0x1 
 .bss           0x0000000020000474        0x7 Src/sensor.o
                0x0000000020000474                sensor_timer
 *fill*         0x000000002000047b        0x1 
 .bss           0x000000002000047c       0xac Src/stm32f411e_discovery.o
 .bss           0x0000000020000528        0x4 Src/stm32f411e_discovery_accelerometer.o
 .bss           0x000000002000052c        0x4 Src/stm32f411e_discovery_gyroscope.o
 .bss           0x0000000020000530        0x8 Src/usb.o
                0x0000000020000530                usb_flag
                0x0000000020000534                usb_count
 *(.bss*)
 .bss.__malloc_free_list
                0x0000000020000538        0x4 /home/pablo/Ac6/SystemWorkbench/plugins/fr.ac6.mcu.externaltools.arm-none.linux64_1.15.0.201708311556/tools/compiler/bin/../lib/gcc/arm-none-eabi/6.3.1/../../../../arm-none-eabi/lib/thumb/v7e-m/fpv4-sp/hard/libc_nano.a(lib_a-nano-mallocr.o)
                0x0000000020000538                __malloc_free_list
 .bss.__malloc_sbrk_start
                0x000000002000053c        0x4 /home/pablo/Ac6/SystemWorkbench/plugins/fr.ac6.mcu.externaltools.arm-none.linux64_1.15.0.201708311556/tools/compiler/bin/../lib/gcc/arm-none-eabi/6.3.1/../../../../arm-none-eabi/lib/thumb/v7e-m/fpv4-sp/hard/libc_nano.a(lib_a-nano-mallocr.o)
                0x000000002000053c                __malloc_sbrk_start
 .bss.heap_end.5239
                0x0000000020000540        0x4 /home/pablo/Ac6/SystemWorkbench/plugins/fr.ac6.mcu.externaltools.arm-none.linux64_1.15.0.201708311556/tools/compiler/bin/../lib/gcc/arm-none-eabi/6.3.1/../../../../arm-none-eabi/lib/thumb/v7e-m/fpv4-sp/hard/libnosys.a(sbrk.o)
 *(COMMON)
 COMMON         0x0000000020000544        0x4 Drivers/STM32F4xx_HAL_Driver/Src/stm32f4xx_hal.o
                0x0000000020000544                uwTick
 COMMON         0x0000000020000548      0x1e4 Src/main.o
                0x0000000020000548                htim4
                0x0000000020000584                hi2c1
                0x00000000200005d8                sensorA
                0x00000000200005e4                htim10
                0x0000000020000620                htim3
                0x000000002000065c                uart_rx
                0x0000000020000670                sensorG
                0x000000002000067c                sensorT
                0x0000000020000688                hspi1
                0x00000000200006e0                huart2
                0x0000000020000720                sensorC
 COMMON         0x000000002000072c      0x10c Src/uart.o
                0x000000002000072c                uart_flag
                0x0000000020000730                uart_count
                0x0000000020000734                rb_uart
 COMMON         0x0000000020000838      0x104 Src/usb.o
                0x0000000020000838                rb_usb
 COMMON         0x000000002000093c      0x224 Src/usb_device.o
                0x000000002000093c                hUsbDeviceFS
 COMMON         0x0000000020000b60      0x3f0 Src/usbd_conf.o
                0x0000000020000b60                hpcd_USB_OTG_FS
 COMMON         0x0000000020000f50        0x4 /home/pablo/Ac6/SystemWorkbench/plugins/fr.ac6.mcu.externaltools.arm-none.linux64_1.15.0.201708311556/tools/compiler/bin/../lib/gcc/arm-none-eabi/6.3.1/../../../../arm-none-eabi/lib/thumb/v7e-m/fpv4-sp/hard/libc_nano.a(lib_a-reent.o)
                0x0000000020000f50                errno
                0x0000000020000f54                . = ALIGN (0x4)
                0x0000000020000f54                _ebss = .
                0x0000000020000f54                __bss_end__ = _ebss

._user_heap_stack
                0x0000000020000f54      0x604 load address 0x00000000080089b0
                0x0000000020000f58                . = ALIGN (0x8)
 *fill*         0x0000000020000f54        0x4 
                0x0000000020000f58                PROVIDE (end, .)
                [!provide]                        PROVIDE (_end, .)
                0x0000000020001158                . = (. + _Min_Heap_Size)
 *fill*         0x0000000020000f58      0x200 
                0x0000000020001558                . = (. + _Min_Stack_Size)
 *fill*         0x0000000020001158      0x400 
                0x0000000020001558                . = ALIGN (0x8)

/DISCARD/
 libc.a(*)
 libm.a(*)
 libgcc.a(*)

.ARM.attributes
                0x0000000000000000       0x30
 *(.ARM.attributes)
 .ARM.attributes
                0x0000000000000000       0x22 /home/pablo/Ac6/SystemWorkbench/plugins/fr.ac6.mcu.externaltools.arm-none.linux64_1.15.0.201708311556/tools/compiler/bin/../lib/gcc/arm-none-eabi/6.3.1/thumb/v7e-m/fpv4-sp/hard/crti.o
 .ARM.attributes
                0x0000000000000022       0x34 /home/pablo/Ac6/SystemWorkbench/plugins/fr.ac6.mcu.externaltools.arm-none.linux64_1.15.0.201708311556/tools/compiler/bin/../lib/gcc/arm-none-eabi/6.3.1/thumb/v7e-m/fpv4-sp/hard/crtbegin.o
 .ARM.attributes
                0x0000000000000056       0x39 Drivers/STM32F4xx_HAL_Driver/Src/stm32f4xx_hal.o
 .ARM.attributes
                0x000000000000008f       0x39 Drivers/STM32F4xx_HAL_Driver/Src/stm32f4xx_hal_cortex.o
 .ARM.attributes
                0x00000000000000c8       0x39 Drivers/STM32F4xx_HAL_Driver/Src/stm32f4xx_hal_dma.o
 .ARM.attributes
                0x0000000000000101       0x39 Drivers/STM32F4xx_HAL_Driver/Src/stm32f4xx_hal_gpio.o
 .ARM.attributes
                0x000000000000013a       0x39 Drivers/STM32F4xx_HAL_Driver/Src/stm32f4xx_hal_i2c.o
 .ARM.attributes
                0x0000000000000173       0x39 Drivers/STM32F4xx_HAL_Driver/Src/stm32f4xx_hal_pcd.o
 .ARM.attributes
                0x00000000000001ac       0x39 Drivers/STM32F4xx_HAL_Driver/Src/stm32f4xx_hal_rcc.o
 .ARM.attributes
                0x00000000000001e5       0x39 Drivers/STM32F4xx_HAL_Driver/Src/stm32f4xx_hal_spi.o
 .ARM.attributes
                0x000000000000021e       0x39 Drivers/STM32F4xx_HAL_Driver/Src/stm32f4xx_hal_tim.o
 .ARM.attributes
                0x0000000000000257       0x39 Drivers/STM32F4xx_HAL_Driver/Src/stm32f4xx_hal_tim_ex.o
 .ARM.attributes
                0x0000000000000290       0x39 Drivers/STM32F4xx_HAL_Driver/Src/stm32f4xx_hal_uart.o
 .ARM.attributes
                0x00000000000002c9       0x39 Drivers/STM32F4xx_HAL_Driver/Src/stm32f4xx_ll_usb.o
 .ARM.attributes
                0x0000000000000302       0x39 Middlewares/ST/STM32_USB_Device_Library/Class/CDC/Src/usbd_cdc.o
 .ARM.attributes
                0x000000000000033b       0x39 Middlewares/ST/STM32_USB_Device_Library/Core/Src/usbd_core.o
 .ARM.attributes
                0x0000000000000374       0x39 Middlewares/ST/STM32_USB_Device_Library/Core/Src/usbd_ctlreq.o
 .ARM.attributes
                0x00000000000003ad       0x39 Middlewares/ST/STM32_USB_Device_Library/Core/Src/usbd_ioreq.o
 .ARM.attributes
                0x00000000000003e6       0x39 Src/fsm.o
 .ARM.attributes
                0x000000000000041f       0x39 Src/lsm303dlhc.o
 .ARM.attributes
                0x0000000000000458       0x39 Src/main.o
 .ARM.attributes
                0x0000000000000491       0x39 Src/parser.o
 .ARM.attributes
                0x00000000000004ca       0x39 Src/ring_buf.o
 .ARM.attributes
                0x0000000000000503       0x39 Src/sensor.o
 .ARM.attributes
                0x000000000000053c       0x39 Src/stm32f411e_discovery.o
 .ARM.attributes
                0x0000000000000575       0x39 Src/stm32f411e_discovery_accelerometer.o
 .ARM.attributes
                0x00000000000005ae       0x39 Src/stm32f411e_discovery_gyroscope.o
 .ARM.attributes
                0x00000000000005e7       0x39 Src/stm32f4xx_hal_msp.o
 .ARM.attributes
                0x0000000000000620       0x39 Src/stm32f4xx_it.o
 .ARM.attributes
                0x0000000000000659       0x39 Src/system_stm32f4xx.o
 .ARM.attributes
                0x0000000000000692       0x39 Src/uart.o
 .ARM.attributes
                0x00000000000006cb       0x39 Src/usb.o
 .ARM.attributes
                0x0000000000000704       0x39 Src/usb_device.o
 .ARM.attributes
                0x000000000000073d       0x39 Src/usbd_conf.o
 .ARM.attributes
                0x0000000000000776       0x21 startup/startup_stm32f411xe.o
 .ARM.attributes
                0x0000000000000797       0x22 /home/pablo/Ac6/SystemWorkbench/plugins/fr.ac6.mcu.externaltools.arm-none.linux64_1.15.0.201708311556/tools/compiler/bin/../lib/gcc/arm-none-eabi/6.3.1/thumb/v7e-m/fpv4-sp/hard/libgcc.a(_arm_addsubdf3.o)
 .ARM.attributes
                0x00000000000007b9       0x22 /home/pablo/Ac6/SystemWorkbench/plugins/fr.ac6.mcu.externaltools.arm-none.linux64_1.15.0.201708311556/tools/compiler/bin/../lib/gcc/arm-none-eabi/6.3.1/thumb/v7e-m/fpv4-sp/hard/libgcc.a(_aeabi_uldivmod.o)
 .ARM.attributes
                0x00000000000007db       0x34 /home/pablo/Ac6/SystemWorkbench/plugins/fr.ac6.mcu.externaltools.arm-none.linux64_1.15.0.201708311556/tools/compiler/bin/../lib/gcc/arm-none-eabi/6.3.1/thumb/v7e-m/fpv4-sp/hard/libgcc.a(_udivmoddi4.o)
 .ARM.attributes
                0x000000000000080f       0x22 /home/pablo/Ac6/SystemWorkbench/plugins/fr.ac6.mcu.externaltools.arm-none.linux64_1.15.0.201708311556/tools/compiler/bin/../lib/gcc/arm-none-eabi/6.3.1/thumb/v7e-m/fpv4-sp/hard/libgcc.a(_dvmd_tls.o)
 .ARM.attributes
                0x0000000000000831       0x34 /home/pablo/Ac6/SystemWorkbench/plugins/fr.ac6.mcu.externaltools.arm-none.linux64_1.15.0.201708311556/tools/compiler/bin/../lib/gcc/arm-none-eabi/6.3.1/../../../../arm-none-eabi/lib/thumb/v7e-m/fpv4-sp/hard/libc_nano.a(lib_a-atoi.o)
 .ARM.attributes
                0x0000000000000865       0x34 /home/pablo/Ac6/SystemWorkbench/plugins/fr.ac6.mcu.externaltools.arm-none.linux64_1.15.0.201708311556/tools/compiler/bin/../lib/gcc/arm-none-eabi/6.3.1/../../../../arm-none-eabi/lib/thumb/v7e-m/fpv4-sp/hard/libc_nano.a(lib_a-impure.o)
 .ARM.attributes
                0x0000000000000899       0x34 /home/pablo/Ac6/SystemWorkbench/plugins/fr.ac6.mcu.externaltools.arm-none.linux64_1.15.0.201708311556/tools/compiler/bin/../lib/gcc/arm-none-eabi/6.3.1/../../../../arm-none-eabi/lib/thumb/v7e-m/fpv4-sp/hard/libc_nano.a(lib_a-init.o)
 .ARM.attributes
                0x00000000000008cd       0x34 /home/pablo/Ac6/SystemWorkbench/plugins/fr.ac6.mcu.externaltools.arm-none.linux64_1.15.0.201708311556/tools/compiler/bin/../lib/gcc/arm-none-eabi/6.3.1/../../../../arm-none-eabi/lib/thumb/v7e-m/fpv4-sp/hard/libc_nano.a(lib_a-malloc.o)
 .ARM.attributes
                0x0000000000000901       0x34 /home/pablo/Ac6/SystemWorkbench/plugins/fr.ac6.mcu.externaltools.arm-none.linux64_1.15.0.201708311556/tools/compiler/bin/../lib/gcc/arm-none-eabi/6.3.1/../../../../arm-none-eabi/lib/thumb/v7e-m/fpv4-sp/hard/libc_nano.a(lib_a-memset.o)
 .ARM.attributes
                0x0000000000000935       0x34 /home/pablo/Ac6/SystemWorkbench/plugins/fr.ac6.mcu.externaltools.arm-none.linux64_1.15.0.201708311556/tools/compiler/bin/../lib/gcc/arm-none-eabi/6.3.1/../../../../arm-none-eabi/lib/thumb/v7e-m/fpv4-sp/hard/libc_nano.a(lib_a-nano-freer.o)
 .ARM.attributes
                0x0000000000000969       0x34 /home/pablo/Ac6/SystemWorkbench/plugins/fr.ac6.mcu.externaltools.arm-none.linux64_1.15.0.201708311556/tools/compiler/bin/../lib/gcc/arm-none-eabi/6.3.1/../../../../arm-none-eabi/lib/thumb/v7e-m/fpv4-sp/hard/libc_nano.a(lib_a-nano-mallocr.o)
 .ARM.attributes
                0x000000000000099d       0x34 /home/pablo/Ac6/SystemWorkbench/plugins/fr.ac6.mcu.externaltools.arm-none.linux64_1.15.0.201708311556/tools/compiler/bin/../lib/gcc/arm-none-eabi/6.3.1/../../../../arm-none-eabi/lib/thumb/v7e-m/fpv4-sp/hard/libc_nano.a(lib_a-nano-vfprintf_float.o)
 .ARM.attributes
                0x00000000000009d1       0x34 /home/pablo/Ac6/SystemWorkbench/plugins/fr.ac6.mcu.externaltools.arm-none.linux64_1.15.0.201708311556/tools/compiler/bin/../lib/gcc/arm-none-eabi/6.3.1/../../../../arm-none-eabi/lib/thumb/v7e-m/fpv4-sp/hard/libc_nano.a(lib_a-nano-vfprintf_i.o)
 .ARM.attributes
                0x0000000000000a05       0x34 /home/pablo/Ac6/SystemWorkbench/plugins/fr.ac6.mcu.externaltools.arm-none.linux64_1.15.0.201708311556/tools/compiler/bin/../lib/gcc/arm-none-eabi/6.3.1/../../../../arm-none-eabi/lib/thumb/v7e-m/fpv4-sp/hard/libc_nano.a(lib_a-sbrkr.o)
 .ARM.attributes
                0x0000000000000a39       0x34 /home/pablo/Ac6/SystemWorkbench/plugins/fr.ac6.mcu.externaltools.arm-none.linux64_1.15.0.201708311556/tools/compiler/bin/../lib/gcc/arm-none-eabi/6.3.1/../../../../arm-none-eabi/lib/thumb/v7e-m/fpv4-sp/hard/libc_nano.a(lib_a-sprintf.o)
 .ARM.attributes
                0x0000000000000a6d       0x1b /home/pablo/Ac6/SystemWorkbench/plugins/fr.ac6.mcu.externaltools.arm-none.linux64_1.15.0.201708311556/tools/compiler/bin/../lib/gcc/arm-none-eabi/6.3.1/../../../../arm-none-eabi/lib/thumb/v7e-m/fpv4-sp/hard/libc_nano.a(lib_a-strlen.o)
 .ARM.attributes